<?xml version="1.0" encoding="ISO-8859-1" ?>
<link_info>
   <banner>TI ARM Linker PC v18.1.3.LTS</banner>
   <copyright>Copyright (c) 1996-2017 Texas Instruments Incorporated</copyright>
   <link_time>0x5c3eab8a</link_time>
   <link_errors>0x0</link_errors>
   <output_file>rfPacketTx_CC26X2R1_LAUNCHXL_nortos_ccs.out</output_file>
   <entry_point>
      <name>resetISR</name>
      <address>0x41b9</address>
   </entry_point>
   <input_file_list>
      <input_file id="fl-2">
         <path>.\</path>
         <kind>object</kind>
         <file>CC26X2R1_LAUNCHXL.obj</file>
         <name>CC26X2R1_LAUNCHXL.obj</name>
      </input_file>
      <input_file id="fl-3">
         <path>.\</path>
         <kind>object</kind>
         <file>CC26X2R1_LAUNCHXL_fxns.obj</file>
         <name>CC26X2R1_LAUNCHXL_fxns.obj</name>
      </input_file>
      <input_file id="fl-4">
         <path>.\</path>
         <kind>object</kind>
         <file>ccfg.obj</file>
         <name>ccfg.obj</name>
      </input_file>
      <input_file id="fl-5">
         <path>.\</path>
         <kind>object</kind>
         <file>main_nortos.obj</file>
         <name>main_nortos.obj</name>
      </input_file>
      <input_file id="fl-6">
         <path>.\</path>
         <kind>object</kind>
         <file>rfPacketTx.obj</file>
         <name>rfPacketTx.obj</name>
      </input_file>
      <input_file id="fl-7">
         <path>.\smartrf_settings\</path>
         <kind>object</kind>
         <file>smartrf_settings.obj</file>
         <name>smartrf_settings.obj</name>
      </input_file>
      <input_file id="fl-12">
         <kind>object</kind>
         <file>&lt;internal&gt;</file>
         <name>&lt;internal&gt;</name>
      </input_file>
      <input_file id="fl-13">
         <path>C:\ti\simplelink_cc26x2_sdk_2_20_00_36\source\ti\display\lib\</path>
         <kind>archive</kind>
         <file>display.aem4f</file>
         <name>DisplayUart.oem4f</name>
      </input_file>
      <input_file id="fl-14">
         <path>C:\ti\simplelink_cc26x2_sdk_2_20_00_36\source\ti\drivers\rf\lib\</path>
         <kind>archive</kind>
         <file>rf_multiMode_cc26x2_v1.aem4f</file>
         <name>RFCC26X2_multiMode.oem4f</name>
      </input_file>
      <input_file id="fl-15">
         <path>C:\ti\simplelink_cc26x2_sdk_2_20_00_36\source\ti\drivers\lib\</path>
         <kind>archive</kind>
         <file>drivers_cc26x2_v1.aem4f</file>
         <name>NVSSPI25X.oem4f</name>
      </input_file>
      <input_file id="fl-16">
         <path>C:\ti\simplelink_cc26x2_sdk_2_20_00_36\source\ti\drivers\lib\</path>
         <kind>archive</kind>
         <file>drivers_cc26x2_v1.aem4f</file>
         <name>SDSPI.oem4f</name>
      </input_file>
      <input_file id="fl-17">
         <path>C:\ti\simplelink_cc26x2_sdk_2_20_00_36\source\ti\drivers\lib\</path>
         <kind>archive</kind>
         <file>drivers_cc26x2_v1.aem4f</file>
         <name>List.oem4f</name>
      </input_file>
      <input_file id="fl-18">
         <path>C:\ti\simplelink_cc26x2_sdk_2_20_00_36\source\ti\drivers\lib\</path>
         <kind>archive</kind>
         <file>drivers_cc26x2_v1.aem4f</file>
         <name>ADCCC26XX.oem4f</name>
      </input_file>
      <input_file id="fl-19">
         <path>C:\ti\simplelink_cc26x2_sdk_2_20_00_36\source\ti\drivers\lib\</path>
         <kind>archive</kind>
         <file>drivers_cc26x2_v1.aem4f</file>
         <name>ADCBufCC26X2.oem4f</name>
      </input_file>
      <input_file id="fl-1a">
         <path>C:\ti\simplelink_cc26x2_sdk_2_20_00_36\source\ti\drivers\lib\</path>
         <kind>archive</kind>
         <file>drivers_cc26x2_v1.aem4f</file>
         <name>UDMACC26XX.oem4f</name>
      </input_file>
      <input_file id="fl-1b">
         <path>C:\ti\simplelink_cc26x2_sdk_2_20_00_36\source\ti\drivers\lib\</path>
         <kind>archive</kind>
         <file>drivers_cc26x2_v1.aem4f</file>
         <name>GPIOCC26XX.oem4f</name>
      </input_file>
      <input_file id="fl-1c">
         <path>C:\ti\simplelink_cc26x2_sdk_2_20_00_36\source\ti\drivers\lib\</path>
         <kind>archive</kind>
         <file>drivers_cc26x2_v1.aem4f</file>
         <name>I2CCC26XX.oem4f</name>
      </input_file>
      <input_file id="fl-1d">
         <path>C:\ti\simplelink_cc26x2_sdk_2_20_00_36\source\ti\drivers\lib\</path>
         <kind>archive</kind>
         <file>drivers_cc26x2_v1.aem4f</file>
         <name>NVSCC26XX.oem4f</name>
      </input_file>
      <input_file id="fl-1e">
         <path>C:\ti\simplelink_cc26x2_sdk_2_20_00_36\source\ti\drivers\lib\</path>
         <kind>archive</kind>
         <file>drivers_cc26x2_v1.aem4f</file>
         <name>PINCC26XX.oem4f</name>
      </input_file>
      <input_file id="fl-1f">
         <path>C:\ti\simplelink_cc26x2_sdk_2_20_00_36\source\ti\drivers\lib\</path>
         <kind>archive</kind>
         <file>drivers_cc26x2_v1.aem4f</file>
         <name>PowerCC26X2.oem4f</name>
      </input_file>
      <input_file id="fl-20">
         <path>C:\ti\simplelink_cc26x2_sdk_2_20_00_36\source\ti\drivers\lib\</path>
         <kind>archive</kind>
         <file>drivers_cc26x2_v1.aem4f</file>
         <name>PowerCC26X2_calibrateRCOSC.oem4f</name>
      </input_file>
      <input_file id="fl-21">
         <path>C:\ti\simplelink_cc26x2_sdk_2_20_00_36\source\ti\drivers\lib\</path>
         <kind>archive</kind>
         <file>drivers_cc26x2_v1.aem4f</file>
         <name>PWMTimerCC26XX.oem4f</name>
      </input_file>
      <input_file id="fl-22">
         <path>C:\ti\simplelink_cc26x2_sdk_2_20_00_36\source\ti\drivers\lib\</path>
         <kind>archive</kind>
         <file>drivers_cc26x2_v1.aem4f</file>
         <name>SPI.oem4f</name>
      </input_file>
      <input_file id="fl-23">
         <path>C:\ti\simplelink_cc26x2_sdk_2_20_00_36\source\ti\drivers\lib\</path>
         <kind>archive</kind>
         <file>drivers_cc26x2_v1.aem4f</file>
         <name>SPICC26XXDMA.oem4f</name>
      </input_file>
      <input_file id="fl-24">
         <path>C:\ti\simplelink_cc26x2_sdk_2_20_00_36\source\ti\drivers\lib\</path>
         <kind>archive</kind>
         <file>drivers_cc26x2_v1.aem4f</file>
         <name>GPTimerCC26XX.oem4f</name>
      </input_file>
      <input_file id="fl-25">
         <path>C:\ti\simplelink_cc26x2_sdk_2_20_00_36\source\ti\drivers\lib\</path>
         <kind>archive</kind>
         <file>drivers_cc26x2_v1.aem4f</file>
         <name>UART.oem4f</name>
      </input_file>
      <input_file id="fl-26">
         <path>C:\ti\simplelink_cc26x2_sdk_2_20_00_36\source\ti\drivers\lib\</path>
         <kind>archive</kind>
         <file>drivers_cc26x2_v1.aem4f</file>
         <name>UARTCC26XX.oem4f</name>
      </input_file>
      <input_file id="fl-27">
         <path>C:\ti\simplelink_cc26x2_sdk_2_20_00_36\source\ti\drivers\lib\</path>
         <kind>archive</kind>
         <file>drivers_cc26x2_v1.aem4f</file>
         <name>WatchdogCC26XX.oem4f</name>
      </input_file>
      <input_file id="fl-28">
         <path>C:\ti\simplelink_cc26x2_sdk_2_20_00_36\source\ti\drivers\lib\</path>
         <kind>archive</kind>
         <file>drivers_cc26x2_v1.aem4f</file>
         <name>RingBuf.oem4f</name>
      </input_file>
      <input_file id="fl-29">
         <path>C:\ti\simplelink_cc26x2_sdk_2_20_00_36\source\ti\drivers\lib\</path>
         <kind>archive</kind>
         <file>drivers_cc26x2_v1.aem4f</file>
         <name>ADCBuf.oem4f</name>
      </input_file>
      <input_file id="fl-2a">
         <path>C:\ti\simplelink_cc26x2_sdk_2_20_00_36\kernel\nortos\lib\</path>
         <kind>archive</kind>
         <file>nortos_cc26x2_v1.aem4f</file>
         <name>NoRTOS.oem4f</name>
      </input_file>
      <input_file id="fl-2b">
         <path>C:\ti\simplelink_cc26x2_sdk_2_20_00_36\kernel\nortos\lib\</path>
         <kind>archive</kind>
         <file>nortos_cc26x2_v1.aem4f</file>
         <name>SemaphoreP_nortos.oem4f</name>
      </input_file>
      <input_file id="fl-2c">
         <path>C:\ti\simplelink_cc26x2_sdk_2_20_00_36\kernel\nortos\lib\</path>
         <kind>archive</kind>
         <file>nortos_cc26x2_v1.aem4f</file>
         <name>SwiP_nortos.oem4f</name>
      </input_file>
      <input_file id="fl-2d">
         <path>C:\ti\simplelink_cc26x2_sdk_2_20_00_36\kernel\nortos\lib\</path>
         <kind>archive</kind>
         <file>nortos_cc26x2_v1.aem4f</file>
         <name>SystemP_nortos.oem4f</name>
      </input_file>
      <input_file id="fl-2e">
         <path>C:\ti\simplelink_cc26x2_sdk_2_20_00_36\kernel\nortos\lib\</path>
         <kind>archive</kind>
         <file>nortos_cc26x2_v1.aem4f</file>
         <name>ClockPTimer_nortos.oem4f</name>
      </input_file>
      <input_file id="fl-2f">
         <path>C:\ti\simplelink_cc26x2_sdk_2_20_00_36\kernel\nortos\lib\</path>
         <kind>archive</kind>
         <file>nortos_cc26x2_v1.aem4f</file>
         <name>TimerPCC26XX_nortos.oem4f</name>
      </input_file>
      <input_file id="fl-30">
         <path>C:\ti\simplelink_cc26x2_sdk_2_20_00_36\kernel\nortos\lib\</path>
         <kind>archive</kind>
         <file>nortos_cc26x2_v1.aem4f</file>
         <name>HwiPCC26XX_nortos.oem4f</name>
      </input_file>
      <input_file id="fl-31">
         <path>C:\ti\simplelink_cc26x2_sdk_2_20_00_36\kernel\nortos\lib\</path>
         <kind>archive</kind>
         <file>nortos_cc26x2_v1.aem4f</file>
         <name>PowerCC26X2_nortos.oem4f</name>
      </input_file>
      <input_file id="fl-32">
         <path>C:\ti\simplelink_cc26x2_sdk_2_20_00_36\kernel\nortos\lib\</path>
         <kind>archive</kind>
         <file>nortos_cc26x2_v1.aem4f</file>
         <name>startup_cc13xx_cc26xx_ccs.oem4f</name>
      </input_file>
      <input_file id="fl-33">
         <path>C:\ti\simplelink_cc26x2_sdk_2_20_00_36\kernel\nortos\lib\</path>
         <kind>archive</kind>
         <file>nortos_cc26x2_v1.aem4f</file>
         <name>QueueP_nortos.oem4f</name>
      </input_file>
      <input_file id="fl-34">
         <path>C:\ti\simplelink_cc26x2_sdk_2_20_00_36\source\ti\devices\cc13x2_cc26x2_v1\driverlib\bin\ccs\</path>
         <kind>archive</kind>
         <file>driverlib.lib</file>
         <name>chipinfo.obj</name>
      </input_file>
      <input_file id="fl-35">
         <path>C:\ti\simplelink_cc26x2_sdk_2_20_00_36\source\ti\devices\cc13x2_cc26x2_v1\driverlib\bin\ccs\</path>
         <kind>archive</kind>
         <file>driverlib.lib</file>
         <name>cpu.obj</name>
      </input_file>
      <input_file id="fl-36">
         <path>C:\ti\simplelink_cc26x2_sdk_2_20_00_36\source\ti\devices\cc13x2_cc26x2_v1\driverlib\bin\ccs\</path>
         <kind>archive</kind>
         <file>driverlib.lib</file>
         <name>driverlib_release.obj</name>
      </input_file>
      <input_file id="fl-37">
         <path>C:\ti\simplelink_cc26x2_sdk_2_20_00_36\source\ti\devices\cc13x2_cc26x2_v1\driverlib\bin\ccs\</path>
         <kind>archive</kind>
         <file>driverlib.lib</file>
         <name>flash.obj</name>
      </input_file>
      <input_file id="fl-38">
         <path>C:\ti\simplelink_cc26x2_sdk_2_20_00_36\source\ti\devices\cc13x2_cc26x2_v1\driverlib\bin\ccs\</path>
         <kind>archive</kind>
         <file>driverlib.lib</file>
         <name>interrupt.obj</name>
      </input_file>
      <input_file id="fl-39">
         <path>C:\ti\simplelink_cc26x2_sdk_2_20_00_36\source\ti\devices\cc13x2_cc26x2_v1\driverlib\bin\ccs\</path>
         <kind>archive</kind>
         <file>driverlib.lib</file>
         <name>osc.obj</name>
      </input_file>
      <input_file id="fl-3a">
         <path>C:\ti\simplelink_cc26x2_sdk_2_20_00_36\source\ti\devices\cc13x2_cc26x2_v1\driverlib\bin\ccs\</path>
         <kind>archive</kind>
         <file>driverlib.lib</file>
         <name>rfc.obj</name>
      </input_file>
      <input_file id="fl-3b">
         <path>C:\ti\simplelink_cc26x2_sdk_2_20_00_36\source\ti\devices\cc13x2_cc26x2_v1\driverlib\bin\ccs\</path>
         <kind>archive</kind>
         <file>driverlib.lib</file>
         <name>setup.obj</name>
      </input_file>
      <input_file id="fl-3c">
         <path>C:\ti\simplelink_cc26x2_sdk_2_20_00_36\source\ti\devices\cc13x2_cc26x2_v1\driverlib\bin\ccs\</path>
         <kind>archive</kind>
         <file>driverlib.lib</file>
         <name>setup_rom.obj</name>
      </input_file>
      <input_file id="fl-3d">
         <path>C:\ti\simplelink_cc26x2_sdk_2_20_00_36\source\ti\devices\cc13x2_cc26x2_v1\driverlib\bin\ccs\</path>
         <kind>archive</kind>
         <file>driverlib.lib</file>
         <name>sys_ctrl.obj</name>
      </input_file>
      <input_file id="fl-3e">
         <path>C:\ti\simplelink_cc26x2_sdk_2_20_00_36\source\ti\devices\cc13x2_cc26x2_v1\driverlib\bin\ccs\</path>
         <kind>archive</kind>
         <file>driverlib.lib</file>
         <name>aux_sysif.obj</name>
      </input_file>
      <input_file id="fl-f4">
         <path>C:\ti\ccsv8\tools\compiler\ti-cgt-arm_18.1.3.LTS\lib\</path>
         <kind>archive</kind>
         <file>rtsv7M4_T_le_v4SPD16_eabi.lib</file>
         <name>memset_t2.asm.obj</name>
      </input_file>
      <input_file id="fl-f5">
         <path>C:\ti\ccsv8\tools\compiler\ti-cgt-arm_18.1.3.LTS\lib\</path>
         <kind>archive</kind>
         <file>rtsv7M4_T_le_v4SPD16_eabi.lib</file>
         <name>ull_div_t2.asm.obj</name>
      </input_file>
      <input_file id="fl-f6">
         <path>C:\ti\ccsv8\tools\compiler\ti-cgt-arm_18.1.3.LTS\lib\</path>
         <kind>archive</kind>
         <file>rtsv7M4_T_le_v4SPD16_eabi.lib</file>
         <name>u_divt2.asm.obj</name>
      </input_file>
      <input_file id="fl-f7">
         <path>C:\ti\ccsv8\tools\compiler\ti-cgt-arm_18.1.3.LTS\lib\</path>
         <kind>archive</kind>
         <file>rtsv7M4_T_le_v4SPD16_eabi.lib</file>
         <name>fd_add_t2.asm.obj</name>
      </input_file>
      <input_file id="fl-f8">
         <path>C:\ti\ccsv8\tools\compiler\ti-cgt-arm_18.1.3.LTS\lib\</path>
         <kind>archive</kind>
         <file>rtsv7M4_T_le_v4SPD16_eabi.lib</file>
         <name>fd_cmp_t2.asm.obj</name>
      </input_file>
      <input_file id="fl-f9">
         <path>C:\ti\ccsv8\tools\compiler\ti-cgt-arm_18.1.3.LTS\lib\</path>
         <kind>archive</kind>
         <file>rtsv7M4_T_le_v4SPD16_eabi.lib</file>
         <name>fd_mul_t2.asm.obj</name>
      </input_file>
      <input_file id="fl-fa">
         <path>C:\ti\ccsv8\tools\compiler\ti-cgt-arm_18.1.3.LTS\lib\</path>
         <kind>archive</kind>
         <file>rtsv7M4_T_le_v4SPD16_eabi.lib</file>
         <name>fd_toi_t2.asm.obj</name>
      </input_file>
      <input_file id="fl-fb">
         <path>C:\ti\ccsv8\tools\compiler\ti-cgt-arm_18.1.3.LTS\lib\</path>
         <kind>archive</kind>
         <file>rtsv7M4_T_le_v4SPD16_eabi.lib</file>
         <name>fd_tou_t2.asm.obj</name>
      </input_file>
      <input_file id="fl-fc">
         <path>C:\ti\ccsv8\tools\compiler\ti-cgt-arm_18.1.3.LTS\lib\</path>
         <kind>archive</kind>
         <file>rtsv7M4_T_le_v4SPD16_eabi.lib</file>
         <name>i_tofd_t2.asm.obj</name>
      </input_file>
      <input_file id="fl-fd">
         <path>C:\ti\ccsv8\tools\compiler\ti-cgt-arm_18.1.3.LTS\lib\</path>
         <kind>archive</kind>
         <file>rtsv7M4_T_le_v4SPD16_eabi.lib</file>
         <name>ll_mul_t2.asm.obj</name>
      </input_file>
      <input_file id="fl-fe">
         <path>C:\ti\ccsv8\tools\compiler\ti-cgt-arm_18.1.3.LTS\lib\</path>
         <kind>archive</kind>
         <file>rtsv7M4_T_le_v4SPD16_eabi.lib</file>
         <name>memcpy_t2.asm.obj</name>
      </input_file>
      <input_file id="fl-ff">
         <path>C:\ti\ccsv8\tools\compiler\ti-cgt-arm_18.1.3.LTS\lib\</path>
         <kind>archive</kind>
         <file>rtsv7M4_T_le_v4SPD16_eabi.lib</file>
         <name>copy_zero_init.c.obj</name>
      </input_file>
      <input_file id="fl-100">
         <path>C:\ti\ccsv8\tools\compiler\ti-cgt-arm_18.1.3.LTS\lib\</path>
         <kind>archive</kind>
         <file>rtsv7M4_T_le_v4SPD16_eabi.lib</file>
         <name>copy_decompress_none.c.obj</name>
      </input_file>
      <input_file id="fl-101">
         <path>C:\ti\ccsv8\tools\compiler\ti-cgt-arm_18.1.3.LTS\lib\</path>
         <kind>archive</kind>
         <file>rtsv7M4_T_le_v4SPD16_eabi.lib</file>
         <name>copy_decompress_lzss.c.obj</name>
      </input_file>
      <input_file id="fl-102">
         <path>C:\ti\ccsv8\tools\compiler\ti-cgt-arm_18.1.3.LTS\lib\</path>
         <kind>archive</kind>
         <file>rtsv7M4_T_le_v4SPD16_eabi.lib</file>
         <name>memory.c.obj</name>
      </input_file>
      <input_file id="fl-103">
         <path>C:\ti\ccsv8\tools\compiler\ti-cgt-arm_18.1.3.LTS\lib\</path>
         <kind>archive</kind>
         <file>rtsv7M4_T_le_v4SPD16_eabi.lib</file>
         <name>_lock.c.obj</name>
      </input_file>
      <input_file id="fl-104">
         <path>C:\ti\ccsv8\tools\compiler\ti-cgt-arm_18.1.3.LTS\lib\</path>
         <kind>archive</kind>
         <file>rtsv7M4_T_le_v4SPD16_eabi.lib</file>
         <name>strlen.c.obj</name>
      </input_file>
      <input_file id="fl-105">
         <path>C:\ti\ccsv8\tools\compiler\ti-cgt-arm_18.1.3.LTS\lib\</path>
         <kind>archive</kind>
         <file>rtsv7M4_T_le_v4SPD16_eabi.lib</file>
         <name>boot_cortex_m.c.obj</name>
      </input_file>
      <input_file id="fl-106">
         <path>C:\ti\ccsv8\tools\compiler\ti-cgt-arm_18.1.3.LTS\lib\</path>
         <kind>archive</kind>
         <file>rtsv7M4_T_le_v4SPD16_eabi.lib</file>
         <name>div0.asm.obj</name>
      </input_file>
      <input_file id="fl-107">
         <path>C:\ti\ccsv8\tools\compiler\ti-cgt-arm_18.1.3.LTS\lib\</path>
         <kind>archive</kind>
         <file>rtsv7M4_T_le_v4SPD16_eabi.lib</file>
         <name>autoinit.c.obj</name>
      </input_file>
      <input_file id="fl-108">
         <path>C:\ti\ccsv8\tools\compiler\ti-cgt-arm_18.1.3.LTS\lib\</path>
         <kind>archive</kind>
         <file>rtsv7M4_T_le_v4SPD16_eabi.lib</file>
         <name>pre_init.c.obj</name>
      </input_file>
      <input_file id="fl-109">
         <path>C:\ti\ccsv8\tools\compiler\ti-cgt-arm_18.1.3.LTS\lib\</path>
         <kind>archive</kind>
         <file>rtsv7M4_T_le_v4SPD16_eabi.lib</file>
         <name>cpy_tbl.c.obj</name>
      </input_file>
      <input_file id="fl-10a">
         <path>C:\ti\ccsv8\tools\compiler\ti-cgt-arm_18.1.3.LTS\lib\</path>
         <kind>archive</kind>
         <file>rtsv7M4_T_le_v4SPD16_eabi.lib</file>
         <name>exit.c.obj</name>
      </input_file>
      <input_file id="fl-10b">
         <path>C:\ti\ccsv8\tools\compiler\ti-cgt-arm_18.1.3.LTS\lib\</path>
         <kind>archive</kind>
         <file>rtsv7M4_T_le_v4SPD16_eabi.lib</file>
         <name>args_main.c.obj</name>
      </input_file>
   </input_file_list>
   <object_component_list>
      <object_component id="oc-19">
         <name>.intvecs</name>
         <load_address>0x0</load_address>
         <run_address>0x0</run_address>
         <size>0xc8</size>
         <input_file_ref idref="fl-32"/>
      </object_component>
      <object_component id="oc-802">
         <name>.text:RF_fsmActiveState</name>
         <load_address>0xc8</load_address>
         <run_address>0xc8</run_address>
         <size>0x2f8</size>
         <input_file_ref idref="fl-14"/>
      </object_component>
      <object_component id="oc-2e8">
         <name>.text:PIN_init</name>
         <load_address>0x3c0</load_address>
         <run_address>0x3c0</run_address>
         <size>0x1c0</size>
         <input_file_ref idref="fl-1e"/>
      </object_component>
      <object_component id="oc-279">
         <name>.text:mainThread</name>
         <load_address>0x580</load_address>
         <run_address>0x580</run_address>
         <size>0x1bc</size>
         <input_file_ref idref="fl-6"/>
      </object_component>
      <object_component id="oc-71e">
         <name>.text:Power_sleep</name>
         <load_address>0x73c</load_address>
         <run_address>0x73c</run_address>
         <size>0x1a4</size>
         <input_file_ref idref="fl-1f"/>
      </object_component>
      <object_component id="oc-750">
         <name>.text:runCalibrateFsm</name>
         <load_address>0x8e0</load_address>
         <run_address>0x8e0</run_address>
         <size>0x194</size>
         <input_file_ref idref="fl-20"/>
      </object_component>
      <object_component id="oc-838">
         <name>.text:RF_fsmSetupState</name>
         <load_address>0xa74</load_address>
         <run_address>0xa74</run_address>
         <size>0x170</size>
         <input_file_ref idref="fl-14"/>
      </object_component>
      <object_component id="oc-516">
         <name>.text:calibrateRcoscHf1</name>
         <load_address>0xbe4</load_address>
         <run_address>0xbe4</run_address>
         <size>0x15c</size>
         <input_file_ref idref="fl-20"/>
      </object_component>
      <object_component id="oc-c2">
         <name>.text:TrimAfterColdResetWakeupFromShutDown</name>
         <load_address>0xd40</load_address>
         <run_address>0xd40</run_address>
         <size>0x134</size>
         <input_file_ref idref="fl-3b"/>
      </object_component>
      <object_component id="oc-2e2">
         <name>.text:Power_init</name>
         <load_address>0xe74</load_address>
         <run_address>0xe74</run_address>
         <size>0x130</size>
         <input_file_ref idref="fl-1f"/>
      </object_component>
      <object_component id="oc-957">
         <name>.text:RF_fsmChangePhyState</name>
         <load_address>0xfa4</load_address>
         <run_address>0xfa4</run_address>
         <size>0x128</size>
         <input_file_ref idref="fl-14"/>
      </object_component>
      <object_component id="oc-435">
         <name>.text:RF_init</name>
         <load_address>0x10cc</load_address>
         <run_address>0x10cc</run_address>
         <size>0x124</size>
         <input_file_ref idref="fl-14"/>
      </object_component>
      <object_component id="oc-8c6">
         <name>.text:NOROM_SysCtrlStandby</name>
         <load_address>0x11f0</load_address>
         <run_address>0x11f0</run_address>
         <size>0x118</size>
         <input_file_ref idref="fl-3d"/>
      </object_component>
      <object_component id="oc-832">
         <name>.text:RF_radioOpDoneCb</name>
         <load_address>0x1308</load_address>
         <run_address>0x1308</run_address>
         <size>0x114</size>
         <input_file_ref idref="fl-14"/>
      </object_component>
      <object_component id="oc-30b">
         <name>.text:RF_open</name>
         <load_address>0x141c</load_address>
         <run_address>0x141c</run_address>
         <size>0x104</size>
         <input_file_ref idref="fl-14"/>
      </object_component>
      <object_component id="oc-62f">
         <name>.text:RF_fsmPowerUpState</name>
         <load_address>0x1520</load_address>
         <run_address>0x1520</run_address>
         <size>0x100</size>
         <input_file_ref idref="fl-14"/>
      </object_component>
      <object_component id="oc-482">
         <name>.text:RF_pendCmd</name>
         <load_address>0x1620</load_address>
         <run_address>0x1620</run_address>
         <size>0xf0</size>
         <input_file_ref idref="fl-14"/>
      </object_component>
      <object_component id="oc-3be">
         <name>.text:PINCC26XX_setIoCfg</name>
         <load_address>0x1710</load_address>
         <run_address>0x1710</run_address>
         <size>0xe0</size>
         <input_file_ref idref="fl-1e"/>
      </object_component>
      <object_component id="oc-7fc">
         <name>.text:RF_dispatchNextCmd</name>
         <load_address>0x17f0</load_address>
         <run_address>0x17f0</run_address>
         <size>0xd8</size>
         <input_file_ref idref="fl-14"/>
      </object_component>
      <object_component id="oc-3d6">
         <name>.text:SwiP_construct</name>
         <load_address>0x18c8</load_address>
         <run_address>0x18c8</run_address>
         <size>0xd8</size>
         <input_file_ref idref="fl-2c"/>
      </object_component>
      <object_component id="oc-602">
         <name>.text:RF_swiHw</name>
         <load_address>0x19a0</load_address>
         <run_address>0x19a0</run_address>
         <size>0xd4</size>
         <input_file_ref idref="fl-14"/>
      </object_component>
      <object_component id="oc-4f4">
         <name>.text:PowerCC26XX_standbyPolicy</name>
         <load_address>0x1a74</load_address>
         <run_address>0x1a74</run_address>
         <size>0xcc</size>
         <input_file_ref idref="fl-31"/>
      </object_component>
      <object_component id="oc-8e5">
         <name>.text:Power_releaseDependency</name>
         <load_address>0x1b40</load_address>
         <run_address>0x1b40</run_address>
         <size>0xc8</size>
         <input_file_ref idref="fl-1f"/>
      </object_component>
      <object_component id="oc-3b2">
         <name>.text:Power_setDependency</name>
         <load_address>0x1c08</load_address>
         <run_address>0x1c08</run_address>
         <size>0xc4</size>
         <input_file_ref idref="fl-1f"/>
      </object_component>
      <object_component id="oc-808">
         <name>.text:RF_hwiCpe0Active</name>
         <load_address>0x1ccc</load_address>
         <run_address>0x1ccc</run_address>
         <size>0xbc</size>
         <input_file_ref idref="fl-14"/>
      </object_component>
      <object_component id="oc-6ae">
         <name>.text:TimerP_construct</name>
         <load_address>0x1d88</load_address>
         <run_address>0x1d88</run_address>
         <size>0xbc</size>
         <input_file_ref idref="fl-2f"/>
      </object_component>
      <object_component id="oc-4c8">
         <name>.text:ClockP_startup</name>
         <load_address>0x1e44</load_address>
         <run_address>0x1e44</run_address>
         <size>0xb4</size>
         <input_file_ref idref="fl-2e"/>
      </object_component>
      <object_component id="oc-951">
         <name>.text:RF_corePowerDown</name>
         <load_address>0x1ef8</load_address>
         <run_address>0x1ef8</run_address>
         <size>0xb0</size>
         <input_file_ref idref="fl-14"/>
      </object_component>
      <object_component id="oc-6c3">
         <name>.text:ClockP_workFuncDynamic</name>
         <load_address>0x1fa8</load_address>
         <run_address>0x1fa8</run_address>
         <size>0xac</size>
         <input_file_ref idref="fl-2e"/>
      </object_component>
      <object_component id="oc-311">
         <name>.text:RF_postCmd</name>
         <load_address>0x2054</load_address>
         <run_address>0x2054</run_address>
         <size>0xa0</size>
         <input_file_ref idref="fl-14"/>
      </object_component>
      <object_component id="oc-410">
         <name>.text:SemaphoreP_pend</name>
         <load_address>0x20f4</load_address>
         <run_address>0x20f4</run_address>
         <size>0xa0</size>
         <input_file_ref idref="fl-2b"/>
      </object_component>
      <object_component id="oc-786">
         <name>.text:SwiP_dispatch</name>
         <load_address>0x2194</load_address>
         <run_address>0x2194</run_address>
         <size>0x9c</size>
         <input_file_ref idref="fl-2c"/>
      </object_component>
      <object_component id="oc-58">
         <name>.text</name>
         <load_address>0x2230</load_address>
         <run_address>0x2230</run_address>
         <size>0x9c</size>
         <input_file_ref idref="fl-fe"/>
      </object_component>
      <object_component id="oc-76">
         <name>.text:NOROM_SetupTrimDevice</name>
         <load_address>0x22cc</load_address>
         <run_address>0x22cc</run_address>
         <size>0x98</size>
         <input_file_ref idref="fl-3b"/>
      </object_component>
      <object_component id="oc-870">
         <name>.text</name>
         <load_address>0x2364</load_address>
         <run_address>0x2364</run_address>
         <size>0x96</size>
         <input_file_ref idref="fl-f5"/>
      </object_component>
      <object_component id="oc-a0d">
         <name>.text:NOROM_RFCCpePatchReset</name>
         <load_address>0x23fa</load_address>
         <run_address>0x23fa</run_address>
         <size>0x2</size>
         <input_file_ref idref="fl-3a"/>
      </object_component>
      <object_component id="oc-305">
         <name>.text:PIN_open</name>
         <load_address>0x23fc</load_address>
         <run_address>0x23fc</run_address>
         <size>0x94</size>
         <input_file_ref idref="fl-1e"/>
      </object_component>
      <object_component id="oc-7db">
         <name>.text:RF_ratFreeChannel</name>
         <load_address>0x2490</load_address>
         <run_address>0x2490</run_address>
         <size>0x88</size>
         <input_file_ref idref="fl-14"/>
      </object_component>
      <object_component id="oc-510">
         <name>.text:calibrateRcoscHf2</name>
         <load_address>0x2518</load_address>
         <run_address>0x2518</run_address>
         <size>0x88</size>
         <input_file_ref idref="fl-20"/>
      </object_component>
      <object_component id="oc-599">
         <name>.text:CC26X2R1_LAUNCHXL_sendExtFlashByte</name>
         <load_address>0x25a0</load_address>
         <run_address>0x25a0</run_address>
         <size>0x84</size>
         <input_file_ref idref="fl-3"/>
      </object_component>
      <object_component id="oc-614">
         <name>.text:RF_hwiHw</name>
         <load_address>0x2624</load_address>
         <run_address>0x2624</run_address>
         <size>0x84</size>
         <input_file_ref idref="fl-14"/>
      </object_component>
      <object_component id="oc-4d4">
         <name>.text:ClockP_start</name>
         <load_address>0x26a8</load_address>
         <run_address>0x26a8</run_address>
         <size>0x80</size>
         <input_file_ref idref="fl-2e"/>
      </object_component>
      <object_component id="oc-378">
         <name>.text:HwiP_construct</name>
         <load_address>0x2728</load_address>
         <run_address>0x2728</run_address>
         <size>0x80</size>
         <input_file_ref idref="fl-30"/>
      </object_component>
      <object_component id="oc-11d">
         <name>.text:NOROM_SetupStepVddrTrimTo</name>
         <load_address>0x27a8</load_address>
         <run_address>0x27a8</run_address>
         <size>0x80</size>
         <input_file_ref idref="fl-3c"/>
      </object_component>
      <object_component id="oc-51c">
         <name>.text:updateSubSecInc</name>
         <load_address>0x2828</load_address>
         <run_address>0x2828</run_address>
         <size>0x7c</size>
         <input_file_ref idref="fl-20"/>
      </object_component>
      <object_component id="oc-b0">
         <name>.text</name>
         <load_address>0x28a4</load_address>
         <run_address>0x28a4</run_address>
         <size>0x7a</size>
         <input_file_ref idref="fl-f4"/>
      </object_component>
      <object_component id="oc-43e">
         <name>.text:RF_defaultCallback</name>
         <load_address>0x291e</load_address>
         <run_address>0x291e</run_address>
         <size>0x2</size>
         <input_file_ref idref="fl-14"/>
      </object_component>
      <object_component id="oc-88f">
         <name>.text:ClockP_walkQueueDynamic</name>
         <load_address>0x2920</load_address>
         <run_address>0x2920</run_address>
         <size>0x78</size>
         <input_file_ref idref="fl-2e"/>
      </object_component>
      <object_component id="oc-989">
         <name>.text:RF_ratDispatchTime</name>
         <load_address>0x2998</load_address>
         <run_address>0x2998</run_address>
         <size>0x78</size>
         <input_file_ref idref="fl-14"/>
      </object_component>
      <object_component id="oc-393">
         <name>.text:PowerCC26X2_auxISR</name>
         <load_address>0x2a10</load_address>
         <run_address>0x2a10</run_address>
         <size>0x74</size>
         <input_file_ref idref="fl-20"/>
      </object_component>
      <object_component id="oc-640">
         <name>.text:RF_issueRadioFreeCb</name>
         <load_address>0x2a84</load_address>
         <run_address>0x2a84</run_address>
         <size>0x74</size>
         <input_file_ref idref="fl-14"/>
      </object_component>
      <object_component id="oc-111">
         <name>.text:NOROM_SetupAfterColdResetWakeupFromShutDownCfg1</name>
         <load_address>0x2af8</load_address>
         <run_address>0x2af8</run_address>
         <size>0x6c</size>
         <input_file_ref idref="fl-3c"/>
      </object_component>
      <object_component id="oc-73f">
         <name>.text:NOROM_OSCHF_AttemptToSwitchToXosc</name>
         <load_address>0x2b64</load_address>
         <run_address>0x2b64</run_address>
         <size>0x68</size>
         <input_file_ref idref="fl-39"/>
      </object_component>
      <object_component id="oc-317">
         <name>.text:RF_getCurrentTime</name>
         <load_address>0x2bcc</load_address>
         <run_address>0x2bcc</run_address>
         <size>0x68</size>
         <input_file_ref idref="fl-14"/>
      </object_component>
      <object_component id="oc-78d">
         <name>.text:SwiP_post</name>
         <load_address>0x2c34</load_address>
         <run_address>0x2c34</run_address>
         <size>0x68</size>
         <input_file_ref idref="fl-2c"/>
      </object_component>
      <object_component id="oc-9a3">
         <name>.text:TimerP_start</name>
         <load_address>0x2c9c</load_address>
         <run_address>0x2c9c</run_address>
         <size>0x68</size>
         <input_file_ref idref="fl-2f"/>
      </object_component>
      <object_component id="oc-1c">
         <name>.text:decompress:lzss:__TI_decompress_lzss</name>
         <load_address>0x2d04</load_address>
         <run_address>0x2d04</run_address>
         <size>0x68</size>
         <input_file_ref idref="fl-101"/>
      </object_component>
      <object_component id="oc-677">
         <name>.text:RF_syncCb</name>
         <load_address>0x2d6c</load_address>
         <run_address>0x2d6c</run_address>
         <size>0x66</size>
         <input_file_ref idref="fl-14"/>
      </object_component>
      <object_component id="oc-5cb">
         <name>.text:clkFxn</name>
         <load_address>0x2dd2</load_address>
         <run_address>0x2dd2</run_address>
         <size>0x2</size>
         <input_file_ref idref="fl-2b"/>
      </object_component>
      <object_component id="oc-91f">
         <name>.text:RF_ratArmChannel</name>
         <load_address>0x2dd4</load_address>
         <run_address>0x2dd4</run_address>
         <size>0x60</size>
         <input_file_ref idref="fl-14"/>
      </object_component>
      <object_component id="oc-79b">
         <name>.text:PIN_remove</name>
         <load_address>0x2e34</load_address>
         <run_address>0x2e34</run_address>
         <size>0x5c</size>
         <input_file_ref idref="fl-1e"/>
      </object_component>
      <object_component id="oc-650">
         <name>.text:RF_dispatchNextEvent</name>
         <load_address>0x2e90</load_address>
         <run_address>0x2e90</run_address>
         <size>0x5c</size>
         <input_file_ref idref="fl-14"/>
      </object_component>
      <object_component id="oc-982">
         <name>.text:RF_fsmXOSCState</name>
         <load_address>0x2eec</load_address>
         <run_address>0x2eec</run_address>
         <size>0x5c</size>
         <input_file_ref idref="fl-14"/>
      </object_component>
      <object_component id="oc-60b">
         <name>.text:RF_hwiCpe0PowerFsm</name>
         <load_address>0x2f48</load_address>
         <run_address>0x2f48</run_address>
         <size>0x5c</size>
         <input_file_ref idref="fl-14"/>
      </object_component>
      <object_component id="oc-731">
         <name>.text:PowerCC26X2_initiateCalibration</name>
         <load_address>0x2fa4</load_address>
         <run_address>0x2fa4</run_address>
         <size>0x58</size>
         <input_file_ref idref="fl-20"/>
      </object_component>
      <object_component id="oc-926">
         <name>.text:RF_cmdDispatchTime</name>
         <load_address>0x2ffc</load_address>
         <run_address>0x2ffc</run_address>
         <size>0x58</size>
         <input_file_ref idref="fl-14"/>
      </object_component>
      <object_component id="oc-503">
         <name>.text:disableLFClockQualifiers</name>
         <load_address>0x3054</load_address>
         <run_address>0x3054</run_address>
         <size>0x58</size>
         <input_file_ref idref="fl-1f"/>
      </object_component>
      <object_component id="oc-3a0">
         <name>.text:NOROM_ChipInfo_GetChipType</name>
         <load_address>0x30ac</load_address>
         <run_address>0x30ac</run_address>
         <size>0x50</size>
         <input_file_ref idref="fl-34"/>
      </object_component>
      <object_component id="oc-96a">
         <name>.text:RF_applyRfCorePatch</name>
         <load_address>0x30fc</load_address>
         <run_address>0x30fc</run_address>
         <size>0x50</size>
         <input_file_ref idref="fl-14"/>
      </object_component>
      <object_component id="oc-626">
         <name>.text:RF_wakeupNotification</name>
         <load_address>0x314c</load_address>
         <run_address>0x314c</run_address>
         <size>0x50</size>
         <input_file_ref idref="fl-14"/>
      </object_component>
      <object_component id="oc-54c">
         <name>.text:SemaphoreP_construct</name>
         <load_address>0x319c</load_address>
         <run_address>0x319c</run_address>
         <size>0x50</size>
         <input_file_ref idref="fl-2b"/>
      </object_component>
      <object_component id="oc-531">
         <name>.text:configureXOSCHF</name>
         <load_address>0x31ec</load_address>
         <run_address>0x31ec</run_address>
         <size>0x50</size>
         <input_file_ref idref="fl-1f"/>
      </object_component>
      <object_component id="oc-593">
         <name>.text:CC26X2R1_LAUNCHXL_wakeUpExtFlash</name>
         <load_address>0x323c</load_address>
         <run_address>0x323c</run_address>
         <size>0x4c</size>
         <input_file_ref idref="fl-3"/>
      </object_component>
      <object_component id="oc-7f6">
         <name>.text:RF_ratRestartChannels</name>
         <load_address>0x3288</load_address>
         <run_address>0x3288</run_address>
         <size>0x4c</size>
         <input_file_ref idref="fl-14"/>
      </object_component>
      <object_component id="oc-372">
         <name>.text:ClockP_construct</name>
         <load_address>0x32d4</load_address>
         <run_address>0x32d4</run_address>
         <size>0x48</size>
         <input_file_ref idref="fl-2e"/>
      </object_component>
      <object_component id="oc-9fe">
         <name>.text:NOROM_RFCSynthPowerDown</name>
         <load_address>0x331c</load_address>
         <run_address>0x331c</run_address>
         <size>0x48</size>
         <input_file_ref idref="fl-3a"/>
      </object_component>
      <object_component id="oc-75e">
         <name>.text:NOROM_OSCHF_SwitchToRcOscTurnOffXosc</name>
         <load_address>0x3364</load_address>
         <run_address>0x3364</run_address>
         <size>0x44</size>
         <input_file_ref idref="fl-39"/>
      </object_component>
      <object_component id="oc-3f4">
         <name>.text:PIN_swi</name>
         <load_address>0x33a8</load_address>
         <run_address>0x33a8</run_address>
         <size>0x44</size>
         <input_file_ref idref="fl-1e"/>
      </object_component>
      <object_component id="oc-41c">
         <name>.text:SemaphoreP_post</name>
         <load_address>0x33ec</load_address>
         <run_address>0x33ec</run_address>
         <size>0x44</size>
         <input_file_ref idref="fl-2b"/>
      </object_component>
      <object_component id="oc-671">
         <name>.text:SwiP_restore</name>
         <load_address>0x3430</load_address>
         <run_address>0x3430</run_address>
         <size>0x44</size>
         <input_file_ref idref="fl-2c"/>
      </object_component>
      <object_component id="oc-28c">
         <name>.text:__TI_auto_init_nobinit_nopinit:__TI_auto_init_nobinit_nopinit</name>
         <load_address>0x3474</load_address>
         <run_address>0x3474</run_address>
         <size>0x44</size>
         <input_file_ref idref="fl-107"/>
      </object_component>
      <object_component id="oc-509">
         <name>.text:switchXOSCHF</name>
         <load_address>0x34b8</load_address>
         <run_address>0x34b8</run_address>
         <size>0x44</size>
         <input_file_ref idref="fl-1f"/>
      </object_component>
      <object_component id="oc-401">
         <name>.text:CC26X2R1_LAUNCHXL_shutDownExtFlash</name>
         <load_address>0x34fc</load_address>
         <run_address>0x34fc</run_address>
         <size>0x40</size>
         <input_file_ref idref="fl-3"/>
      </object_component>
      <object_component id="oc-976">
         <name>.text:PowerCC26XX_isStableXOSC_HF</name>
         <load_address>0x353c</load_address>
         <run_address>0x353c</run_address>
         <size>0x40</size>
         <input_file_ref idref="fl-1f"/>
      </object_component>
      <object_component id="oc-97c">
         <name>.text:PowerCC26XX_switchXOSC_HF</name>
         <load_address>0x357c</load_address>
         <run_address>0x357c</run_address>
         <size>0x40</size>
         <input_file_ref idref="fl-1f"/>
      </object_component>
      <object_component id="oc-117">
         <name>.text:Step_RCOSCHF_CTRIM</name>
         <load_address>0x35bc</load_address>
         <run_address>0x35bc</run_address>
         <size>0x40</size>
         <input_file_ref idref="fl-3b"/>
      </object_component>
      <object_component id="oc-123">
         <name>.text:Step_VBG</name>
         <load_address>0x35fc</load_address>
         <run_address>0x35fc</run_address>
         <size>0x40</size>
         <input_file_ref idref="fl-3b"/>
      </object_component>
      <object_component id="oc-329">
         <name>.text:PIN_setOutputValue</name>
         <load_address>0x363c</load_address>
         <run_address>0x363c</run_address>
         <size>0x3c</size>
         <input_file_ref idref="fl-1e"/>
      </object_component>
      <object_component id="oc-845">
         <name>.text:RF_calculateDispatchTime</name>
         <load_address>0x3678</load_address>
         <run_address>0x3678</run_address>
         <size>0x3c</size>
         <input_file_ref idref="fl-14"/>
      </object_component>
      <object_component id="oc-66b">
         <name>.text:RF_cmdGet</name>
         <load_address>0x36b4</load_address>
         <run_address>0x36b4</run_address>
         <size>0x3c</size>
         <input_file_ref idref="fl-14"/>
      </object_component>
      <object_component id="oc-6d8">
         <name>.text:TimerP_getCurrentTick</name>
         <load_address>0x36f0</load_address>
         <run_address>0x36f0</run_address>
         <size>0x38</size>
         <input_file_ref idref="fl-2f"/>
      </object_component>
      <object_component id="oc-86a">
         <name>.text:TimerP_initDevice</name>
         <load_address>0x3728</load_address>
         <run_address>0x3728</run_address>
         <size>0x38</size>
         <input_file_ref idref="fl-2f"/>
      </object_component>
      <object_component id="oc-745">
         <name>.text:notify</name>
         <load_address>0x3760</load_address>
         <run_address>0x3760</run_address>
         <size>0x38</size>
         <input_file_ref idref="fl-1f"/>
      </object_component>
      <object_component id="oc-70c">
         <name>.text:ClockP_getTicksUntilInterrupt</name>
         <load_address>0x3798</load_address>
         <run_address>0x3798</run_address>
         <size>0x34</size>
         <input_file_ref idref="fl-2e"/>
      </object_component>
      <object_component id="oc-129">
         <name>.text:NOROM_AUXSYSIFOpModeChange</name>
         <load_address>0x37cc</load_address>
         <run_address>0x37cc</run_address>
         <size>0x34</size>
         <input_file_ref idref="fl-3e"/>
      </object_component>
      <object_component id="oc-4de">
         <name>.text:NOROM_IntRegister</name>
         <load_address>0x3800</load_address>
         <run_address>0x3800</run_address>
         <size>0x34</size>
         <input_file_ref idref="fl-38"/>
      </object_component>
      <object_component id="oc-724">
         <name>.text:NOROM_SysCtrlIdle</name>
         <load_address>0x3834</load_address>
         <run_address>0x3834</run_address>
         <size>0x34</size>
         <input_file_ref idref="fl-3d"/>
      </object_component>
      <object_component id="oc-416">
         <name>.text:PIN_setConfig</name>
         <load_address>0x3868</load_address>
         <run_address>0x3868</run_address>
         <size>0x34</size>
         <input_file_ref idref="fl-1e"/>
      </object_component>
      <object_component id="oc-738">
         <name>.text:Power_releaseConstraint</name>
         <load_address>0x389c</load_address>
         <run_address>0x389c</run_address>
         <size>0x34</size>
         <input_file_ref idref="fl-1f"/>
      </object_component>
      <object_component id="oc-963">
         <name>.text:RF_cacheFsCmd</name>
         <load_address>0x38d0</load_address>
         <run_address>0x38d0</run_address>
         <size>0x34</size>
         <input_file_ref idref="fl-14"/>
      </object_component>
      <object_component id="oc-7f0">
         <name>.text:RF_checkCmdFsError</name>
         <load_address>0x3904</load_address>
         <run_address>0x3904</run_address>
         <size>0x34</size>
         <input_file_ref idref="fl-14"/>
      </object_component>
      <object_component id="oc-656">
         <name>.text:RF_ieeeRequestFgCommand</name>
         <load_address>0x3938</load_address>
         <run_address>0x3938</run_address>
         <size>0x34</size>
         <input_file_ref idref="fl-14"/>
      </object_component>
      <object_component id="oc-639">
         <name>.text:RF_powerConstraintRelease</name>
         <load_address>0x396c</load_address>
         <run_address>0x396c</run_address>
         <size>0x34</size>
         <input_file_ref idref="fl-14"/>
      </object_component>
      <object_component id="oc-8a4">
         <name>.text:TimerP_setNextTick</name>
         <load_address>0x39a0</load_address>
         <run_address>0x39a0</run_address>
         <size>0x32</size>
         <input_file_ref idref="fl-2f"/>
      </object_component>
      <object_component id="oc-387">
         <name>.text:emptyClockFunc</name>
         <load_address>0x39d2</load_address>
         <run_address>0x39d2</run_address>
         <size>0x2</size>
         <input_file_ref idref="fl-1f"/>
      </object_component>
      <object_component id="oc-37e">
         <name>.text:Power_setConstraint</name>
         <load_address>0x39d4</load_address>
         <run_address>0x39d4</run_address>
         <size>0x30</size>
         <input_file_ref idref="fl-1f"/>
      </object_component>
      <object_component id="oc-9e5">
         <name>.text:RF_calculateDeltaTimeUs</name>
         <load_address>0x3a04</load_address>
         <run_address>0x3a04</run_address>
         <size>0x30</size>
         <input_file_ref idref="fl-14"/>
      </object_component>
      <object_component id="oc-db">
         <name>.text:_c_int00:_c_int00</name>
         <load_address>0x3a34</load_address>
         <run_address>0x3a34</run_address>
         <size>0x30</size>
         <input_file_ref idref="fl-105"/>
      </object_component>
      <object_component id="oc-8df">
         <name>.text:startTDC</name>
         <load_address>0x3a64</load_address>
         <run_address>0x3a64</run_address>
         <size>0x30</size>
         <input_file_ref idref="fl-20"/>
      </object_component>
      <object_component id="oc-9de">
         <name>.text:RF_executeDirectImmediateCmd</name>
         <load_address>0x3a94</load_address>
         <run_address>0x3a94</run_address>
         <size>0x2c</size>
         <input_file_ref idref="fl-14"/>
      </object_component>
      <object_component id="oc-94b">
         <name>.text:RF_ratReleaseChannels</name>
         <load_address>0x3ac0</load_address>
         <run_address>0x3ac0</run_address>
         <size>0x2c</size>
         <input_file_ref idref="fl-14"/>
      </object_component>
      <object_component id="oc-9bf">
         <name>.text:TimerP_setThreshold</name>
         <load_address>0x3aec</load_address>
         <run_address>0x3aec</run_address>
         <size>0x2c</size>
         <input_file_ref idref="fl-2f"/>
      </object_component>
      <object_component id="oc-9f7">
         <name>.text:RF_ratSuspendChannels</name>
         <load_address>0x3b18</load_address>
         <run_address>0x3b18</run_address>
         <size>0x2a</size>
         <input_file_ref idref="fl-14"/>
      </object_component>
      <object_component id="oc-3e">
         <name>.text:faultISR</name>
         <load_address>0x3b42</load_address>
         <run_address>0x3b42</run_address>
         <size>0x2</size>
         <input_file_ref idref="fl-32"/>
      </object_component>
      <object_component id="oc-5e7">
         <name>.text:Power_registerNotify</name>
         <load_address>0x3b44</load_address>
         <run_address>0x3b44</run_address>
         <size>0x28</size>
         <input_file_ref idref="fl-1f"/>
      </object_component>
      <object_component id="oc-31d">
         <name>.text:RF_runCmd</name>
         <load_address>0x3b6c</load_address>
         <run_address>0x3b6c</run_address>
         <size>0x28</size>
         <input_file_ref idref="fl-14"/>
      </object_component>
      <object_component id="oc-38d">
         <name>.text:oscillatorISR</name>
         <load_address>0x3b94</load_address>
         <run_address>0x3b94</run_address>
         <size>0x28</size>
         <input_file_ref idref="fl-1f"/>
      </object_component>
      <object_component id="oc-460">
         <name>.text:List_put</name>
         <load_address>0x3bbc</load_address>
         <run_address>0x3bbc</run_address>
         <size>0x26</size>
         <input_file_ref idref="fl-17"/>
      </object_component>
      <object_component id="oc-44">
         <name>.text:intDefaultHandler</name>
         <load_address>0x3be2</load_address>
         <run_address>0x3be2</run_address>
         <size>0x2</size>
         <input_file_ref idref="fl-32"/>
      </object_component>
      <object_component id="oc-6e4">
         <name>.text:ClockP_getTicks</name>
         <load_address>0x3be4</load_address>
         <run_address>0x3be4</run_address>
         <size>0x24</size>
         <input_file_ref idref="fl-2e"/>
      </object_component>
      <object_component id="oc-6de">
         <name>.text:ClockP_scheduleNextTick</name>
         <load_address>0x3c08</load_address>
         <run_address>0x3c08</run_address>
         <size>0x24</size>
         <input_file_ref idref="fl-2e"/>
      </object_component>
      <object_component id="oc-4e4">
         <name>.text:HwiP_dispatch</name>
         <load_address>0x3c2c</load_address>
         <run_address>0x3c2c</run_address>
         <size>0x24</size>
         <input_file_ref idref="fl-30"/>
      </object_component>
      <object_component id="oc-758">
         <name>.text:NOROM_OSCHF_TurnOnXosc</name>
         <load_address>0x3c50</load_address>
         <run_address>0x3c50</run_address>
         <size>0x24</size>
         <input_file_ref idref="fl-39"/>
      </object_component>
      <object_component id="oc-938">
         <name>.text:NOROM_RFCDoorbellSendTo</name>
         <load_address>0x3c74</load_address>
         <run_address>0x3c74</run_address>
         <size>0x24</size>
         <input_file_ref idref="fl-3a"/>
      </object_component>
      <object_component id="oc-61d">
         <name>.text:RF_clkPowerUp</name>
         <load_address>0x3c98</load_address>
         <run_address>0x3c98</run_address>
         <size>0x24</size>
         <input_file_ref idref="fl-14"/>
      </object_component>
      <object_component id="oc-454">
         <name>.text:RF_cmdAlloc</name>
         <load_address>0x3cbc</load_address>
         <run_address>0x3cbc</run_address>
         <size>0x24</size>
         <input_file_ref idref="fl-14"/>
      </object_component>
      <object_component id="oc-944">
         <name>.text:RF_invokeGlobalCallback</name>
         <load_address>0x3ce0</load_address>
         <run_address>0x3ce0</run_address>
         <size>0x24</size>
         <input_file_ref idref="fl-14"/>
      </object_component>
      <object_component id="oc-6b4">
         <name>.text:TimerP_getMaxTicks</name>
         <load_address>0x3d04</load_address>
         <run_address>0x3d04</run_address>
         <size>0x24</size>
         <input_file_ref idref="fl-2f"/>
      </object_component>
      <object_component id="oc-8d0">
         <name>.text:getTdcSemaphore</name>
         <load_address>0x3d28</load_address>
         <run_address>0x3d28</run_address>
         <size>0x24</size>
         <input_file_ref idref="fl-20"/>
      </object_component>
      <object_component id="oc-932">
         <name>.text:List_get</name>
         <load_address>0x3d4c</load_address>
         <run_address>0x3d4c</run_address>
         <size>0x22</size>
         <input_file_ref idref="fl-17"/>
      </object_component>
      <object_component id="oc-93e">
         <name>.text:RF_isRadioSetup</name>
         <load_address>0x3d6e</load_address>
         <run_address>0x3d6e</run_address>
         <size>0x22</size>
         <input_file_ref idref="fl-14"/>
      </object_component>
      <object_component id="oc-5b3">
         <name>.text:ClockP_add</name>
         <load_address>0x3d90</load_address>
         <run_address>0x3d90</run_address>
         <size>0x20</size>
         <input_file_ref idref="fl-2e"/>
      </object_component>
      <object_component id="oc-4ce">
         <name>.text:QueueP_put</name>
         <load_address>0x3db0</load_address>
         <run_address>0x3db0</run_address>
         <size>0x20</size>
         <input_file_ref idref="fl-33"/>
      </object_component>
      <object_component id="oc-a05">
         <name>.text:RF_hwiCpe0ChangePhy</name>
         <load_address>0x3dd0</load_address>
         <run_address>0x3dd0</run_address>
         <size>0x20</size>
         <input_file_ref idref="fl-14"/>
      </object_component>
      <object_component id="oc-915">
         <name>.text:RF_ratIsRunning</name>
         <load_address>0x3df0</load_address>
         <run_address>0x3df0</run_address>
         <size>0x20</size>
         <input_file_ref idref="fl-14"/>
      </object_component>
      <object_component id="oc-5f9">
         <name>.text:RF_swiFsm</name>
         <load_address>0x3e10</load_address>
         <run_address>0x3e10</run_address>
         <size>0x20</size>
         <input_file_ref idref="fl-14"/>
      </object_component>
      <object_component id="oc-881">
         <name>.text:TimerP_dynamicStub</name>
         <load_address>0x3e30</load_address>
         <run_address>0x3e30</run_address>
         <size>0x20</size>
         <input_file_ref idref="fl-2f"/>
      </object_component>
      <object_component id="oc-59f">
         <name>.text:PIN_close</name>
         <load_address>0x3e50</load_address>
         <run_address>0x3e50</run_address>
         <size>0x1e</size>
         <input_file_ref idref="fl-1e"/>
      </object_component>
      <object_component id="oc-712">
         <name>.text:Power_getTransitionLatency</name>
         <load_address>0x3e6e</load_address>
         <run_address>0x3e6e</run_address>
         <size>0x1e</size>
         <input_file_ref idref="fl-1f"/>
      </object_component>
      <object_component id="oc-3b8">
         <name>.text:SemaphoreP_constructBinary</name>
         <load_address>0x3e8c</load_address>
         <run_address>0x3e8c</run_address>
         <size>0x1e</size>
         <input_file_ref idref="fl-2b"/>
      </object_component>
      <object_component id="oc-57f">
         <name>.text:SwiP_or</name>
         <load_address>0x3eaa</load_address>
         <run_address>0x3eaa</run_address>
         <size>0x1e</size>
         <input_file_ref idref="fl-2c"/>
      </object_component>
      <object_component id="oc-26d">
         <name>.text:CC26X2R1_LAUNCHXL_initGeneral</name>
         <load_address>0x3ec8</load_address>
         <run_address>0x3ec8</run_address>
         <size>0x1c</size>
         <input_file_ref idref="fl-2"/>
      </object_component>
      <object_component id="oc-10a">
         <name>.text:NOROM_ChipInfo_GetChipFamily</name>
         <load_address>0x3ee4</load_address>
         <run_address>0x3ee4</run_address>
         <size>0x1c</size>
         <input_file_ref idref="fl-34"/>
      </object_component>
      <object_component id="oc-3c4">
         <name>.text:PINCC26XX_setIoCfgMux</name>
         <load_address>0x3f00</load_address>
         <run_address>0x3f00</run_address>
         <size>0x1c</size>
         <input_file_ref idref="fl-1e"/>
      </object_component>
      <object_component id="oc-3eb">
         <name>.text:PIN_hwi</name>
         <load_address>0x3f1c</load_address>
         <run_address>0x3f1c</run_address>
         <size>0x1c</size>
         <input_file_ref idref="fl-1e"/>
      </object_component>
      <object_component id="oc-444">
         <name>.text:RF_clkInactivity</name>
         <load_address>0x3f38</load_address>
         <run_address>0x3f38</run_address>
         <size>0x1c</size>
         <input_file_ref idref="fl-14"/>
      </object_component>
      <object_component id="oc-92c">
         <name>.text:RF_powerConstraintSet</name>
         <load_address>0x3f54</load_address>
         <run_address>0x3f54</run_address>
         <size>0x1c</size>
         <input_file_ref idref="fl-14"/>
      </object_component>
      <object_component id="oc-665">
         <name>.text:SwiP_disable</name>
         <load_address>0x3f70</load_address>
         <run_address>0x3f70</run_address>
         <size>0x1c</size>
         <input_file_ref idref="fl-2c"/>
      </object_component>
      <object_component id="oc-7ea">
         <name>.text:HwiP_setFunc</name>
         <load_address>0x3f8c</load_address>
         <run_address>0x3f8c</run_address>
         <size>0x1a</size>
         <input_file_ref idref="fl-30"/>
      </object_component>
      <object_component id="oc-4fa">
         <name>.text:PowerCC26XX_calibrate</name>
         <load_address>0x3fa6</load_address>
         <run_address>0x3fa6</run_address>
         <size>0x1a</size>
         <input_file_ref idref="fl-1f"/>
      </object_component>
      <object_component id="oc-901">
         <name>.text:QueueP_get</name>
         <load_address>0x3fc0</load_address>
         <run_address>0x3fc0</run_address>
         <size>0x1a</size>
         <input_file_ref idref="fl-33"/>
      </object_component>
      <object_component id="oc-5c5">
         <name>.text:ClockP_destruct</name>
         <load_address>0x3fda</load_address>
         <run_address>0x3fda</run_address>
         <size>0x18</size>
         <input_file_ref idref="fl-2e"/>
      </object_component>
      <object_component id="oc-81d">
         <name>.text:ClockP_getTimeout</name>
         <load_address>0x3ff2</load_address>
         <run_address>0x3ff2</run_address>
         <size>0x18</size>
         <input_file_ref idref="fl-2e"/>
      </object_component>
      <object_component id="oc-38">
         <name>.text:nmiISR</name>
         <load_address>0x400a</load_address>
         <run_address>0x400a</run_address>
         <size>0x2</size>
         <input_file_ref idref="fl-32"/>
      </object_component>
      <object_component id="oc-5d6">
         <name>.text:HwiP_inISR</name>
         <load_address>0x400c</load_address>
         <run_address>0x400c</run_address>
         <size>0x18</size>
         <input_file_ref idref="fl-30"/>
      </object_component>
      <object_component id="oc-3a6">
         <name>.text:NOROM_ChipInfo_GetPackageType</name>
         <load_address>0x4024</load_address>
         <run_address>0x4024</run_address>
         <size>0x18</size>
         <input_file_ref idref="fl-34"/>
      </object_component>
      <object_component id="oc-8f3">
         <name>.text:Power_idleFunc</name>
         <load_address>0x403c</load_address>
         <run_address>0x403c</run_address>
         <size>0x18</size>
         <input_file_ref idref="fl-1f"/>
      </object_component>
      <object_component id="oc-875">
         <name>.text:TimerP_startup</name>
         <load_address>0x4054</load_address>
         <run_address>0x4054</run_address>
         <size>0x18</size>
         <input_file_ref idref="fl-2f"/>
      </object_component>
      <object_component id="oc-141">
         <name>.text:_args_main</name>
         <load_address>0x406c</load_address>
         <run_address>0x406c</run_address>
         <size>0x18</size>
         <input_file_ref idref="fl-10b"/>
      </object_component>
      <object_component id="oc-470">
         <name>.text</name>
         <load_address>0x4084</load_address>
         <run_address>0x4084</run_address>
         <size>0x18</size>
         <input_file_ref idref="fl-fd"/>
      </object_component>
      <object_component id="oc-84b">
         <name>.text:RF_restartClockTimeout</name>
         <load_address>0x409c</load_address>
         <run_address>0x409c</run_address>
         <size>0x16</size>
         <input_file_ref idref="fl-14"/>
      </object_component>
      <object_component id="oc-8fb">
         <name>.text:maxbit</name>
         <load_address>0x40b2</load_address>
         <run_address>0x40b2</run_address>
         <size>0x16</size>
         <input_file_ref idref="fl-2c"/>
      </object_component>
      <object_component id="oc-5ed">
         <name>.text:List_clearList</name>
         <load_address>0x40c8</load_address>
         <run_address>0x40c8</run_address>
         <size>0x14</size>
         <input_file_ref idref="fl-17"/>
      </object_component>
      <object_component id="oc-7e4">
         <name>.text:NOROM_RFCCpeIntGetAndClear</name>
         <load_address>0x40dc</load_address>
         <run_address>0x40dc</run_address>
         <size>0x14</size>
         <input_file_ref idref="fl-3a"/>
      </object_component>
      <object_component id="oc-323">
         <name>.text:PINCC26XX_getOutputValue</name>
         <load_address>0x40f0</load_address>
         <run_address>0x40f0</run_address>
         <size>0x14</size>
         <input_file_ref idref="fl-1e"/>
      </object_component>
      <object_component id="oc-522">
         <name>.text:PowerCC26X2_calibrate</name>
         <load_address>0x4104</load_address>
         <run_address>0x4104</run_address>
         <size>0x14</size>
         <input_file_ref idref="fl-20"/>
      </object_component>
      <object_component id="oc-5dc">
         <name>.text:Power_disablePolicy</name>
         <load_address>0x4118</load_address>
         <run_address>0x4118</run_address>
         <size>0x14</size>
         <input_file_ref idref="fl-1f"/>
      </object_component>
      <object_component id="oc-2ff">
         <name>.text:RF_Params_init</name>
         <load_address>0x412c</load_address>
         <run_address>0x412c</run_address>
         <size>0x14</size>
         <input_file_ref idref="fl-14"/>
      </object_component>
      <object_component id="oc-970">
         <name>.text:RF_dbellSyncOnAck</name>
         <load_address>0x4140</load_address>
         <run_address>0x4140</run_address>
         <size>0x14</size>
         <input_file_ref idref="fl-14"/>
      </object_component>
      <object_component id="oc-7cf">
         <name>.text:RF_ratGetChannel</name>
         <load_address>0x4154</load_address>
         <run_address>0x4154</run_address>
         <size>0x14</size>
         <input_file_ref idref="fl-14"/>
      </object_component>
      <object_component id="oc-466">
         <name>.text:RF_triggDispatcher</name>
         <load_address>0x4168</load_address>
         <run_address>0x4168</run_address>
         <size>0x14</size>
         <input_file_ref idref="fl-14"/>
      </object_component>
      <object_component id="oc-56e">
         <name>.text:SwiP_handleHwi</name>
         <load_address>0x417c</load_address>
         <run_address>0x417c</run_address>
         <size>0x14</size>
         <input_file_ref idref="fl-2c"/>
      </object_component>
      <object_component id="oc-89d">
         <name>.text:TimerP_getCount64</name>
         <load_address>0x4190</load_address>
         <run_address>0x4190</run_address>
         <size>0x14</size>
         <input_file_ref idref="fl-2f"/>
      </object_component>
      <object_component id="oc-52b">
         <name>.text:configureRFCoreClocks</name>
         <load_address>0x41a4</load_address>
         <run_address>0x41a4</run_address>
         <size>0x14</size>
         <input_file_ref idref="fl-1f"/>
      </object_component>
      <object_component id="oc-29">
         <name>.text:resetISR</name>
         <load_address>0x41b8</load_address>
         <run_address>0x41b8</run_address>
         <size>0x14</size>
         <input_file_ref idref="fl-32"/>
      </object_component>
      <object_component id="oc-3ca">
         <name>.text:HwiP_Params_init</name>
         <load_address>0x41cc</load_address>
         <run_address>0x41cc</run_address>
         <size>0x12</size>
         <input_file_ref idref="fl-30"/>
      </object_component>
      <object_component id="oc-137">
         <name>.text:main</name>
         <load_address>0x41de</load_address>
         <run_address>0x41de</run_address>
         <size>0x12</size>
         <input_file_ref idref="fl-5"/>
      </object_component>
      <object_component id="oc-36c">
         <name>.text:ClockP_Params_init</name>
         <load_address>0x41f0</load_address>
         <run_address>0x41f0</run_address>
         <size>0x10</size>
         <input_file_ref idref="fl-2e"/>
      </object_component>
      <object_component id="oc-429">
         <name>.text:HwiP_disable</name>
         <load_address>0x4200</load_address>
         <run_address>0x4200</run_address>
         <size>0x10</size>
         <input_file_ref idref="fl-30"/>
      </object_component>
      <object_component id="oc-82c">
         <name>.text:HwiP_enableInterrupt</name>
         <load_address>0x4210</load_address>
         <run_address>0x4210</run_address>
         <size>0x10</size>
         <input_file_ref idref="fl-30"/>
      </object_component>
      <object_component id="oc-851">
         <name>.text:HwiP_post</name>
         <load_address>0x4220</load_address>
         <run_address>0x4220</run_address>
         <size>0x10</size>
         <input_file_ref idref="fl-30"/>
      </object_component>
      <object_component id="oc-811">
         <name>.text:NOROM_RFCHwIntGetAndClear</name>
         <load_address>0x4230</load_address>
         <run_address>0x4230</run_address>
         <size>0x10</size>
         <input_file_ref idref="fl-3a"/>
      </object_component>
      <object_component id="oc-3ac">
         <name>.text:PINCC26XX_getPinCount</name>
         <load_address>0x4240</load_address>
         <run_address>0x4240</run_address>
         <size>0x10</size>
         <input_file_ref idref="fl-1e"/>
      </object_component>
      <object_component id="oc-8b4">
         <name>.text:PowerCC26XX_schedulerDisable</name>
         <load_address>0x4250</load_address>
         <run_address>0x4250</run_address>
         <size>0x10</size>
         <input_file_ref idref="fl-31"/>
      </object_component>
      <object_component id="oc-5b9">
         <name>.text:Power_enablePolicy</name>
         <load_address>0x4260</load_address>
         <run_address>0x4260</run_address>
         <size>0x10</size>
         <input_file_ref idref="fl-1f"/>
      </object_component>
      <object_component id="oc-826">
         <name>.text:RF_dbellSubmitCmdAsync</name>
         <load_address>0x4270</load_address>
         <run_address>0x4270</run_address>
         <size>0x10</size>
         <input_file_ref idref="fl-14"/>
      </object_component>
      <object_component id="oc-85a">
         <name>.text:RF_isClientOwner</name>
         <load_address>0x4280</load_address>
         <run_address>0x4280</run_address>
         <size>0x10</size>
         <input_file_ref idref="fl-14"/>
      </object_component>
      <object_component id="oc-7d5">
         <name>.text:RF_ratGetChannelValue</name>
         <load_address>0x4290</load_address>
         <run_address>0x4290</run_address>
         <size>0x10</size>
         <input_file_ref idref="fl-14"/>
      </object_component>
      <object_component id="oc-546">
         <name>.text:SemaphoreP_Params_init</name>
         <load_address>0x42a0</load_address>
         <run_address>0x42a0</run_address>
         <size>0x10</size>
         <input_file_ref idref="fl-2b"/>
      </object_component>
      <object_component id="oc-3d0">
         <name>.text:SwiP_Params_init</name>
         <load_address>0x42b0</load_address>
         <run_address>0x42b0</run_address>
         <size>0x10</size>
         <input_file_ref idref="fl-2c"/>
      </object_component>
      <object_component id="oc-6a8">
         <name>.text:TimerP_Params_init</name>
         <load_address>0x42c0</load_address>
         <run_address>0x42c0</run_address>
         <size>0x10</size>
         <input_file_ref idref="fl-2f"/>
      </object_component>
      <object_component id="oc-bc">
         <name>.text:NOROM_ThisLibraryIsFor_CC13x2_CC26x2_HaltIfViolated</name>
         <load_address>0x42d0</load_address>
         <run_address>0x42d0</run_address>
         <size>0xe</size>
         <input_file_ref idref="fl-34"/>
      </object_component>
      <object_component id="oc-907">
         <name>.text:QueueP_empty</name>
         <load_address>0x42de</load_address>
         <run_address>0x42de</run_address>
         <size>0xe</size>
         <input_file_ref idref="fl-33"/>
      </object_component>
      <object_component id="oc-7a9">
         <name>.text:QueueP_remove</name>
         <load_address>0x42ec</load_address>
         <run_address>0x42ec</run_address>
         <size>0xe</size>
         <input_file_ref idref="fl-33"/>
      </object_component>
      <object_component id="oc-22">
         <name>.text:decompress:none:__TI_decompress_none</name>
         <load_address>0x42fa</load_address>
         <run_address>0x42fa</run_address>
         <size>0xe</size>
         <input_file_ref idref="fl-100"/>
      </object_component>
      <object_component id="oc-6c9">
         <name>.text:ClockP_doTick</name>
         <load_address>0x4308</load_address>
         <run_address>0x4308</run_address>
         <size>0xc</size>
         <input_file_ref idref="fl-2e"/>
      </object_component>
      <object_component id="oc-70">
         <name>.text:NOROM_CPUcpsid</name>
         <load_address>0x4314</load_address>
         <run_address>0x4314</run_address>
         <size>0xc</size>
         <input_file_ref idref="fl-35"/>
      </object_component>
      <object_component id="oc-2f8">
         <name>.text:NOROM_CPUcpsie</name>
         <load_address>0x4320</load_address>
         <run_address>0x4320</run_address>
         <size>0xc</size>
         <input_file_ref idref="fl-35"/>
      </object_component>
      <object_component id="oc-8ba">
         <name>.text:PowerCC26XX_schedulerRestore</name>
         <load_address>0x432c</load_address>
         <run_address>0x432c</run_address>
         <size>0xc</size>
         <input_file_ref idref="fl-31"/>
      </object_component>
      <object_component id="oc-706">
         <name>.text:Power_getConstraintMask</name>
         <load_address>0x4338</load_address>
         <run_address>0x4338</run_address>
         <size>0xc</size>
         <input_file_ref idref="fl-1f"/>
      </object_component>
      <object_component id="oc-8c0">
         <name>.text:Power_getDependencyCount</name>
         <load_address>0x4344</load_address>
         <run_address>0x4344</run_address>
         <size>0xc</size>
         <input_file_ref idref="fl-1f"/>
      </object_component>
      <object_component id="oc-9f1">
         <name>.text:RF_powerConstraintGet</name>
         <load_address>0x4350</load_address>
         <run_address>0x4350</run_address>
         <size>0xc</size>
         <input_file_ref idref="fl-14"/>
      </object_component>
      <object_component id="oc-475">
         <name>.text:RF_ratGetValue</name>
         <load_address>0x435c</load_address>
         <run_address>0x435c</run_address>
         <size>0xc</size>
         <input_file_ref idref="fl-14"/>
      </object_component>
      <object_component id="oc-588">
         <name>.text:SwiP_getTrigger</name>
         <load_address>0x4368</load_address>
         <run_address>0x4368</run_address>
         <size>0xc</size>
         <input_file_ref idref="fl-2c"/>
      </object_component>
      <object_component id="oc-6ba">
         <name>.text:TimerP_getFreq</name>
         <load_address>0x4374</load_address>
         <run_address>0x4374</run_address>
         <size>0xc</size>
         <input_file_ref idref="fl-2f"/>
      </object_component>
      <object_component id="oc-6a">
         <name>.text:decompress:ZI:__TI_zero_init</name>
         <load_address>0x4380</load_address>
         <run_address>0x4380</run_address>
         <size>0xc</size>
         <input_file_ref idref="fl-ff"/>
      </object_component>
      <object_component id="oc-2ee">
         <name>.text:Board_initHook</name>
         <load_address>0x438c</load_address>
         <run_address>0x438c</run_address>
         <size>0x8</size>
         <input_file_ref idref="fl-3"/>
      </object_component>
      <object_component id="oc-42f">
         <name>.text:HwiP_restore</name>
         <load_address>0x4394</load_address>
         <run_address>0x4394</run_address>
         <size>0x8</size>
         <input_file_ref idref="fl-30"/>
      </object_component>
      <object_component id="oc-45a">
         <name>.text:ClockP_stop</name>
         <load_address>0x439c</load_address>
         <run_address>0x439c</run_address>
         <size>0x6</size>
         <input_file_ref idref="fl-2e"/>
      </object_component>
      <object_component id="oc-795">
         <name>.text:NOROM_CPUdelay</name>
         <load_address>0x43a2</load_address>
         <run_address>0x43a2</run_address>
         <size>0x6</size>
         <input_file_ref idref="fl-35"/>
      </object_component>
      <object_component id="oc-55c">
         <name>.text:QueueP_init</name>
         <load_address>0x43a8</load_address>
         <run_address>0x43a8</run_address>
         <size>0x6</size>
         <input_file_ref idref="fl-33"/>
      </object_component>
      <object_component id="oc-44a">
         <name>.text:RF_clkReqAccess</name>
         <load_address>0x43ae</load_address>
         <run_address>0x43ae</run_address>
         <size>0x6</size>
         <input_file_ref idref="fl-14"/>
      </object_component>
      <object_component id="oc-72a">
         <name>.text:CPUwfi</name>
         <load_address>0x43b4</load_address>
         <run_address>0x43b4</run_address>
         <size>0x4</size>
         <input_file_ref idref="fl-31"/>
      </object_component>
      <object_component id="oc-5bf">
         <name>.text:ClockP_isActive</name>
         <load_address>0x43b8</load_address>
         <run_address>0x43b8</run_address>
         <size>0x4</size>
         <input_file_ref idref="fl-2e"/>
      </object_component>
      <object_component id="oc-718">
         <name>.text:ClockP_setTimeout</name>
         <load_address>0x43bc</load_address>
         <run_address>0x43bc</run_address>
         <size>0x4</size>
         <input_file_ref idref="fl-2e"/>
      </object_component>
      <object_component id="oc-273">
         <name>.text:HwiP_enable</name>
         <load_address>0x43c0</load_address>
         <run_address>0x43c0</run_address>
         <size>0x4</size>
         <input_file_ref idref="fl-30"/>
      </object_component>
      <object_component id="oc-423">
         <name>.text:NOROM_RFCOverrideUpdate</name>
         <load_address>0x43c4</load_address>
         <run_address>0x43c4</run_address>
         <size>0x4</size>
         <input_file_ref idref="fl-3a"/>
      </object_component>
      <object_component id="oc-9b1">
         <name>.text:QueueP_head</name>
         <load_address>0x43c8</load_address>
         <run_address>0x43c8</run_address>
         <size>0x4</size>
         <input_file_ref idref="fl-33"/>
      </object_component>
      <object_component id="oc-9b7">
         <name>.text:QueueP_next</name>
         <load_address>0x43cc</load_address>
         <run_address>0x43cc</run_address>
         <size>0x4</size>
         <input_file_ref idref="fl-33"/>
      </object_component>
      <object_component id="oc-131">
         <name>.text:_system_pre_init</name>
         <load_address>0x43d0</load_address>
         <run_address>0x43d0</run_address>
         <size>0x4</size>
         <input_file_ref idref="fl-108"/>
      </object_component>
      <object_component id="oc-280">
         <name>.text:abort:abort</name>
         <load_address>0x43d4</load_address>
         <run_address>0x43d4</run_address>
         <size>0x4</size>
         <input_file_ref idref="fl-10a"/>
      </object_component>
      <object_component id="oc-537">
         <name>.text:nopResourceHandler</name>
         <load_address>0x43d8</load_address>
         <run_address>0x43d8</run_address>
         <size>0x4</size>
         <input_file_ref idref="fl-1f"/>
      </object_component>
      <object_component id="oc-99d">
         <name>.text</name>
         <load_address>0x43dc</load_address>
         <run_address>0x43dc</run_address>
         <size>0x2</size>
         <input_file_ref idref="fl-106"/>
      </object_component>
      <object_component id="oc-542">
         <name>.const:resourceDB</name>
         <load_address>0x43e0</load_address>
         <run_address>0x43e0</run_address>
         <size>0x54</size>
         <input_file_ref idref="fl-1f"/>
      </object_component>
      <object_component id="oc-2f4">
         <name>.const:BoardGpioInitTable</name>
         <load_address>0x4434</load_address>
         <run_address>0x4434</run_address>
         <size>0x2c</size>
         <input_file_ref idref="fl-2"/>
      </object_component>
      <object_component id="oc-40b">
         <name>.const:RF_defaultParams</name>
         <load_address>0x4460</load_address>
         <run_address>0x4460</run_address>
         <size>0x1c</size>
         <input_file_ref idref="fl-14"/>
      </object_component>
      <object_component id="oc-5a5">
         <name>.const:$P$T1$2</name>
         <load_address>0x447c</load_address>
         <run_address>0x447c</run_address>
         <size>0x14</size>
         <input_file_ref idref="fl-3"/>
      </object_component>
      <object_component id="oc-384">
         <name>.const:PowerCC26X2_config</name>
         <load_address>0x4490</load_address>
         <run_address>0x4490</run_address>
         <size>0x10</size>
         <input_file_ref idref="fl-2"/>
      </object_component>
      <object_component id="oc-557">
         <name>.const:SwiP_defaultParams</name>
         <load_address>0x44a0</load_address>
         <run_address>0x44a0</run_address>
         <size>0x10</size>
         <input_file_ref idref="fl-2c"/>
      </object_component>
      <object_component id="oc-5f3">
         <name>.const:RFCC26XX_hwAttrs</name>
         <load_address>0x44b0</load_address>
         <run_address>0x44b0</run_address>
         <size>0xc</size>
         <input_file_ref idref="fl-2"/>
      </object_component>
      <object_component id="oc-264">
         <name>.const:$O1$$</name>
         <load_address>0x44bc</load_address>
         <run_address>0x44bc</run_address>
         <size>0x8</size>
         <input_file_ref idref="fl-3e"/>
[...]
      </symbol>
      <symbol id="sm-9d3">
         <name>PowerCC26X2_calibrate</name>
         <value>0x4105</value>
         <object_component_ref idref="oc-522"/>
      </symbol>
      <symbol id="sm-9d4">
         <name>PowerCC26X2_auxISR</name>
         <value>0x2a11</value>
         <object_component_ref idref="oc-393"/>
      </symbol>
      <symbol id="sm-9d5">
         <name>PowerCC26X2_initiateCalibration</name>
         <value>0x2fa5</value>
         <object_component_ref idref="oc-731"/>
      </symbol>
      <symbol id="sm-a49">
         <name>SemaphoreP_defaultParams</name>
         <value>0x200008ec</value>
         <object_component_ref idref="oc-768"/>
      </symbol>
      <symbol id="sm-a4a">
         <name>SemaphoreP_construct</name>
         <value>0x319d</value>
         <object_component_ref idref="oc-54c"/>
      </symbol>
      <symbol id="sm-a4b">
         <name>SemaphoreP_post</name>
         <value>0x33ed</value>
         <object_component_ref idref="oc-41c"/>
      </symbol>
      <symbol id="sm-a4c">
         <name>SemaphoreP_pend</name>
         <value>0x20f5</value>
         <object_component_ref idref="oc-410"/>
      </symbol>
      <symbol id="sm-a4d">
         <name>SemaphoreP_constructBinary</name>
         <value>0x3e8d</value>
         <object_component_ref idref="oc-3b8"/>
      </symbol>
      <symbol id="sm-a4e">
         <name>SemaphoreP_Params_init</name>
         <value>0x42a1</value>
         <object_component_ref idref="oc-546"/>
      </symbol>
      <symbol id="sm-a4f">
         <name>clkFxn</name>
         <value>0x2dd3</value>
         <object_component_ref idref="oc-5cb"/>
      </symbol>
      <symbol id="sm-b05">
         <name>SwiP_disable</name>
         <value>0x3f71</value>
         <object_component_ref idref="oc-665"/>
      </symbol>
      <symbol id="sm-b06">
         <name>SwiP_restore</name>
         <value>0x3431</value>
         <object_component_ref idref="oc-671"/>
      </symbol>
      <symbol id="sm-b07">
         <name>SwiP_or</name>
         <value>0x3eab</value>
         <object_component_ref idref="oc-57f"/>
      </symbol>
      <symbol id="sm-b08">
         <name>SwiP_getTrigger</name>
         <value>0x4369</value>
         <object_component_ref idref="oc-588"/>
      </symbol>
      <symbol id="sm-b09">
         <name>SwiP_construct</name>
         <value>0x18c9</value>
         <object_component_ref idref="oc-3d6"/>
      </symbol>
      <symbol id="sm-b0a">
         <name>SwiP_Params_init</name>
         <value>0x42b1</value>
         <object_component_ref idref="oc-3d0"/>
      </symbol>
      <symbol id="sm-b0b">
         <name>SwiP_post</name>
         <value>0x2c35</value>
         <object_component_ref idref="oc-78d"/>
      </symbol>
      <symbol id="sm-b0c">
         <name>SwiP_dispatch</name>
         <value>0x2195</value>
         <object_component_ref idref="oc-786"/>
      </symbol>
      <symbol id="sm-bec">
         <name>ClockP_doTick</name>
         <value>0x4309</value>
         <object_component_ref idref="oc-6c9"/>
      </symbol>
      <symbol id="sm-bed">
         <name>ClockP_setTimeout</name>
         <value>0x43bd</value>
         <object_component_ref idref="oc-718"/>
      </symbol>
      <symbol id="sm-bee">
         <name>ClockP_getTimeout</name>
         <value>0x3ff3</value>
         <object_component_ref idref="oc-81d"/>
      </symbol>
      <symbol id="sm-bef">
         <name>ClockP_startup</name>
         <value>0x1e45</value>
         <object_component_ref idref="oc-4c8"/>
      </symbol>
      <symbol id="sm-bf0">
         <name>ClockP_stop</name>
         <value>0x439d</value>
         <object_component_ref idref="oc-45a"/>
      </symbol>
      <symbol id="sm-bf1">
         <name>ClockP_construct</name>
         <value>0x32d5</value>
         <object_component_ref idref="oc-372"/>
      </symbol>
      <symbol id="sm-bf2">
         <name>ClockP_scheduleNextTick</name>
         <value>0x3c09</value>
         <object_component_ref idref="oc-6de"/>
      </symbol>
      <symbol id="sm-bf3">
         <name>ClockP_getTicksUntilInterrupt</name>
         <value>0x3799</value>
         <object_component_ref idref="oc-70c"/>
      </symbol>
      <symbol id="sm-bf4">
         <name>ClockP_tickPeriod</name>
         <value>0x20000900</value>
         <object_component_ref idref="oc-6c0"/>
      </symbol>
      <symbol id="sm-bf5">
         <name>ClockP_Params_init</name>
         <value>0x41f1</value>
         <object_component_ref idref="oc-36c"/>
      </symbol>
      <symbol id="sm-bf6">
         <name>ClockP_workFuncDynamic</name>
         <value>0x1fa9</value>
         <object_component_ref idref="oc-6c3"/>
      </symbol>
      <symbol id="sm-bf7">
         <name>ClockP_walkQueueDynamic</name>
         <value>0x2921</value>
         <object_component_ref idref="oc-88f"/>
      </symbol>
      <symbol id="sm-bf8">
         <name>ClockP_destruct</name>
         <value>0x3fdb</value>
         <object_component_ref idref="oc-5c5"/>
      </symbol>
      <symbol id="sm-bf9">
         <name>ClockP_start</name>
         <value>0x26a9</value>
         <object_component_ref idref="oc-4d4"/>
      </symbol>
      <symbol id="sm-bfa">
         <name>ClockP_isActive</name>
         <value>0x43b9</value>
         <object_component_ref idref="oc-5bf"/>
      </symbol>
      <symbol id="sm-bfb">
         <name>ClockP_getTicks</name>
         <value>0x3be5</value>
         <object_component_ref idref="oc-6e4"/>
      </symbol>
      <symbol id="sm-bfc">
         <name>ClockP_add</name>
         <value>0x3d91</value>
         <object_component_ref idref="oc-5b3"/>
      </symbol>
      <symbol id="sm-ca3">
         <name>TimerP_setNextTick</name>
         <value>0x39a1</value>
         <object_component_ref idref="oc-8a4"/>
      </symbol>
      <symbol id="sm-ca4">
         <name>TimerP_getCurrentTick</name>
         <value>0x36f1</value>
         <object_component_ref idref="oc-6d8"/>
      </symbol>
      <symbol id="sm-ca5">
         <name>TimerP_getCount64</name>
         <value>0x4191</value>
         <object_component_ref idref="oc-89d"/>
      </symbol>
      <symbol id="sm-ca6">
         <name>TimerP_setThreshold</name>
         <value>0x3aed</value>
         <object_component_ref idref="oc-9bf"/>
      </symbol>
      <symbol id="sm-ca7">
         <name>TimerP_dynamicStub</name>
         <value>0x3e31</value>
         <object_component_ref idref="oc-881"/>
      </symbol>
      <symbol id="sm-ca8">
         <name>TimerP_getMaxTicks</name>
         <value>0x3d05</value>
         <object_component_ref idref="oc-6b4"/>
      </symbol>
      <symbol id="sm-ca9">
         <name>TimerP_construct</name>
         <value>0x1d89</value>
         <object_component_ref idref="oc-6ae"/>
      </symbol>
      <symbol id="sm-caa">
         <name>TimerP_getFreq</name>
         <value>0x4375</value>
         <object_component_ref idref="oc-6ba"/>
      </symbol>
      <symbol id="sm-cab">
         <name>TimerP_initDevice</name>
         <value>0x3729</value>
         <object_component_ref idref="oc-86a"/>
      </symbol>
      <symbol id="sm-cac">
         <name>TimerP_startup</name>
         <value>0x4055</value>
         <object_component_ref idref="oc-875"/>
      </symbol>
      <symbol id="sm-cad">
         <name>TimerP_start</name>
         <value>0x2c9d</value>
         <object_component_ref idref="oc-9a3"/>
      </symbol>
      <symbol id="sm-cae">
         <name>TimerP_Params_init</name>
         <value>0x42c1</value>
         <object_component_ref idref="oc-6a8"/>
      </symbol>
      <symbol id="sm-d2b">
         <name>HwiP_construct</name>
         <value>0x2729</value>
         <object_component_ref idref="oc-378"/>
      </symbol>
      <symbol id="sm-d2c">
         <name>HwiP_inISR</name>
         <value>0x400d</value>
         <object_component_ref idref="oc-5d6"/>
      </symbol>
      <symbol id="sm-d2d">
         <name>HwiP_swiPIntNum</name>
         <value>0x2000090c</value>
         <object_component_ref idref="oc-4ea"/>
      </symbol>
      <symbol id="sm-d2e">
         <name>HwiP_Params_init</name>
         <value>0x41cd</value>
         <object_component_ref idref="oc-3ca"/>
      </symbol>
      <symbol id="sm-d2f">
         <name>HwiP_disable</name>
         <value>0x4201</value>
         <object_component_ref idref="oc-429"/>
      </symbol>
      <symbol id="sm-d30">
         <name>HwiP_enableInterrupt</name>
         <value>0x4211</value>
         <object_component_ref idref="oc-82c"/>
      </symbol>
      <symbol id="sm-d31">
         <name>HwiP_setFunc</name>
         <value>0x3f8d</value>
         <object_component_ref idref="oc-7ea"/>
      </symbol>
      <symbol id="sm-d32">
         <name>HwiP_post</name>
         <value>0x4221</value>
         <object_component_ref idref="oc-851"/>
      </symbol>
      <symbol id="sm-d33">
         <name>HwiP_enable</name>
         <value>0x43c1</value>
         <object_component_ref idref="oc-273"/>
      </symbol>
      <symbol id="sm-d34">
         <name>HwiP_restore</name>
         <value>0x4395</value>
         <object_component_ref idref="oc-42f"/>
      </symbol>
      <symbol id="sm-d6c">
         <name>PowerCC26XX_schedulerDisable</name>
         <value>0x4251</value>
         <object_component_ref idref="oc-8b4"/>
      </symbol>
      <symbol id="sm-d6d">
         <name>PowerCC26XX_schedulerRestore</name>
         <value>0x432d</value>
         <object_component_ref idref="oc-8ba"/>
      </symbol>
      <symbol id="sm-d6e">
         <name>PowerCC26XX_standbyPolicy</name>
         <value>0x1a75</value>
         <object_component_ref idref="oc-4f4"/>
      </symbol>
      <symbol id="sm-d9f">
         <name>resetISR</name>
         <value>0x41b9</value>
         <object_component_ref idref="oc-29"/>
      </symbol>
      <symbol id="sm-da0">
         <name>g_pfnVectors</name>
         <value>0x0</value>
         <object_component_ref idref="oc-19"/>
      </symbol>
      <symbol id="sm-ddd">
         <name>QueueP_next</name>
         <value>0x43cd</value>
         <object_component_ref idref="oc-9b7"/>
      </symbol>
      <symbol id="sm-dde">
         <name>QueueP_put</name>
         <value>0x3db1</value>
         <object_component_ref idref="oc-4ce"/>
      </symbol>
      <symbol id="sm-ddf">
         <name>QueueP_remove</name>
         <value>0x42ed</value>
         <object_component_ref idref="oc-7a9"/>
      </symbol>
      <symbol id="sm-de0">
         <name>QueueP_head</name>
         <value>0x43c9</value>
         <object_component_ref idref="oc-9b1"/>
      </symbol>
      <symbol id="sm-de1">
         <name>QueueP_init</name>
         <value>0x43a9</value>
         <object_component_ref idref="oc-55c"/>
      </symbol>
      <symbol id="sm-de2">
         <name>QueueP_empty</name>
         <value>0x42df</value>
         <object_component_ref idref="oc-907"/>
      </symbol>
      <symbol id="sm-de3">
         <name>QueueP_get</name>
         <value>0x3fc1</value>
         <object_component_ref idref="oc-901"/>
      </symbol>
      <symbol id="sm-e16">
         <name>NOROM_ChipInfo_GetChipType</name>
         <value>0x30ad</value>
         <object_component_ref idref="oc-3a0"/>
      </symbol>
      <symbol id="sm-e17">
         <name>NOROM_ChipInfo_GetChipFamily</name>
         <value>0x3ee5</value>
         <object_component_ref idref="oc-10a"/>
      </symbol>
      <symbol id="sm-e18">
         <name>NOROM_ChipInfo_GetPackageType</name>
         <value>0x4025</value>
         <object_component_ref idref="oc-3a6"/>
      </symbol>
      <symbol id="sm-e19">
         <name>NOROM_ThisLibraryIsFor_CC13x2_CC26x2_HaltIfViolated</name>
         <value>0x42d1</value>
         <object_component_ref idref="oc-bc"/>
      </symbol>
      <symbol id="sm-e2d">
         <name>NOROM_CPUdelay</name>
         <value>0x43a3</value>
         <object_component_ref idref="oc-795"/>
      </symbol>
      <symbol id="sm-e2e">
         <name>NOROM_CPUcpsie</name>
         <value>0x4321</value>
         <object_component_ref idref="oc-2f8"/>
      </symbol>
      <symbol id="sm-e2f">
         <name>NOROM_CPUcpsid</name>
         <value>0x4315</value>
         <object_component_ref idref="oc-70"/>
      </symbol>
      <symbol id="sm-e35">
         <name>driverlib_release_0_51995</name>
         <value>0x2000063e</value>
      </symbol>
      <symbol id="sm-e4e">
         <name>NOROM_IntRegister</name>
         <value>0x3801</value>
         <object_component_ref idref="oc-4de"/>
      </symbol>
      <symbol id="sm-e4f">
         <name>g_pfnRAMVectors</name>
         <value>0x20000b00</value>
         <object_component_ref idref="oc-6ed"/>
      </symbol>
      <symbol id="sm-e85">
         <name>NOROM_OSCHF_TurnOnXosc</name>
         <value>0x3c51</value>
         <object_component_ref idref="oc-758"/>
      </symbol>
      <symbol id="sm-e86">
         <name>NOROM_OSCHF_AttemptToSwitchToXosc</name>
         <value>0x2b65</value>
         <object_component_ref idref="oc-73f"/>
      </symbol>
      <symbol id="sm-e87">
         <name>NOROM_OSCHF_SwitchToRcOscTurnOffXosc</name>
         <value>0x3365</value>
         <object_component_ref idref="oc-75e"/>
      </symbol>
      <symbol id="sm-ed7">
         <name>NOROM_RFCDoorbellSendTo</name>
         <value>0x3c75</value>
         <object_component_ref idref="oc-938"/>
      </symbol>
      <symbol id="sm-ed8">
         <name>NOROM_RFCSynthPowerDown</name>
         <value>0x331d</value>
         <object_component_ref idref="oc-9fe"/>
      </symbol>
      <symbol id="sm-ed9">
         <name>NOROM_RFCCpePatchReset</name>
         <value>0x23fb</value>
         <object_component_ref idref="oc-a0d"/>
      </symbol>
      <symbol id="sm-eda">
         <name>NOROM_RFCOverrideUpdate</name>
         <value>0x43c5</value>
         <object_component_ref idref="oc-423"/>
      </symbol>
      <symbol id="sm-edb">
         <name>NOROM_RFCCpeIntGetAndClear</name>
         <value>0x40dd</value>
         <object_component_ref idref="oc-7e4"/>
      </symbol>
      <symbol id="sm-edc">
         <name>NOROM_RFCHwIntGetAndClear</name>
         <value>0x4231</value>
         <object_component_ref idref="oc-811"/>
      </symbol>
      <symbol id="sm-f29">
         <name>NOROM_SetupTrimDevice</name>
         <value>0x22cd</value>
         <object_component_ref idref="oc-76"/>
      </symbol>
      <symbol id="sm-f4e">
         <name>NOROM_SetupAfterColdResetWakeupFromShutDownCfg1</name>
         <value>0x2af9</value>
         <object_component_ref idref="oc-111"/>
      </symbol>
      <symbol id="sm-f4f">
         <name>NOROM_SetupStepVddrTrimTo</name>
         <value>0x27a9</value>
         <object_component_ref idref="oc-11d"/>
      </symbol>
      <symbol id="sm-f7a">
         <name>NOROM_SysCtrlIdle</name>
         <value>0x3835</value>
         <object_component_ref idref="oc-724"/>
      </symbol>
      <symbol id="sm-f7b">
         <name>NOROM_SysCtrlStandby</name>
         <value>0x11f1</value>
         <object_component_ref idref="oc-8c6"/>
      </symbol>
      <symbol id="sm-f96">
         <name>NOROM_AUXSYSIFOpModeChange</name>
         <value>0x37cd</value>
         <object_component_ref idref="oc-129"/>
      </symbol>
      <symbol id="sm-fa5">
         <name>__aeabi_memset</name>
         <value>0x28a7</value>
         <object_component_ref idref="oc-b0"/>
      </symbol>
      <symbol id="sm-fa6">
         <name>memset</name>
         <value>0x28ad</value>
         <object_component_ref idref="oc-b0"/>
      </symbol>
      <symbol id="sm-fa7">
         <name>__aeabi_memset8</name>
         <value>0x28a7</value>
         <object_component_ref idref="oc-b0"/>
      </symbol>
      <symbol id="sm-fa8">
         <name>__aeabi_memset4</name>
         <value>0x28a7</value>
         <object_component_ref idref="oc-b0"/>
      </symbol>
      <symbol id="sm-fa9">
         <name>__aeabi_memclr8</name>
         <value>0x28a5</value>
         <object_component_ref idref="oc-b0"/>
      </symbol>
      <symbol id="sm-faa">
         <name>__aeabi_memclr4</name>
         <value>0x28a5</value>
         <object_component_ref idref="oc-b0"/>
      </symbol>
      <symbol id="sm-fab">
         <name>__aeabi_memclr</name>
         <value>0x28a5</value>
         <object_component_ref idref="oc-b0"/>
      </symbol>
      <symbol id="sm-fb8">
         <name>__aeabi_uldivmod</name>
         <value>0x2365</value>
         <object_component_ref idref="oc-870"/>
      </symbol>
      <symbol id="sm-fc8">
         <name>__aeabi_lmul</name>
         <value>0x4085</value>
         <object_component_ref idref="oc-470"/>
      </symbol>
      <symbol id="sm-fe3">
         <name>memcpy</name>
         <value>0x2231</value>
         <object_component_ref idref="oc-58"/>
      </symbol>
      <symbol id="sm-fe4">
         <name>__aeabi_memcpy</name>
         <value>0x2231</value>
         <object_component_ref idref="oc-58"/>
      </symbol>
      <symbol id="sm-fe5">
         <name>__aeabi_memcpy8</name>
         <value>0x2231</value>
         <object_component_ref idref="oc-58"/>
      </symbol>
      <symbol id="sm-fe6">
         <name>__aeabi_memcpy4</name>
         <value>0x2231</value>
         <object_component_ref idref="oc-58"/>
      </symbol>
      <symbol id="sm-ff8">
         <name>__TI_zero_init</name>
         <value>0x4381</value>
         <object_component_ref idref="oc-6a"/>
      </symbol>
      <symbol id="sm-100f">
         <name>__TI_decompress_none</name>
         <value>0x42fb</value>
         <object_component_ref idref="oc-22"/>
      </symbol>
      <symbol id="sm-1032">
         <name>__TI_decompress_lzss</name>
         <value>0x2d05</value>
         <object_component_ref idref="oc-1c"/>
      </symbol>
      <symbol id="sm-1047">
         <name>_sys_memory</name>
         <value>0x20000918</value>
         <object_component_ref idref="oc-32"/>
      </symbol>
      <symbol id="sm-105c">
         <name>__stack</name>
         <value>0x20013c00</value>
         <object_component_ref idref="oc-35"/>
      </symbol>
      <symbol id="sm-105d">
         <name>_c_int00</name>
         <value>0x3a35</value>
         <object_component_ref idref="oc-db"/>
      </symbol>
      <symbol id="sm-1067">
         <name>__aeabi_idiv0</name>
         <value>0x43dd</value>
         <object_component_ref idref="oc-99d"/>
      </symbol>
      <symbol id="sm-1068">
         <name>__aeabi_ldiv0</name>
         <value>0x43dd</value>
         <object_component_ref idref="oc-99d"/>
      </symbol>
      <symbol id="sm-1090">
         <name>__TI_auto_init_nobinit_nopinit</name>
         <value>0x3475</value>
         <object_component_ref idref="oc-28c"/>
      </symbol>
      <symbol id="sm-109a">
         <name>_system_pre_init</name>
         <value>0x43d1</value>
         <object_component_ref idref="oc-131"/>
      </symbol>
      <symbol id="sm-10a6">
         <name>C$$EXIT</name>
         <value>0x43d5</value>
         <object_component_ref idref="oc-280"/>
      </symbol>
      <symbol id="sm-10a7">
         <name>abort</name>
         <value>0x43d5</value>
         <object_component_ref idref="oc-280"/>
      </symbol>
      <symbol id="sm-10bb">
         <name>_args_main</name>
         <value>0x406d</value>
         <object_component_ref idref="oc-141"/>
      </symbol>
      <symbol id="sm-10bc">
         <name>__TI_static_base__</name>
         <value>0x0</value>
      </symbol>
      <symbol id="sm-10bf">
         <name>__mpu_init</name>
         <value>0x0</value>
      </symbol>
      <symbol id="sm-10c0">
         <name>_system_post_cinit</name>
         <value>0x0</value>
      </symbol>
      <symbol id="sm-10c1">
         <name>NoRTOS_start</name>
         <value>0x43c1</value>
      </symbol>
   </symbol_table>
   <title>Link successful</title>
</link_info>
