******************************************************************************
                  TI ARM Linker Unix v18.1.4                   
******************************************************************************
>> Linked Sun Apr 21 15:46:57 2019

OUTPUT FILE NAME:   <spimaster_CC26X2R1_LAUNCHXL_tirtos_ccs.out>
ENTRY POINT SYMBOL: "ResetISR"  address: 00005725


MEMORY CONFIGURATION

         name            origin    length      used     unused   attr    fill
----------------------  --------  ---------  --------  --------  ----  --------
  FLASH                 00000000   00058000  000082dc  0004fd24  R  X
  GPRAM                 11000000   00002000  00000000  00002000  RW X
  SRAM                  20000000   00014000  00002999  00011667  RW X


SEGMENT ALLOCATION MAP

run origin  load origin   length   init length attrs members
----------  ----------- ---------- ----------- ----- -------
00000000    00000000    00008288   00008288    r-x
  00000000    00000000    0000003c   0000003c    r-- .resetVecs
  0000003c    0000003c    00007768   00007768    r-x .text
  000077a4    000077a4    00000808   00000808    r-- .const
  00007fb0    00007fb0    000002d8   000002d8    r-- .cinit
00057fa8    00057fa8    00000058   00000058    r--
  00057fa8    00057fa8    00000058   00000058    r-- .ccfg
20000100    20000100    0000000c   00000000    rw-
  20000100    20000100    00000004   00000000    rw- .data:xdcRomConstPtr
  20000104    20000104    00000004   00000000    rw- .data:xdcRomExternFuncPtr
  20000108    20000108    00000004   00000000    rw- .data:xdcRomStatePtr
20000110    20000110    00001000   00000000    r--
  20000110    20000110    00001000   00000000    r-- .priheap
20001110    20001110    000005cc   00000000    rw-
  20001110    20001110    000005cc   00000000    rw- .data
20001830    20001830    00000010   00000000    rw-
  20001830    20001830    00000010   00000000    rw- .TI.bound:dmaSpi0RxControlTableEntry
20001840    20001840    00000010   00000000    rw-
  20001840    20001840    00000010   00000000    rw- .TI.bound:dmaSpi0TxControlTableEntry
20001900    20001900    00000010   00000000    rw-
  20001900    20001900    00000010   00000000    rw- .TI.bound:dmaSpi1RxControlTableEntry
20001910    20001910    00000010   00000000    rw-
  20001910    20001910    00000010   00000000    rw- .TI.bound:dmaSpi1TxControlTableEntry
20001a30    20001a30    00000010   00000000    rw-
  20001a30    20001a30    00000010   00000000    rw- .TI.bound:dmaSpi0RxAltControlTableEntry
20001a40    20001a40    00000010   00000000    rw-
  20001a40    20001a40    00000010   00000000    rw- .TI.bound:dmaSpi0TxAltControlTableEntry
20001b00    20001b00    00000010   00000000    rw-
  20001b00    20001b00    00000010   00000000    rw- .TI.bound:dmaSpi1RxAltControlTableEntry
20001b10    20001b10    00000e79   00000000    rw-
  20001b10    20001b10    00000010   00000000    rw- .TI.bound:dmaSpi1TxAltControlTableEntry
  20001b20    20001b20    00000e69   00000000    rw- .bss
20013c00    20013c00    00000400   00000000    rw-
  20013c00    20013c00    00000400   00000000    rw- .stack


SECTION ALLOCATION MAP

 output                                  attributes/
section   page    origin      length       input sections
--------  ----  ----------  ----------   ----------------
.binit     0    00000000    00000000     

.cinit     0    00007fb0    000002d8     
                  00007fb0    00000203     (.cinit..data.load) [load image, compression = lzss]
                  000081b3    00000001     --HOLE-- [fill = 0]
                  000081b4    0000000c     (__TI_handler_table)
                  000081c0    00000008     (.cinit..TI.bound:dmaSpi0RxAltControlTableEntry.load) [load image, compression = zero_init]
                  000081c8    00000008     (.cinit..TI.bound:dmaSpi0RxControlTableEntry.load) [load image, compression = zero_init]
                  000081d0    00000008     (.cinit..TI.bound:dmaSpi0TxAltControlTableEntry.load) [load image, compression = zero_init]
                  000081d8    00000008     (.cinit..TI.bound:dmaSpi0TxControlTableEntry.load) [load image, compression = zero_init]
                  000081e0    00000008     (.cinit..TI.bound:dmaSpi1RxAltControlTableEntry.load) [load image, compression = zero_init]
                  000081e8    00000008     (.cinit..TI.bound:dmaSpi1RxControlTableEntry.load) [load image, compression = zero_init]
                  000081f0    00000008     (.cinit..TI.bound:dmaSpi1TxAltControlTableEntry.load) [load image, compression = zero_init]
                  000081f8    00000008     (.cinit..TI.bound:dmaSpi1TxControlTableEntry.load) [load image, compression = zero_init]
                  00008200    00000008     (.cinit..bss.load) [load image, compression = zero_init]
                  00008208    00000008     (.cinit..data:xdcRomConstPtr.load) [load image, compression = lzss]
                  00008210    00000008     (.cinit..data:xdcRomExternFuncPtr.load) [load image, compression = lzss]
                  00008218    00000008     (.cinit..data:xdcRomStatePtr.load) [load image, compression = lzss]
                  00008220    00000068     (__TI_cinit_table)

.init_array 
*          0    00000000    00000000     UNINITIALIZED

.ccfg      0    00057fa8    00000058     
                  00057fa8    00000058     ccfg.obj (.ccfg:retain)

.data      0    20001110    000005cc     UNINITIALIZED
                  20001110    0000010c     release_pem4f.oem4f (.data:ROM_stateStruct)
                  2000121c    000000ec     drivers_cc26x2.aem4f : PowerCC26X2.oem4f (.data:PowerCC26X2_module)
                  20001308    00000088     rom_sysbios.aem4f : rom_sysbios.obj (.data:$O1$$)
                  20001390    00000054     release_pem4f.oem4f (.data:ti_sysbios_gates_GateMutex_Object__table__V)
                  200013e4    0000004c     release_pem4f.oem4f (.data:ti_sysbios_knl_Task_Object__table__V)
                  20001430    00000048     release_pem4f.oem4f (.data:ti_sysbios_family_arm_cc26xx_Timer_Object__table__V)
                  20001478    00000030     CC26X2R1_LAUNCHXL.obj (.data:gpioPinConfigs)
                  200014a8    00000030     release_pem4f.oem4f (.data:ti_sysbios_knl_Swi_Module_State_0_readyQ__A)
                  200014d8    00000030     release_pem4f.oem4f (.data:ti_sysbios_knl_Swi_Object__table__V)
                  20001508    00000030     release_pem4f.oem4f (.data:ti_sysbios_knl_Task_Module_State_0_readyQ__A)
                  20001538    00000020     smartrf_settings.obj (.data:RF_cmdPropRadioDivSetup)
                  20001558    00000020     release_pem4f.oem4f (.data:ti_sysbios_knl_Clock_Object__table__V)
                  20001578    00000020     release_pem4f.oem4f (.data:xdc_runtime_Error_IgnoreBlock)
                  20001598    00000018     smartrf_settings.obj (.data:RF_cmdFs)
                  200015b0    00000018     smartrf_settings.obj (.data:RF_cmdPropTx)
                  200015c8    00000018     release_pem4f.oem4f (.data:ti_sysbios_family_arm_m3_Hwi_Object__table__V)
                  200015e0    00000018     release_pem4f.oem4f (.data:ti_sysbios_heaps_HeapMem_Object__table__V)
                  200015f8    00000010     smartrf_settings.obj (.data:RF_prop)
                  20001608    00000010     spimaster.obj (.data:channels)
                  20001618    00000010     CC26X2R1_LAUNCHXL.obj (.data:gpioCallbackFunctions)
                  20001628    00000010     smartrf_settings.obj (.data:pOverrides)
                  20001638    00000008     rtsv7M4_T_le_v4SPD16_eabi.lib : _lock.c.obj (.data:$O1$$)
                  20001640    00000008     drivers_cc26x2.aem4f : PINCC26XX.oem4f (.data)
                  20001648    00000008     spimaster.obj (.data:pinTable)
                  20001650    00000008     release_pem4f.oem4f (.data:ti_sysbios_family_arm_m3_Hwi_Module__root__V)
                  20001658    00000008     release_pem4f.oem4f (.data:ti_sysbios_gates_GateHwi_Module__root__V)
                  20001660    00000008     release_pem4f.oem4f (.data:ti_sysbios_gates_GateMutex_Module__root__V)
                  20001668    00000008     release_pem4f.oem4f (.data:ti_sysbios_hal_Hwi_Module__root__V)
                  20001670    00000008     release_pem4f.oem4f (.data:ti_sysbios_heaps_HeapMem_Module__root__V)
                  20001678    00000008     release_pem4f.oem4f (.data:ti_sysbios_knl_Clock_Module__root__V)
                  20001680    00000008     release_pem4f.oem4f (.data:ti_sysbios_knl_Event_Module__root__V)
                  20001688    00000008     release_pem4f.oem4f (.data:ti_sysbios_knl_Mailbox_Module__root__V)
                  20001690    00000008     release_pem4f.oem4f (.data:ti_sysbios_knl_Queue_Module__root__V)
                  20001698    00000008     release_pem4f.oem4f (.data:ti_sysbios_knl_Semaphore_Module__root__V)
                  200016a0    00000008     release_pem4f.oem4f (.data:ti_sysbios_knl_Swi_Module__root__V)
                  200016a8    00000008     release_pem4f.oem4f (.data:ti_sysbios_knl_Task_Module__root__V)
                  200016b0    00000008     release_pem4f.oem4f (.data:xdc_runtime_System_Module_State_0_atexitHandlers__A)
                  200016b8    00000006     spimaster.obj (.data)
                  200016be    00000002     release_pem4f.oem4f (.data:ti_sysbios_family_arm_m3_Hwi_Module_State_0_excActive__A)
                  200016c0    00000005     drivers_cc26x2.aem4f : GPIOCC26XX.oem4f (.data)
                  200016c5    00000001                          : SPI.oem4f (.data)
                  200016c6    00000001                          : UART.oem4f (.data)
                  200016c7    00000001     --HOLE--
                  200016c8    00000004                          : GPIOCC26XX.oem4f (.data:gpioPinTable)
                  200016cc    00000004     rtsv7M4_T_le_v4SPD16_eabi.lib : stkdepth_vars.c.obj (.data)
                  200016d0    00000004     release_pem4f.oem4f (.data:ti_sysbios_family_arm_m3_Hwi_Module_State_0_excContext__A)
                  200016d4    00000004     release_pem4f.oem4f (.data:ti_sysbios_family_arm_m3_Hwi_Module_State_0_excStack__A)
                  200016d8    00000004     release_pem4f.oem4f (.data:ti_sysbios_knl_Task_Module_State_0_idleTask__A)

.bss       0    20001b20    00000e69     UNINITIALIZED
                  20001b20    00000250     (.common:uartCC26XXObjects)
                  20001d70    00000200     rf_multiMode_cc26x2.aem4f : RFCC26X2_multiMode.oem4f (.bss:RF_cmdPool)
                  20001f70    00000200     release_pem4f.oem4f (.bss:taskStackSection)
                  20002170    000001a8     (.common:spiCC26X2DMAObjects)
                  20002318    000000d8     (.common:ti_sysbios_family_arm_m3_Hwi_dispatchTable)
                  200023f0    000000a0     spimaster.obj (.bss:rfObject)
                  20002490    00000080     CC26X2R1_LAUNCHXL.obj (.bss:uartStringBuf)
                  20002510    0000007c     (.common:pinHandleTable)
                  2000258c    00000078     (.common:messages)
                  20002604    00000004     drivers_cc26x2.aem4f : PINCC26XX.oem4f (.bss)
                  20002608    00000068     rf_multiMode_cc26x2.aem4f : RFCC26X2_multiMode.oem4f (.bss:RF_ratModule)
                  20002670    00000040     (.common:uartCC26XXRingBuffer)
                  200026b0    00000034                               : RFCC26X2_multiMode.oem4f (.bss:RF_swiFsmObj)
                  200026e4    00000034                               : RFCC26X2_multiMode.oem4f (.bss:RF_swiHwObj)
                  20002718    00000034     drivers_cc26x2.aem4f : PINCC26XX.oem4f (.bss:pinSwi)
                  2000274c    00000028     rf_multiMode_cc26x2.aem4f : RFCC26X2_multiMode.oem4f (.bss:RF_Sch)
                  20002774    00000024                               : RFCC26X2_multiMode.oem4f (.bss:RF_clkInactivityObj)
                  20002798    00000024                               : RFCC26X2_multiMode.oem4f (.bss:RF_clkPowerUpObj)
                  200027bc    00000020                               : RFCC26X2_multiMode.oem4f (.bss:RF_cmdQ)
                  200027dc    00000020     drivers_cc26x2.aem4f : GPIOCC26XX.oem4f (.bss:gpioCallbackInfo)
                  200027fc    00000020                          : PINCC26XX.oem4f (.bss:pinGpioConfigTable)
                  2000281c    00000020     (.common:udmaObjects)
                  2000283c    0000001c     driverlib.lib : osc.obj (.bss:$O1$$)
                  20002858    0000001c     rf_multiMode_cc26x2.aem4f : RFCC26X2_multiMode.oem4f (.bss:RF_hwiCpe0Obj)
                  20002874    0000001c                               : RFCC26X2_multiMode.oem4f (.bss:RF_hwiHwObj)
                  20002890    0000001c     drivers_cc26x2.aem4f : PINCC26XX.oem4f (.bss:pinHwi)
                  200028ac    0000001c                          : PINCC26XX.oem4f (.bss:pinSemaphore)
                  200028c8    00000016     rf_multiMode_cc26x2.aem4f : RFCC26X2_multiMode.oem4f (.bss)
                  200028de    00000002     drivers_cc26x2.aem4f : UARTCC26XX.oem4f (.bss)
                  200028e0    00000014     rf_multiMode_cc26x2.aem4f : RFCC26X2_multiMode.oem4f (.bss:RF_ratSyncCmd)
                  200028f4    00000014                               : RFCC26X2_multiMode.oem4f (.bss:RF_wakeupNotifyObj)
                  20002908    00000014     drivers_cc26x2.aem4f : GPIOCC26XX.oem4f (.bss:powerNotifyObj)
                  2000291c    00000010     rf_multiMode_cc26x2.aem4f : RFCC26X2_multiMode.oem4f (.bss:RF_core)
                  2000292c    00000010     spimaster.obj (.bss:packet)
                  2000293c    0000000c     drivers_cc26x2.aem4f : GPIOCC26XX.oem4f (.bss:gpioPinState)
                  20002948    0000000c     spimaster.obj (.bss:ledPinState)
                  20002954    0000000c     spimaster.obj (.bss)
                  20002960    0000000c     (.common:displayUartObject)
                  2000296c    00000008     drivers_cc26x2.aem4f : GPIOCC26XX.oem4f (.bss)
                  20002974    00000004     (.common:ClockP_tickPeriod)
                  20002978    00000004     (.common:PowerCC26XX_swiKey)
                  2000297c    00000004     (.common:PowerCC26XX_taskKey)
                  20002980    00000004     (.common:masterRxBuffer)
                  20002984    00000004     (.common:masterTxBuffer)
                  20002988    00000001     (.common:driverlib_release_0_53646)

.stack     0    20013c00    00000400     UNINITIALIZED
                  20013c00    00000400     --HOLE--

.priheap   0    20000110    00001000     UNINITIALIZED
                  20000110    00001000     --HOLE--

.data:xdcRomConstPtr 
*          0    20000100    00000004     UNINITIALIZED
                  20000100    00000004     release_pem4f.oem4f (.data:xdcRomConstPtr)

.data:xdcRomExternFuncPtr 
*          0    20000104    00000004     UNINITIALIZED
                  20000104    00000004     release_pem4f.oem4f (.data:xdcRomExternFuncPtr)

.data:xdcRomStatePtr 
*          0    20000108    00000004     UNINITIALIZED
                  20000108    00000004     release_pem4f.oem4f (.data:xdcRomStatePtr)

.bootVecs 
*          0    00000000    00000008     DSECT
                  00000000    00000008     boot.aem4f : boot.oem4f (.bootVecs)

.resetVecs 
*          0    00000000    0000003c     
                  00000000    0000003c     release_pem4f.oem4f (.resetVecs)

.vecs      0    20000000    000000d8     NOLOAD SECTION
                  20000000    000000d8     release_pem4f.oem4f (.vecs)

xdc.meta   0    00000000    00000118     COPY SECTION
                  00000000    00000118     release_pem4f.oem4f (xdc.meta)

xdc.noload 
*          0    00000000    00000000     COPY SECTION

.TI.bound:dmaSpi0RxControlTableEntry 
*          0    20001830    00000010     UNINITIALIZED
                  20001830    00000010     drivers_cc26x2.aem4f : SPICC26X2DMA.oem4f (.TI.bound:dmaSpi0RxControlTableEntry)

.TI.bound:dmaSpi0TxControlTableEntry 
*          0    20001840    00000010     UNINITIALIZED
                  20001840    00000010     drivers_cc26x2.aem4f : SPICC26X2DMA.oem4f (.TI.bound:dmaSpi0TxControlTableEntry)

.TI.bound:dmaSpi1RxControlTableEntry 
*          0    20001900    00000010     UNINITIALIZED
                  20001900    00000010     drivers_cc26x2.aem4f : SPICC26X2DMA.oem4f (.TI.bound:dmaSpi1RxControlTableEntry)

.TI.bound:dmaSpi1TxControlTableEntry 
*          0    20001910    00000010     UNINITIALIZED
                  20001910    00000010     drivers_cc26x2.aem4f : SPICC26X2DMA.oem4f (.TI.bound:dmaSpi1TxControlTableEntry)

.TI.bound:dmaSpi0RxAltControlTableEntry 
*          0    20001a30    00000010     UNINITIALIZED
                  20001a30    00000010     drivers_cc26x2.aem4f : SPICC26X2DMA.oem4f (.TI.bound:dmaSpi0RxAltControlTableEntry)

.TI.bound:dmaSpi0TxAltControlTableEntry 
*          0    20001a40    00000010     UNINITIALIZED
                  20001a40    00000010     drivers_cc26x2.aem4f : SPICC26X2DMA.oem4f (.TI.bound:dmaSpi0TxAltControlTableEntry)

.TI.bound:dmaSpi1RxAltControlTableEntry 
*          0    20001b00    00000010     UNINITIALIZED
                  20001b00    00000010     drivers_cc26x2.aem4f : SPICC26X2DMA.oem4f (.TI.bound:dmaSpi1RxAltControlTableEntry)

.TI.bound:dmaSpi1TxAltControlTableEntry 
*          0    20001b10    00000010     UNINITIALIZED
                  20001b10    00000010     drivers_cc26x2.aem4f : SPICC26X2DMA.oem4f (.TI.bound:dmaSpi1TxAltControlTableEntry)

.text      0    0000003c    00007768     
                  0000003c    000004f8     spimaster.obj (.text:mainThread)
                  00000534    000003b8     rf_multiMode_cc26x2.aem4f : RFCC26X2_multiMode.oem4f (.text:RF_fsmActiveState)
                  000008ec    000002e4     drivers_cc26x2.aem4f : SPICC26X2DMA.oem4f (.text:SPICC26X2DMA_transfer)
                  00000bd0    00000228                          : SPICC26X2DMA.oem4f (.text:SPICC26X2DMA_hwiFxn)
                  00000df8    00000220     spimaster.obj (.text:masterThread)
                  00001018    000001c0     drivers_cc26x2.aem4f : PINCC26XX.oem4f (.text:PIN_init)
                  000011d8    000001b6     rtsv7M4_T_le_v4SPD16_eabi.lib : fd_add_t2.asm.obj (.text)
                  0000138e    00000002     display.aem4f : DisplayUart.oem4f (.text:DisplayUartMin_clear)
                  00001390    000001ac     drivers_cc26x2.aem4f : PowerCC26X2.oem4f (.text:Power_sleep)
                  0000153c    00000190                          : PowerCC26X2_calibrateRCOSC.oem4f (.text:calibrateRcoscHf1)
                  000016cc    0000018c                          : PowerCC26X2_calibrateRCOSC.oem4f (.text:runCalibrateFsm)
                  00001858    00000180                          : SPICC26X2DMA.oem4f (.text:configNextTransfer)
                  000019d8    00000178     release_pem4f.oem4f (.text:xdc_runtime_System_printfExtend__I)
                  00001b50    00000170     drivers_cc26x2.aem4f : SPICC26X2DMA.oem4f (.text:SPICC26X2DMA_transferCancel)
                  00001cc0    0000015c                          : UARTCC26XX.oem4f (.text:UARTCC26XX_open)
                  00001e1c    00000154                          : UARTCC26XX.oem4f (.text:UARTCC26XX_hwiIntFxn)
                  00001f70    00000150                          : PowerCC26X2.oem4f (.text:Power_init)
                  000020c0    00000148                          : SPICC26X2DMA.oem4f (.text:SPICC26X2DMA_open)
                  00002208    00000140                          : SPICC26X2DMA.oem4f (.text:initIO)
                  00002348    0000013c     rf_multiMode_cc26x2.aem4f : RFCC26X2_multiMode.oem4f (.text:RF_dispatchNextCmd)
                  00002484    00000138     drivers_cc26x2.aem4f : UARTCC26XX.oem4f (.text:UARTCC26XX_read)
                  000025bc    0000012c     rf_multiMode_cc26x2.aem4f : RFCC26X2_multiMode.oem4f (.text:RF_init)
                  000026e8    00000128                               : RFCC26X2_multiMode.oem4f (.text:RF_abortCmd)
                  00002810    00000120                               : RFCC26X2_multiMode.oem4f (.text:RF_fsmSetupState)
                  00002930    00000118                               : RFCC26X2_multiMode.oem4f (.text:RF_decodeOverridePointers)
                  00002a48    00000110     drivers_cc26x2.aem4f : GPIOCC26XX.oem4f (.text:GPIO_setConfig)
                  00002b58    00000108     rf_multiMode_cc26x2.aem4f : RFCC26X2_multiMode.oem4f (.text:RF_fsmPowerUpState)
                  00002c60    00000104     drivers_cc26x2.aem4f : UARTCC26XX.oem4f (.text:UARTCC26XX_write)
                  00002d64    000000fc     rtsv7M4_T_le_v4SPD16_eabi.lib : fd_mul_t2.asm.obj (.text)
                  00002e60    000000f4     driverlib.lib : sys_ctrl.obj (.text:NOROM_SysCtrlStandby)
                  00002f54    000000f0     rf_multiMode_cc26x2.aem4f : RFCC26X2_multiMode.oem4f (.text:RF_open)
                  00003044    000000e4     rom_sysbios.aem4f : rom_sysbios.obj (.text:pthread_create)
                  00003128    000000e0     drivers_cc26x2.aem4f : PINCC26XX.oem4f (.text:PINCC26XX_setIoCfg)
                  00003208    000000da     rf_multiMode_cc26x2.aem4f : RFCC26X2_multiMode.oem4f (.text:RF_updatePaConfiguration)
                  000032e2    00000002     display.aem4f : DisplayUart.oem4f (.text:DisplayUartMin_clearLines)
                  000032e4    000000d8     drivers_cc26x2.aem4f : GPIOCC26XX.oem4f (.text:GPIO_init)
                  000033bc    000000d4     rf_multiMode_cc26x2.aem4f : RFCC26X2_multiMode.oem4f (.text:RF_initRadioSetup)
                  00003490    000000d4                               : RFCC26X2_multiMode.oem4f (.text:RF_pendCmd)
                  00003564    000000d4                               : RFCC26X2_multiMode.oem4f (.text:RF_swiHw)
                  00003638    000000cc                               : RFCC26X2_multiMode.oem4f (.text:RF_hwiCpe0Active)
                  00003704    000000c8     drivers_cc26x2.aem4f : PowerCC26X2.oem4f (.text:Power_releaseDependency)
                  000037cc    000000c4                          : PowerCC26X2.oem4f (.text:Power_setDependency)
                  00003890    000000c0                          : UARTCC26XX.oem4f (.text:UARTCC26XX_initIO)
                  00003950    000000b8                          : UARTCC26XX.oem4f (.text:UARTCC26XX_initHw)
                  00003a08    000000b4     dpl_cc26x2.aem4f : PowerCC26X2_tirtos.oem4f (.text:PowerCC26XX_standbyPolicy)
                  00003abc    000000b0     rf_multiMode_cc26x2.aem4f : RFCC26X2_multiMode.oem4f (.text:RF_corePowerDown)
                  00003b6c    000000ac     drivers_cc26x2.aem4f : PINCC26XX.oem4f (.text:PIN_open)
                  00003c18    000000ac     driverlib.lib : setup.obj (.text:TrimAfterColdResetWakeupFromShutDown)
                  00003cc4    000000a8     rf_multiMode_cc26x2.aem4f : RFCC26X2_multiMode.oem4f (.text:RF_postCmd)
                  00003d6c    000000a0     drivers_cc26x2.aem4f : UARTCC26XX.oem4f (.text:UARTCC26XX_writeCancel)
                  00003e0c    000000a0     auto_init.aem4f : auto_init.oem4f (.text)
                  00003eac    000000a0     rom_sysbios.aem4f : rom_sysbios.obj (.text:ti_sysbios_knl_Task_setPri__E)
                  00003f4c    0000009c     drivers_cc26x2.aem4f : UARTCC26XX.oem4f (.text:UARTCC26XX_swiIntFxn)
                  00003fe8    0000009c     rtsv7M4_T_le_v4SPD16_eabi.lib : memcpy_t2.asm.obj (.text)
                  00004084    00000098     driverlib.lib : setup.obj (.text:NOROM_SetupTrimDevice)
                  0000411c    00000096     rtsv7M4_T_le_v4SPD16_eabi.lib : ull_div_t2.asm.obj (.text)
                  000041b2    00000002     display.aem4f : DisplayUart.oem4f (.text:DisplayUartMin_init)
                  000041b4    00000094     drivers_cc26x2.aem4f : SPICC26X2DMA.oem4f (.text:SPICC26X2DMA_control)
                  00004248    00000090     rf_multiMode_cc26x2.aem4f : RFCC26X2_multiMode.oem4f (.text:RF_discardPendCmd)
                  000042d8    00000090                               : RFCC26X2_multiMode.oem4f (.text:RF_radioOpDoneCb)
                  00004368    00000090     drivers_cc26x2.aem4f : UARTCC26XX.oem4f (.text:writeTxFifoFlush)
                  000043f8    00000088     driverlib.lib : osc.obj (.text:NOROM_OSCHF_AttemptToSwitchToXosc)
                  00004480    00000088     rf_multiMode_cc26x2.aem4f : RFCC26X2_multiMode.oem4f (.text:RF_ratFreeChannel)
                  00004508    00000088     rom_sysbios.aem4f : rom_sysbios.obj (.text:_pthread_removeThreadKeys)
                  00004590    00000088     drivers_cc26x2.aem4f : PowerCC26X2_calibrateRCOSC.oem4f (.text:calibrateRcoscHf2)
                  00004618    00000088                          : PowerCC26X2.oem4f (.text:disableLFClockQualifiers)
                  000046a0    00000088                          : PowerCC26X2_calibrateRCOSC.oem4f (.text:updateSubSecInc)
                  00004728    00000086     rtsv7M4_T_le_v4SPD16_eabi.lib : fd_cmp_t2.asm.obj (.text:__aeabi_cdcmple)
                  000047ae    00000086                                   : fd_cmp_t2.asm.obj (.text:__aeabi_cdrcmple)
                  00004834    00000084     CC26X2R1_LAUNCHXL_fxns.obj (.text:CC26X2R1_LAUNCHXL_sendExtFlashByte)
                  000048b8    00000084     drivers_cc26x2.aem4f : UARTCC26XX.oem4f (.text:UARTCC26XX_close)
                  0000493c    00000080     rom_sysbios.aem4f : rom_sysbios.obj (.text:ti_sysbios_family_arm_cc26xx_Timer_start__E)
                  000049bc    0000007c     drivers_cc26x2.aem4f : PowerCC26X2.oem4f (.text:configureXOSCHF)
                  00004a38    0000007a     rtsv7M4_T_le_v4SPD16_eabi.lib : memset_t2.asm.obj (.text)
                  00004ab2    00000002     driverlib.lib : rfc.obj (.text:NOROM_RFCCpePatchReset)
                  00004ab4    00000078     rf_multiMode_cc26x2.aem4f : RFCC26X2_multiMode.oem4f (.text:RF_ratDispatchTime)
                  00004b2c    00000074     drivers_cc26x2.aem4f : PowerCC26X2_calibrateRCOSC.oem4f (.text:PowerCC26X2_auxISR)
                  00004ba0    00000074     rf_multiMode_cc26x2.aem4f : RFCC26X2_multiMode.oem4f (.text:RF_issueRadioFreeCb)
                  00004c14    00000074                               : RFCC26X2_multiMode.oem4f (.text:RF_setInactivityTimeout)
                  00004c88    00000072                               : RFCC26X2_multiMode.oem4f (.text:RF_detachOverrides)
                  00004cfa    00000072     drivers_cc26x2.aem4f : SPICC26X2DMA.oem4f (.text:csnCallback)
                  00004d6c    00000070     driverlib.lib : rfc.obj (.text:NOROM_RFCAnaDivTxOverride)
                  00004ddc    00000070     drivers_cc26x2.aem4f : PINCC26XX.oem4f (.text:PIN_add)
                  00004e4c    00000070     rf_multiMode_cc26x2.aem4f : RFCC26X2_multiMode.oem4f (.text:RF_hwiHw)
                  00004ebc    0000006e                               : RFCC26X2_multiMode.oem4f (.text:RF_attachOverrides)
                  00004f2a    00000002                               : RFCC26X2_multiMode.oem4f (.text:RF_defaultCallback)
                  00004f2c    0000006d     rom_sysbios.aem4f : rom_sysbios.obj (.text:xdc_runtime_System_formatNum__I)
                  00004f99    00000001     --HOLE-- [fill = 0]
                  00004f9a    00000002     rtsv7M4_T_le_v4SPD16_eabi.lib : _lock.c.obj (.text:_nop)
                  00004f9c    0000006c     drivers_cc26x2.aem4f : UARTCC26XX.oem4f (.text:UARTCC26XX_readCancel)
                  00005008    00000068     driverlib.lib : osc.obj (.text:NOROM_OSCHF_SwitchToRcOscTurnOffXosc)
                  00005070    00000068     rf_multiMode_cc26x2.aem4f : RFCC26X2_multiMode.oem4f (.text:RF_getCurrentTime)
                  000050d8    00000068     rtsv7M4_T_le_v4SPD16_eabi.lib : copy_decompress_lzss.c.obj (.text:decompress:lzss:__TI_decompress_lzss)
                  00005140    00000066     rf_multiMode_cc26x2.aem4f : RFCC26X2_multiMode.oem4f (.text:RF_syncCb)
                  000051a6    00000002     drivers_cc26x2.aem4f : PowerCC26X2.oem4f (.text:emptyClockFunc)
                  000051a8    00000064                          : UARTCC26XX.oem4f (.text:UARTCC26XX_control)
                  0000520c    00000064     main_tirtos.obj (.text:main)
                  00005270    00000060     drivers_cc26x2.aem4f : GPIOCC26XX.oem4f (.text:GPIO_write)
                  000052d0    00000060     rf_multiMode_cc26x2.aem4f : RFCC26X2_multiMode.oem4f (.text:RF_applyRfCorePatch)
                  00005330    00000060                               : RFCC26X2_multiMode.oem4f (.text:RF_dispatchNextEvent)
                  00005390    00000060                               : RFCC26X2_multiMode.oem4f (.text:RF_ratArmChannel)
                  000053f0    0000005c     display.aem4f : Display.oem4f (.text:Display_doOpen)
                  0000544c    0000005c     drivers_cc26x2.aem4f : PINCC26XX.oem4f (.text:PIN_remove)
                  000054a8    0000005c     rf_multiMode_cc26x2.aem4f : RFCC26X2_multiMode.oem4f (.text:RF_fsmXOSCState)
                  00005504    0000005c                               : RFCC26X2_multiMode.oem4f (.text:RF_hwiCpe0PowerFsm)
                  00005560    0000005c     drivers_cc26x2.aem4f : SPICC26X2DMA.oem4f (.text:initHw)
                  000055bc    0000005c     rom_sysbios.aem4f : rom_sysbios.obj (.text:ti_sysbios_heaps_HeapMem_initPrimary__I)
                  00005618    0000005c     release_pem4f.oem4f (.text:xdc_runtime_Startup_getState__I)
                  00005674    00000058     drivers_cc26x2.aem4f : PowerCC26X2_calibrateRCOSC.oem4f (.text:PowerCC26X2_initiateCalibration)
                  000056cc    00000058     rf_multiMode_cc26x2.aem4f : RFCC26X2_multiMode.oem4f (.text:RF_cmdDispatchTime)
                  00005724    00000058     boot.aem4f : boot.oem4f (.text)
                  0000577c    00000058     rom_sysbios.aem4f : rom_sysbios.obj (.text:pthread_exit)
                  000057d4    00000054     drivers_cc26x2.aem4f : GPIOCC26XX.oem4f (.text:powerPostNotify)
                  00005828    00000050     dpl_cc26x2.aem4f : ClockP_tirtos.oem4f (.text:ClockP_construct)
                  00005878    00000050     drivers_cc26x2.aem4f : GPIOCC26XX.oem4f (.text:GPIO_enableInt)
                  000058c8    00000050     driverlib.lib : chipinfo.obj (.text:NOROM_ChipInfo_GetChipType)
                  00005918    00000050     rf_multiMode_cc26x2.aem4f : RFCC26X2_multiMode.oem4f (.text:RF_wakeupNotification)
                  00005968    00000050     drivers_cc26x2.aem4f : SPICC26X2DMA.oem4f (.text:SPICC26X2DMA_close)
                  000059b8    0000004c     CC26X2R1_LAUNCHXL_fxns.obj (.text:CC26X2R1_LAUNCHXL_wakeUpExtFlash)
                  00005a04    0000004c     rf_multiMode_cc26x2.aem4f : RFCC26X2_multiMode.oem4f (.text:RF_ratRestartChannels)
                  00005a50    0000004c     drivers_cc26x2.aem4f : UDMACC26XX.oem4f (.text:UDMACC26XX_open)
                  00005a9c    0000004c     rtsv7M4_T_le_v4SPD16_eabi.lib : cpy_tbl.c.obj (.text:copy_in)
                  00005ae8    0000004c     drivers_cc26x2.aem4f : UARTCC26XX.oem4f (.text:startTxFifoEmptyClk)
                  00005b34    0000004a     display.aem4f : DisplayUart.oem4f (.text:DisplayUartMin_open)
                  00005b7e    00000002     rtsv7M4_T_le_v4SPD16_eabi.lib : div0.asm.obj (.text)
                  00005b80    00000048     driverlib.lib : rfc.obj (.text:NOROM_RFCSynthPowerDown)
                  00005bc8    00000048     drivers_cc26x2.aem4f : PINCC26XX.oem4f (.text:PIN_setOutputEnable)
                  00005c10    00000048                          : PowerCC26X2_calibrateRCOSC.oem4f (.text:PowerCC26X2_RCOSC_clockFunc)
                  00005c58    00000048                          : PowerCC26X2.oem4f (.text:PowerCC26XX_switchXOSC_HF)
                  00005ca0    00000048     rtsv7M4_T_le_v4SPD16_eabi.lib : fd_toi_t2.asm.obj (.text)
                  00005ce8    00000048     drivers_cc26x2.aem4f : PowerCC26X2.oem4f (.text:switchXOSCHF)
                  00005d30    00000048                          : UARTCC26XX.oem4f (.text:writeFinishedDoCallback)
                  00005d78    00000046     display.aem4f : DisplayUart.oem4f (.text:DisplayUartMin_vprintf)
                  00005dbe    00000046     drivers_cc26x2.aem4f : RingBuf.oem4f (.text:RingBuf_put)
                  00005e04    00000044     driverlib.lib : chipinfo.obj (.text:NOROM_ChipInfo_GetHwRevision)
                  00005e48    00000044     drivers_cc26x2.aem4f : PINCC26XX.oem4f (.text:PIN_swi)
                  00005e8c    00000044     rf_multiMode_cc26x2.aem4f : RFCC26X2_multiMode.oem4f (.text:RF_cmdGet)
                  00005ed0    00000044                               : RFCC26X2_multiMode.oem4f (.text:RF_cmdStoreEvents)
                  00005f14    00000044     drivers_cc26x2.aem4f : SPI.oem4f (.text:SPI_init)
                  00005f58    00000044                          : UART.oem4f (.text:UART_init)
                  00005f9c    00000044     rtsv7M4_T_le_v4SPD16_eabi.lib : fd_tou_t2.asm.obj (.text)
                  00005fe0    00000042     drivers_cc26x2.aem4f : SPICC26X2DMA.oem4f (.text:SPICC26X2DMA_swiFxn)
                  00006022    00000002     release_pem4f.oem4f (.text:ti_sysbios_BIOS_nullFunc__I)
                  00006024    00000040     CC26X2R1_LAUNCHXL_fxns.obj (.text:CC26X2R1_LAUNCHXL_shutDownExtFlash)
                  00006064    00000040     drivers_cc26x2.aem4f : PowerCC26X2.oem4f (.text:PowerCC26XX_isStableXOSC_HF)
                  000060a4    00000040     rf_multiMode_cc26x2.aem4f : RFCC26X2_multiMode.oem4f (.text:RF_updateHpOscOverride)
                  000060e4    00000040     drivers_cc26x2.aem4f : RingBuf.oem4f (.text:RingBuf_get)
                  00006124    00000040     rtsv7M4_T_le_v4SPD16_eabi.lib : u_divt2.asm.obj (.text)
                  00006164    00000040     rom_sysbios.aem4f : rom_sysbios.obj (.text:ti_sysbios_family_arm_cc26xx_Timer_setThreshold__I)
                  000061a4    0000003e     dpl_cc26x2.aem4f : HwiP_tirtos.oem4f (.text:HwiP_construct)
                  000061e2    00000002     release_pem4f.oem4f (.text:ti_sysbios_rom_cortexm_cc26xx_cc26x2v2_CC26xx_badRomRevision__E)
                  000061e4    0000003c     drivers_cc26x2.aem4f : PINCC26XX.oem4f (.text:PIN_setInterrupt)
                  00006220    0000003c                          : PINCC26XX.oem4f (.text:PIN_setOutputValue)
                  0000625c    0000003c     rf_multiMode_cc26x2.aem4f : RFCC26X2_multiMode.oem4f (.text:RF_calculateDispatchTime)
                  00006298    0000003c     drivers_cc26x2.aem4f : SPI.oem4f (.text:SPI_open)
                  000062d4    0000003c     dpl_cc26x2.aem4f : SwiP_tirtos.oem4f (.text:SwiP_construct)
                  00006310    0000003c     drivers_cc26x2.aem4f : UART.oem4f (.text:UART_open)
                  0000634c    0000003c     rom_sysbios.aem4f : rom_sysbios.obj (.text:ti_sysbios_family_arm_m3_Hwi_construct2__E)
                  00006388    00000038     driverlib.lib : osc.obj (.text:NOROM_OSC_HPOSCRelativeFrequencyOffsetGet)
                  000063c0    00000038     drivers_cc26x2.aem4f : PINCC26XX.oem4f (.text:PIN_setConfig)
                  000063f8    00000038                          : PowerCC26X2.oem4f (.text:notify)
                  00006430    00000038                          : UARTCC26XX.oem4f (.text:readData)
                  00006468    00000038     rtsv7M4_T_le_v4SPD16_eabi.lib : fs_tod_t2.asm.obj (.text)
                  000064a0    00000038     drivers_cc26x2.aem4f : UARTCC26XX.oem4f (.text:writeData)
                  000064d8    00000036                          : UDMACC26XX.oem4f (.text:UDMACC26XX_close)
                  0000650e    00000036     rom_sysbios.aem4f : rom_sysbios.obj (.text:ti_sysbios_family_arm_cc26xx_Timer_setNextTick__E)
                  00006544    00000034     driverlib.lib : aux_sysif.obj (.text:NOROM_AUXSYSIFOpModeChange)
                  00006578    00000034                   : sys_ctrl.obj (.text:NOROM_SysCtrlIdle)
                  000065ac    00000034     drivers_cc26x2.aem4f : PowerCC26X2.oem4f (.text:Power_releaseConstraint)
                  000065e0    00000034                          : PowerCC26X2.oem4f (.text:Power_setConstraint)
                  00006614    00000034     rf_multiMode_cc26x2.aem4f : RFCC26X2_multiMode.oem4f (.text:RF_cacheFsCmd)
                  00006648    00000034                               : RFCC26X2_multiMode.oem4f (.text:RF_checkCmdFsError)
                  0000667c    00000034                               : RFCC26X2_multiMode.oem4f (.text:RF_powerConstraintRelease)
                  000066b0    00000034     drivers_cc26x2.aem4f : UARTCC26XX.oem4f (.text:readData2RingBuf)
                  000066e4    00000030                          : GPIOCC26XX.oem4f (.text:GPIO_hwiIntFxn)
                  00006714    00000030                          : PINCC26XX.oem4f (.text:PINCC26XX_setMux)
                  00006744    00000030     rf_multiMode_cc26x2.aem4f : RFCC26X2_multiMode.oem4f (.text:RF_calculateDeltaTimeUs)
                  00006774    00000030                               : RFCC26X2_multiMode.oem4f (.text:RF_extractPaConfiguration)
                  000067a4    00000030     release_pem4f.oem4f (.text:ti_sysbios_BIOS_atExitFunc__I)
                  000067d4    00000030     release_pem4f.oem4f (.text:ti_sysbios_BIOS_startFunc__I)
                  00006804    00000030     rom_sysbios.aem4f : rom_sysbios.obj (.text:ti_sysbios_family_arm_cc26xx_Timer_getCurrentTick__E)
                  00006834    00000030                       : rom_sysbios.obj (.text:ti_sysbios_family_arm_cc26xx_Timer_initDevice__I)
                  00006864    0000002e     driverlib.lib : rfc.obj (.text:NOROM_RFCOverrideSearch)
                  00006892    0000002e     rtsv7M4_T_le_v4SPD16_eabi.lib : i_tofd_t2.asm.obj (.text)
                  000068c0    0000002c     drivers_cc26x2.aem4f : GPIOCC26XX.oem4f (.text:GPIO_setCallback)
                  000068ec    0000002c     rf_multiMode_cc26x2.aem4f : RFCC26X2_multiMode.oem4f (.text:RF_executeDirectImmediateCmd)
                  00006918    0000002c                               : RFCC26X2_multiMode.oem4f (.text:RF_ratReleaseChannels)
                  00006944    0000002c                               : RFCC26X2_multiMode.oem4f (.text:RF_searchAndReplacePAOverride)
                  00006970    0000002c     dpl_cc26x2.aem4f : SemaphoreP_tirtos.oem4f (.text:SemaphoreP_constructBinary)
                  0000699c    0000002c                      : SemaphoreP_tirtos.oem4f (.text:SemaphoreP_createBinary)
                  000069c8    0000002c     rom_sysbios.aem4f : rom_sysbios.obj (.text:_pthread_delete$45)
                  000069f4    0000002c                       : rom_sysbios.obj (.text:pthread_setcancelstate)
                  00006a20    0000002c                       : rom_sysbios.obj (.text:ti_sysbios_knl_Clock_getTicksUntilInterrupt__E)
                  00006a4c    0000002a     display.aem4f : Display.oem4f (.text:Display_doPrintf)
                  00006a76    0000002a     rf_multiMode_cc26x2.aem4f : RFCC26X2_multiMode.oem4f (.text:RF_ratSuspendChannels)
                  00006aa0    0000002a     rom_sysbios.aem4f : rom_sysbios.obj (.text:ti_sysbios_knl_Clock_getTimeout__E)
                  00006aca    00000002                       : rom_sysbios.obj (.text:xdc_runtime_SysCallback_defaultAbort)
                  00006acc    00000028     display.aem4f : Display.oem4f (.text:Display_doInit)
                  00006af4    00000028     dpl_cc26x2.aem4f : PowerCC26X2_tirtos.oem4f (.text:PowerCC26XX_schedulerDisable)
                  00006b1c    00000028                      : PowerCC26X2_tirtos.oem4f (.text:PowerCC26XX_schedulerRestore)
                  00006b44    00000028     drivers_cc26x2.aem4f : PowerCC26X2.oem4f (.text:Power_registerNotify)
                  00006b6c    00000028     rf_multiMode_cc26x2.aem4f : RFCC26X2_multiMode.oem4f (.text:RF_cmdAlloc)
                  00006b94    00000028                               : RFCC26X2_multiMode.oem4f (.text:RF_runCmd)
                  00006bbc    00000028     drivers_cc26x2.aem4f : SPICC26X2DMA.oem4f (.text:flushFifos)
                  00006be4    00000028                          : PowerCC26X2.oem4f (.text:oscillatorISR)
                  00006c0c    00000026                          : List.oem4f (.text:List_put)
                  00006c32    00000026                          : List.oem4f (.text:List_remove)
                  00006c58    00000024     driverlib.lib : osc.obj (.text:NOROM_OSCHF_TurnOnXosc)
                  00006c7c    00000024                   : rfc.obj (.text:NOROM_RFCDoorbellSendTo)
                  00006ca0    00000024     rf_multiMode_cc26x2.aem4f : RFCC26X2_multiMode.oem4f (.text:RF_clkPowerUp)
                  00006cc4    00000024                               : RFCC26X2_multiMode.oem4f (.text:RF_invokeGlobalCallback)
                  00006ce8    00000024                               : RFCC26X2_multiMode.oem4f (.text:RF_isStateTransitionAllowed)
                  00006d0c    00000024     rom_sysbios.aem4f : rom_sysbios.obj (.text:_pthread_cleanupFxn)
                  00006d30    00000024     drivers_cc26x2.aem4f : PowerCC26X2_calibrateRCOSC.oem4f (.text:getTdcSemaphore)
                  00006d54    00000024     rom_sysbios.aem4f : rom_sysbios.obj (.text:pthread_attr_init)
                  00006d78    00000024     release_pem4f.oem4f (.text:ti_sysbios_BIOS_registerRTSLock__I)
                  00006d9c    00000024     release_pem4f.oem4f (.text:ti_sysbios_BIOS_removeRTSLock__I)
                  00006dc0    00000024     rom_sysbios.aem4f : rom_sysbios.obj (.text:ti_sysbios_family_arm_cc26xx_Timer_getMaxTicks__E)
                  00006de4    00000022     drivers_cc26x2.aem4f : List.oem4f (.text:List_get)
                  00006e06    00000022     rf_multiMode_cc26x2.aem4f : RFCC26X2_multiMode.oem4f (.text:RF_getPAOverrideOffsetAndValue)
                  00006e28    00000022                               : RFCC26X2_multiMode.oem4f (.text:RF_isRadioSetup)
                  00006e4a    00000002     rom_sysbios.aem4f : rom_sysbios.obj (.text:xdc_runtime_SysCallback_defaultExit)
                  00006e4c    00000020     drivers_cc26x2.aem4f : PowerCC26X2.oem4f (.text:Power_unregisterNotify)
                  00006e6c    00000020     rf_multiMode_cc26x2.aem4f : RFCC26X2_multiMode.oem4f (.text:RF_hwiCpe0ChangePhy)
                  00006e8c    00000020                               : RFCC26X2_multiMode.oem4f (.text:RF_ratIsRunning)
                  00006eac    00000020                               : RFCC26X2_multiMode.oem4f (.text:RF_swiFsm)
                  00006ecc    00000020     release_pem4f.oem4f (.text:ti_sysbios_BIOS_rtsLock__I)
                  00006eec    00000020     rom_sysbios.aem4f : rom_sysbios.obj (.text:ti_sysbios_family_arm_cc26xx_Timer_dynamicStub__E)
                  00006f0c    00000020                       : rom_sysbios.obj (.text:xdc_runtime_Error_policyMin__E)
                  00006f2c    0000001e     drivers_cc26x2.aem4f : PINCC26XX.oem4f (.text:PIN_close)
                  00006f4a    0000001e                          : PowerCC26X2.oem4f (.text:Power_getTransitionLatency)
                  00006f68    0000001c     CC26X2R1_LAUNCHXL.obj (.text:CC26X2R1_LAUNCHXL_initGeneral)
                  00006f84    0000001c     driverlib.lib : chipinfo.obj (.text:NOROM_ChipInfo_GetChipFamily)
                  00006fa0    0000001c     drivers_cc26x2.aem4f : PINCC26XX.oem4f (.text:PINCC26XX_setIoCfgMux)
                  00006fbc    0000001c                          : PINCC26XX.oem4f (.text:PIN_hwi)
                  00006fd8    0000001c     rf_multiMode_cc26x2.aem4f : RFCC26X2_multiMode.oem4f (.text:RF_clkInactivityCallback)
                  00006ff4    0000001c                               : RFCC26X2_multiMode.oem4f (.text:RF_powerConstraintSet)
                  00007010    0000001c     drivers_cc26x2.aem4f : UDMACC26XX.oem4f (.text:UDMACC26XX_initHw)
                  0000702c    0000001c     rom_sysbios.aem4f : rom_sysbios.obj (.text:ti_sysbios_family_arm_m3_Hwi_clearInterrupt__E)
                  00007048    0000001c                       : rom_sysbios.obj (.text:ti_sysbios_knl_Swi_construct2__E)
                  00007064    0000001c     release_pem4f.oem4f (.text:xdc_runtime_Startup_exec__I)
                  00007080    0000001a     drivers_cc26x2.aem4f : PowerCC26X2.oem4f (.text:PowerCC26XX_calibrate)
                  0000709a    00000002     rom_sysbios.aem4f : rom_sysbios.obj (.text:xdc_runtime_SysCallback_defaultFlush)
                  0000709c    00000018     driverlib.lib : chipinfo.obj (.text:NOROM_ChipInfo_GetPackageType)
                  000070b4    00000018     drivers_cc26x2.aem4f : PowerCC26X2.oem4f (.text:Power_idleFunc)
                  000070cc    00000018                          : UARTCC26XX.oem4f (.text:UARTCC26XX_init)
                  000070e4    00000018                          : UART.oem4f (.text:UART_Params_init)
                  000070fc    00000018     rtsv7M4_T_le_v4SPD16_eabi.lib : args_main.c.obj (.text:_args_main)
                  00007114    00000018                                   : ll_mul_t2.asm.obj (.text)
                  0000712c    00000018     release_pem4f.oem4f (.text:ti_sysbios_BIOS_rtsUnlock__I)
                  00007144    00000018     rom_sysbios.aem4f : rom_sysbios.obj (.text:ti_sysbios_knl_Swi_or__E)
                  0000715c    00000018     release_pem4f.oem4f (.text:ti_sysbios_rom_cortexm_cc26xx_cc26x2v2_CC26xx_checkRevision__E)
                  00007174    00000018     rom_sysbios.aem4f : rom_sysbios.obj (.text:xdc_runtime_Error_init__E)
                  0000718c    00000016     display.aem4f : DisplayUart.oem4f (.text:DisplayUartMin_close)
                  000071a2    00000016     driverlib.lib : chipinfo.obj (.text:NOROM_ThisLibraryIsFor_CC13x2_CC26x2_HwRev20AndLater_HaltIfViolated)
                  000071b8    00000016     rf_multiMode_cc26x2.aem4f : RFCC26X2_multiMode.oem4f (.text:RF_restartClockTimeout)
                  000071ce    00000016     rom_sysbios.aem4f : rom_sysbios.obj (.text:_pthread_cleanup_pop)
                  000071e4    00000016     release_pem4f.oem4f (.text:ti_sysbios_BIOS_exitFunc__I)
                  000071fa    00000014     drivers_cc26x2.aem4f : List.oem4f (.text:List_clearList)
                  0000720e    00000002     rom_sysbios.aem4f : rom_sysbios.obj (.text:xdc_runtime_SysCallback_defaultPutch)
                  00007210    00000014     driverlib.lib : rfc.obj (.text:NOROM_RFCCpeIntGetAndClear)
                  00007224    00000014     drivers_cc26x2.aem4f : PINCC26XX.oem4f (.text:PINCC26XX_getInputValue)
                  00007238    00000014                          : PowerCC26X2_calibrateRCOSC.oem4f (.text:PowerCC26X2_calibrate)
                  0000724c    00000014     rf_multiMode_cc26x2.aem4f : RFCC26X2_multiMode.oem4f (.text:RF_Params_init)
                  00007260    00000014                               : RFCC26X2_multiMode.oem4f (.text:RF_dbellSyncOnAck)
                  00007274    00000014                               : RFCC26X2_multiMode.oem4f (.text:RF_ratGetChannel)
                  00007288    00000014     drivers_cc26x2.aem4f : SPI.oem4f (.text:SPI_Params_init)
                  0000729c    00000014                          : PowerCC26X2.oem4f (.text:configureRFCoreClocks)
                  000072b0    00000014     rom_sysbios.aem4f : rom_sysbios.obj (.text:pthread_attr_setschedparam)
                  000072c4    00000014                       : rom_sysbios.obj (.text:ti_sysbios_family_arm_cc26xx_Timer_getCount64__E)
                  000072d8    00000014     release_pem4f.oem4f (.text:ti_sysbios_knl_Clock_doTick__I)
                  000072ec    00000012     drivers_cc26x2.aem4f : RingBuf.oem4f (.text:RingBuf_construct)
                  000072fe    00000012     dpl_cc26x2.aem4f : SemaphoreP_tirtos.oem4f (.text:SemaphoreP_pend)
                  00007310    00000012     rom_sysbios.aem4f : rom_sysbios.obj (.text:_pthread_runStub$45)
                  00007322    00000010     dpl_cc26x2.aem4f : ClockP_tirtos.oem4f (.text:ClockP_isActive)
                  00007332    00000010                      : HwiP_tirtos.oem4f (.text:HwiP_Params_init)
                  00007342    00000002     --HOLE-- [fill = 0]
                  00007344    00000010     driverlib.lib : rfc.obj (.text:NOROM_RFCHwIntGetAndClear)
                  00007354    00000010     drivers_cc26x2.aem4f : PINCC26XX.oem4f (.text:PINCC26XX_getPinCount)
                  00007364    00000010     rf_multiMode_cc26x2.aem4f : RFCC26X2_multiMode.oem4f (.text:RF_dbellSubmitCmdAsync)
                  00007374    00000010                               : RFCC26X2_multiMode.oem4f (.text:RF_isClientOwner)
                  00007384    00000010                               : RFCC26X2_multiMode.oem4f (.text:RF_ratGetChannelValue)
                  00007394    00000010     dpl_cc26x2.aem4f : SwiP_tirtos.oem4f (.text:SwiP_Params_init)
                  000073a4    00000010     rom_sysbios.aem4f : rom_sysbios.obj (.text:ti_sysbios_family_arm_m3_Hwi_post__E)
                  000073b4    00000010     drivers_cc26x2.aem4f : UARTCC26XX.oem4f (.text:uartPostNotify)
                  000073c4    0000000e     rtsv7M4_T_le_v4SPD16_eabi.lib : copy_decompress_none.c.obj (.text:decompress:none:__TI_decompress_none)
                  000073d2    0000000e     rom_sysbios.aem4f : rom_sysbios.obj (.text:pthread_attr_setdetachstate)
                  000073e0    0000000e                       : rom_sysbios.obj (.text:ti_sysbios_family_arm_cc26xx_TimestampProvider_get32__E)
                  000073ee    0000000c     driverlib.lib : cpu.obj (.text:NOROM_CPUcpsid)
                  000073fa    0000000c                   : cpu.obj (.text:NOROM_CPUcpsie)
                  00007406    0000000c     drivers_cc26x2.aem4f : PINCC26XX.oem4f (.text:PIN_registerIntCb)
                  00007412    00000002     --HOLE-- [fill = 0]
                  00007414    0000000c                          : PowerCC26X2.oem4f (.text:Power_getConstraintMask)
                  00007420    0000000c                          : PowerCC26X2.oem4f (.text:Power_getDependencyCount)
                  0000742c    0000000c     rf_multiMode_cc26x2.aem4f : RFCC26X2_multiMode.oem4f (.text:RF_powerConstraintGet)
                  00007438    0000000c                               : RFCC26X2_multiMode.oem4f (.text:RF_ratGetValue)
                  00007444    0000000c     dpl_cc26x2.aem4f : SemaphoreP_tirtos.oem4f (.text:SemaphoreP_delete)
                  00007450    0000000c     rtsv7M4_T_le_v4SPD16_eabi.lib : _lock.c.obj (.text:_register_lock)
                  0000745c    0000000c                                   : _lock.c.obj (.text:_register_unlock)
                  00007468    0000000c                                   : copy_zero_init.c.obj (.text:decompress:ZI:__TI_zero_init)
                  00007474    0000000c     rom_sysbios.aem4f : rom_sysbios.obj (.text:pthread_self)
                  00007480    0000000c     drivers_cc26x2.aem4f : SPICC26X2DMA.oem4f (.text:spiPostNotify)
                  0000748c    0000000c     rom_sysbios.aem4f : rom_sysbios.obj (.text:ti_sysbios_knl_Swi_getTrigger__E)
                  00007498    0000000c     release_pem4f.oem4f (.text:xdc_runtime_Startup_reset__I)
                  000074a4    0000000a     dpl_cc26x2.aem4f : ClockP_tirtos.oem4f (.text:ClockP_Params_init)
                  000074ae    0000000a     drivers_cc26x2.aem4f : SPICC26X2DMA.oem4f (.text:SPICC26X2DMA_init)
                  000074b8    0000000a                          : SPI.oem4f (.text:SPI_transfer)
                  000074c2    0000000a                          : UART.oem4f (.text:UART_close)
                  000074cc    0000000a                          : UART.oem4f (.text:UART_control)
                  000074d6    0000000a                          : UART.oem4f (.text:UART_write)
                  000074e0    0000000a                          : UDMACC26XX.oem4f (.text:UDMACC26XX_hwiIntFxn)
                  000074ea    00000008     CC26X2R1_LAUNCHXL_fxns.obj (.text:Board_initHook)
                  000074f2    00000008     drivers_cc26x2.aem4f : SPICC26X2DMA.oem4f (.text:blockingTransferCallback)
                  000074fa    00000008                          : UARTCC26XX.oem4f (.text:readSemCallback)
                  00007502    00000008                          : UARTCC26XX.oem4f (.text:writeSemCallback)
                  0000750a    00000008     release_pem4f.oem4f (.text:xdc_runtime_Text_visitRope__I)
                  00007512    00000006     display.aem4f : DisplayUart.oem4f (.text:DisplayUartMin_control)
                  00007518    00000006                   : DisplayUart.oem4f (.text:DisplayUartMin_getType)
                  0000751e    00000006     driverlib.lib : cpu.obj (.text:NOROM_CPUdelay)
                  00007524    00000006     rf_multiMode_cc26x2.aem4f : RFCC26X2_multiMode.oem4f (.text:RF_clkReqAccess)
                  0000752a    00000006     drivers_cc26x2.aem4f : UARTCC26XX.oem4f (.text:UARTCC26XX_readPolling)
                  00007530    00000006                          : UARTCC26XX.oem4f (.text:UARTCC26XX_writePolling)
                  00007536    00000006     rom_sysbios.aem4f : rom_sysbios.obj (.text:pthread_attr_setstacksize)
                  0000753c    00000006                       : rom_sysbios.obj (.text:ti_sysbios_family_arm_m3_Hwi_setFunc__E)
                  00007542    00000004     dpl_cc26x2.aem4f : PowerCC26X2_tirtos.oem4f (.text:CPUwfi)
                  00007546    00000004                      : ClockP_tirtos.oem4f (.text:ClockP_destruct)
                  0000754a    00000004                      : ClockP_tirtos.oem4f (.text:ClockP_getCpuFreq)
                  0000754e    00000004                      : ClockP_tirtos.oem4f (.text:ClockP_getTimeout)
                  00007552    00000004                      : ClockP_tirtos.oem4f (.text:ClockP_setTimeout)
                  00007556    00000004                      : ClockP_tirtos.oem4f (.text:ClockP_start)
                  0000755a    00000004                      : ClockP_tirtos.oem4f (.text:ClockP_stop)
                  0000755e    00000004                      : HwiP_tirtos.oem4f (.text:HwiP_clearInterrupt)
                  00007562    00000004                      : HwiP_tirtos.oem4f (.text:HwiP_destruct)
                  00007566    00000004                      : HwiP_tirtos.oem4f (.text:HwiP_disable)
                  0000756a    00000004                      : HwiP_tirtos.oem4f (.text:HwiP_disableInterrupt)
                  0000756e    00000004                      : HwiP_tirtos.oem4f (.text:HwiP_enableInterrupt)
                  00007572    00000004                      : HwiP_tirtos.oem4f (.text:HwiP_post)
                  00007576    00000004                      : HwiP_tirtos.oem4f (.text:HwiP_setFunc)
                  0000757a    00000004     driverlib.lib : rfc.obj (.text:NOROM_RFCOverrideUpdate)
                  0000757e    00000004     rf_multiMode_cc26x2.aem4f : RFCC26X2_multiMode.oem4f (.text:RF_defaultConflictPolicy)
                  00007582    00000004     dpl_cc26x2.aem4f : SemaphoreP_tirtos.oem4f (.text:SemaphoreP_destruct)
                  00007586    00000004                      : SemaphoreP_tirtos.oem4f (.text:SemaphoreP_post)
                  0000758a    00000004                      : SwiP_tirtos.oem4f (.text:SwiP_destruct)
                  0000758e    00000004                      : SwiP_tirtos.oem4f (.text:SwiP_disable)
                  00007592    00000004                      : SwiP_tirtos.oem4f (.text:SwiP_getTrigger)
                  00007596    00000004                      : SwiP_tirtos.oem4f (.text:SwiP_or)
                  0000759a    00000004                      : SwiP_tirtos.oem4f (.text:SwiP_post)
                  0000759e    00000004                      : SystemP_tirtos.oem4f (.text:SystemP_vsnprintf)
                  000075a2    00000004     drivers_cc26x2.aem4f : PowerCC26X2.oem4f (.text:nopResourceHandler)
                  000075a6    00000004     rom_sysbios.aem4f : rom_sysbios.obj (.text:ti_sysbios_knl_Clock_isActive__E)
                  000075aa    00000004                       : rom_sysbios.obj (.text:ti_sysbios_knl_Queue_insert__E)
                  000075ae    00000004                       : rom_sysbios.obj (.text:ti_sysbios_knl_Task_getArg1__E)
                  000075b2    00000004                       : rom_sysbios.obj (.text:ti_sysbios_knl_Task_getEnv__E)
                  000075b6    00000004                       : rom_sysbios.obj (.text:xdc_runtime_SysCallback_defaultReady)
                  000075ba    00000002     --HOLE-- [fill = 0]
                  000075bc    00000008     (.tramp.xdc_runtime_System_vsnprintf__E.1)
                  000075c4    00000008     (.tramp.ti_sysbios_knl_Swi_destruct.1)
                  000075cc    00000008     (.tramp.ti_sysbios_family_arm_m3_Hwi_enableInterrupt__E.1)
                  000075d4    00000008     (.tramp.ti_sysbios_family_arm_m3_Hwi_disableInterrupt__E.1)
                  000075dc    00000008     (.tramp.ti_sysbios_family_arm_m3_Hwi_disableFxn__E.1)
                  000075e4    00000008     (.tramp.ti_sysbios_family_arm_m3_Hwi_destruct.1)
                  000075ec    00000008     (.tramp.ti_sysbios_BIOS_getCpuFreq__E.1)
                  000075f4    00000008     (.tramp.ti_sysbios_knl_Clock_destruct.1)
                  000075fc    00000008     (.tramp.ti_sysbios_knl_Task_self__E.1)
                  00007604    00000008     (.tramp.ti_sysbios_knl_Semaphore_delete.1)
                  0000760c    00000008     (.tramp.ti_sysbios_knl_Clock_logTick__E.1)
                  00007614    00000008     (.tramp.ti_sysbios_knl_Swi_post__E.1)
                  0000761c    00000008     (.tramp.ti_sysbios_BIOS_RtsGateProxy_leave__E.1)
                  00007624    00000008     (.tramp.ti_sysbios_knl_Swi_construct.1)
                  0000762c    00000008     (.tramp.ti_sysbios_BIOS_RtsGateProxy_enter__E.1)
                  00007634    00000008     (.tramp.ti_sysbios_knl_Clock_getTicks__E.1)
                  0000763c    00000008     (.tramp.ti_sysbios_knl_Clock_TimerProxy_getCurrentTick__E.1)
                  00007644    00000008     (.tramp.ti_sysbios_knl_Task_delete.1)
                  0000764c    00000008     (.tramp.ti_sysbios_knl_Semaphore_destruct.1)
                  00007654    00000008     (.tramp.ti_sysbios_knl_Semaphore_create.1)
                  0000765c    00000008     (.tramp.ti_sysbios_knl_Task_startup__E.1)
                  00007664    00000008     (.tramp.ti_sysbios_knl_Swi_startup__E.1)
                  0000766c    00000008     (.tramp.ti_sysbios_hal_Hwi_startup__E.1)
                  00007674    00000008     (.tramp.ti_sysbios_family_arm_cc26xx_Timer_startup__E.1)
                  0000767c    00000008     (.tramp.xdc_runtime_System_atexit__E.1)
                  00007684    00000008     (.tramp.ti_sysbios_BIOS_linkedWithIncorrectBootLibrary__E.1)
                  0000768c    00000008     (.tramp.xdc_runtime_Startup_rtsDone__E.1)
                  00007694    00000008     (.tramp.ti_sysbios_BIOS_setThreadType__E.1)
                  0000769c    00000008     (.tramp.ti_sysbios_knl_Swi_disable__E.1)
                  000076a4    00000008     (.tramp.ti_sysbios_family_arm_m3_Hwi_construct.1)
                  000076ac    00000008     (.tramp.ti_sysbios_knl_Swi_Params__init__S.1)
                  000076b4    00000008     (.tramp.ti_sysbios_family_arm_m3_Hwi_Params__init__S.1)
                  000076bc    00000008     (.tramp.strlen.1)
                  000076c4    00000008     (.tramp.ti_sysbios_knl_Clock_construct.1)
                  000076cc    00000008     (.tramp.ti_sysbios_knl_Clock_Params__init__S.1)
                  000076d4    00000008     (.tramp.xdc_runtime_System_exit__E.1)
                  000076dc    00000008     (.tramp.ti_sysbios_heaps_HeapMem_restore__E.1)
                  000076e4    00000008     (.tramp.ti_sysbios_heaps_HeapMem_Object__get__S.1)
                  000076ec    00000008     (.tramp.ti_sysbios_BIOS_start__E.1)
                  000076f4    00000008     (.tramp.ti_sysbios_knl_Semaphore_post__E.1)
                  000076fc    00000008     (.tramp.xdc_runtime_Memory_free__E.1)
                  00007704    00000008     (.tramp.ti_sysbios_knl_Queue_next__E.1)
                  0000770c    00000008     (.tramp.ti_sysbios_knl_Queue_head__E.1)
                  00007714    00000008     (.tramp.ti_sysbios_knl_Semaphore_pend__E.1)
                  0000771c    00000008     (.tramp.ti_sysbios_knl_Task_restore__E.1)
                  00007724    00000008     (.tramp.ti_sysbios_knl_Queue_enqueue__E.1)
                  0000772c    00000008     (.tramp.ti_sysbios_knl_Queue_empty__E.1)
                  00007734    00000008     (.tramp.ti_sysbios_knl_Queue_remove__E.1)
                  0000773c    00000008     (.tramp.ti_sysbios_knl_Task_disable__E.1)
                  00007744    00000008     (.tramp.ti_sysbios_knl_Clock_stop__E.1)
                  0000774c    00000008     (.tramp.ti_sysbios_knl_Clock_start__E.1)
                  00007754    00000008     (.tramp.ti_sysbios_knl_Clock_setTimeout__E.1)
                  0000775c    00000008     (.tramp.ti_sysbios_knl_Task_create.1)
                  00007764    00000008     (.tramp.ti_sysbios_knl_Semaphore_construct.1)
                  0000776c    00000008     (.tramp.ti_sysbios_knl_Semaphore_Params__init__S.1)
                  00007774    00000008     (.tramp.ti_sysbios_knl_Queue_construct.1)
                  0000777c    00000008     (.tramp.xdc_runtime_Memory_alloc__E.1)
                  00007784    00000008     (.tramp.ti_sysbios_knl_Task_Params__init__S.1)
                  0000778c    00000008     (.tramp.xdc_runtime_System_doPrint__I.1)
                  00007794    00000008     (.tramp.ti_sysbios_knl_Swi_restore__E.1)
                  0000779c    00000008     (.tramp.ti_sysbios_family_arm_m3_Hwi_restoreFxn__E.1)

.const     0    000077a4    00000808     
                  000077a4    000003b8     release_pem4f.oem4f (.const:ROM_constStruct)
                  00007b5c    00000054     drivers_cc26x2.aem4f : PowerCC26X2.oem4f (.const:resourceDB)
                  00007bb0    00000050     CC26X2R1_LAUNCHXL.obj (.const:uartCC26XXHWAttrs)
                  00007c00    00000048     release_pem4f.oem4f (.const:.string)
                  00007c48    00000048     release_pem4f.oem4f (.const:ROM_externFuncPtrs)
                  00007c90    00000040     CC26X2R1_LAUNCHXL.obj (.const:spiCC26X2DMAHWAttrs)
                  00007cd0    0000002c     CC26X2R1_LAUNCHXL.obj (.const:BoardGpioInitTable)
                  00007cfc    00000028     drivers_cc26x2.aem4f : UARTCC26XX.oem4f (.const:UARTCC26XX_fxnTable)
                  00007d24    00000024                          : UART.oem4f (.const:UART_defaultParams)
                  00007d48    00000024     release_pem4f.oem4f (.const:xdc_runtime_Startup_sfxnTab__A)
                  00007d6c    00000020     display.aem4f : DisplayUart.oem4f (.const:DisplayUartMin_fxnTable)
                  00007d8c    00000020     drivers_cc26x2.aem4f : SPI.oem4f (.const:SPI_defaultParams)
                  00007dac    0000001c     rf_multiMode_cc26x2.aem4f : RFCC26X2_multiMode.oem4f (.const:RF_defaultParams)
                  00007dc8    00000018     drivers_cc26x2.aem4f : SPICC26X2DMA.oem4f (.const:SPICC26X2DMA_fxnTable)
                  00007de0    00000018     CC26X2R1_LAUNCHXL.obj (.const:SPI_config)
                  00007df8    00000018     CC26X2R1_LAUNCHXL.obj (.const:UART_config)
                  00007e10    00000018     drivers_cc26x2.aem4f : SPICC26X2DMA.oem4f (.const:frameFormat)
                  00007e28    00000018                          : GPIOCC26XX.oem4f (.const:interruptType)
                  00007e40    00000014     CC26X2R1_LAUNCHXL_fxns.obj (.const:$P$T1$2)
                  00007e54    00000014     CC26X2R1_LAUNCHXL.obj (.const)
                  00007e68    00000014     CC26X2R1_LAUNCHXL.obj (.const:GPIOCC26XX_config)
                  00007e7c    00000014     CC26X2R1_LAUNCHXL.obj (.const:displayUartHWAttrs)
                  00007e90    00000014     drivers_cc26x2.aem4f : UARTCC26XX.oem4f (.const:parityType)
                  00007ea4    00000012     release_pem4f.oem4f (.const:xdc_runtime_Startup_sfxnRts__A)
                  00007eb6    00000001     display.aem4f : Display.oem4f (.const:Display_defaultParams)
                  00007eb7    00000001     release_pem4f.oem4f (.const:xdc_runtime_Text_charTab__A)
                  00007eb8    00000010     CC26X2R1_LAUNCHXL.obj (.const:PowerCC26X2_config)
                  00007ec8    00000010     drivers_cc26x2.aem4f : UARTCC26XX.oem4f (.const:dataLength)
                  00007ed8    00000010                          : GPIOCC26XX.oem4f (.const:outPinTypes)
                  00007ee8    0000000c     CC26X2R1_LAUNCHXL.obj (.const:Display_config)
                  00007ef4    0000000c     CC26X2R1_LAUNCHXL.obj (.const:RFCC26XX_hwAttrs)
                  00007f00    0000000c     drivers_cc26x2.aem4f : GPIOCC26XX.oem4f (.const:inPinTypes)
                  00007f0c    0000000c                          : GPIOCC26XX.oem4f (.const:outPinStrengths)
                  00007f18    0000000c     release_pem4f.oem4f (.const:xdc_runtime_Startup_firstFxns__A)
                  00007f24    00000008     driverlib.lib : aux_sysif.obj (.const:$O1$$)
                  00007f2c    00000008     CC26X2R1_LAUNCHXL_fxns.obj (.const:$P$T0$1)
                  00007f34    00000008     CC26X2R1_LAUNCHXL.obj (.const:PINCC26XX_hwAttrs)
                  00007f3c    00000008     CC26X2R1_LAUNCHXL.obj (.const:UDMACC26XX_config)
                  00007f44    00000008     drivers_cc26x2.aem4f : SPICC26X2DMA.oem4f (.const:dmaNullConfig)
                  00007f4c    00000008                          : SPICC26X2DMA.oem4f (.const:dmaRxConfig)
                  00007f54    00000008                          : SPICC26X2DMA.oem4f (.const:dmaTxConfig)
                  00007f5c    00000008                          : UARTCC26XX.oem4f (.const:stopBits)
                  00007f64    00000008     release_pem4f.oem4f (.const:ti_sysbios_family_arm_m3_Hwi_excHookFuncs__A)
                  00007f6c    00000008     release_pem4f.oem4f (.const:ti_sysbios_knl_Idle_funcList__A)
                  00007f74    00000008     CC26X2R1_LAUNCHXL.obj (.const:udmaHWAttrs)
                  00007f7c    00000006     drivers_cc26x2.aem4f : UARTCC26XX.oem4f (.const:.string:rxFifoBytes)
                  00007f82    00000006                          : UARTCC26XX.oem4f (.const:.string:rxFifoThreshold)
                  00007f88    00000006                          : UARTCC26XX.oem4f (.const:.string:txFifoBytes)
                  00007f8e    00000006                          : UARTCC26XX.oem4f (.const:.string:txFifoThreshold)
                  00007f94    00000004     release_pem4f.oem4f (.const:ti_sysbios_family_arm_m3_Hwi_swiDisable__C)
                  00007f98    00000004     release_pem4f.oem4f (.const:ti_sysbios_family_arm_m3_Hwi_swiRestoreHwi__C)
                  00007f9c    00000004     release_pem4f.oem4f (.const:ti_sysbios_heaps_HeapMem_primaryHeapBaseAddr__C)
                  00007fa0    00000004     release_pem4f.oem4f (.const:ti_sysbios_heaps_HeapMem_primaryHeapEndAddr__C)
                  00007fa4    00000004     release_pem4f.oem4f (.const:ti_sysbios_knl_Clock_tickPeriod__C)
                  00007fa8    00000004     release_pem4f.oem4f (.const:ti_sysbios_knl_Task_Object__heap__C)

MODULE SUMMARY

       Module                             code    ro data   rw data
       ------                             ----    -------   -------
    ./
       spimaster.obj                      1816    0         358    
       CC26X2R1_LAUNCHXL.obj              28      360       1316   
       CC26X2R1_LAUNCHXL_fxns.obj         280     28        0      
       main_tirtos.obj                    100     0         0      
       ccfg.obj                           0       88        0      
    +--+----------------------------------+-------+---------+---------+
       Total:                             2224    476       1674   
                                                                   
    ./smartrf_settings/
       smartrf_settings.obj               0       0         112    
    +--+----------------------------------+-------+---------+---------+
       Total:                             0       0         112    
                                                                   
    /Users/zhiyangzhang/workspace_v8/tirtos_builds_CC26X2R1_LAUNCHXL_release_ccs_2_40_00_81/Debug/configPkg/package/cfg/
       release_pem4f.oem4f                810     1263      1830   
    +--+----------------------------------+-------+---------+---------+
       Total:                             810     1263      1830   
                                                                   
    /Applications/ti/ccsv8/tools/compiler/ti-cgt-arm_18.1.4.LTS/lib/rtsv7M4_T_le_v4SPD16_eabi.lib
       fd_add_t2.asm.obj                  438     0         0      
       fd_cmp_t2.asm.obj                  268     0         0      
       fd_mul_t2.asm.obj                  252     0         0      
       memcpy_t2.asm.obj                  156     0         0      
       ull_div_t2.asm.obj                 150     0         0      
       memset_t2.asm.obj                  122     0         0      
       copy_decompress_lzss.c.obj         104     0         0      
       cpy_tbl.c.obj                      76      0         0      
       fd_toi_t2.asm.obj                  72      0         0      
       fd_tou_t2.asm.obj                  68      0         0      
       u_divt2.asm.obj                    64      0         0      
       fs_tod_t2.asm.obj                  56      0         0      
       i_tofd_t2.asm.obj                  46      0         0      
       _lock.c.obj                        26      0         8      
       args_main.c.obj                    24      0         0      
       ll_mul_t2.asm.obj                  24      0         0      
       copy_decompress_none.c.obj         14      0         0      
       copy_zero_init.c.obj               12      0         0      
       stkdepth_vars.c.obj                0       0         4      
       div0.asm.obj                       2       0         0      
    +--+----------------------------------+-------+---------+---------+
       Total:                             1974    0         12     
                                                                   
    /Applications/ti/simplelink_cc13x2_26x2_sdk_2_40_00_81/kernel/tirtos/packages/ti/dpl/lib/dpl_cc26x2.aem4f
       PowerCC26X2_tirtos.oem4f           264     0         8      
       ClockP_tirtos.oem4f                130     0         4      
       SemaphoreP_tirtos.oem4f            126     0         0      
       HwiP_tirtos.oem4f                  106     0         0      
       SwiP_tirtos.oem4f                  96      0         0      
       SystemP_tirtos.oem4f               4       0         0      
    +--+----------------------------------+-------+---------+---------+
       Total:                             726     0         12     
                                                                   
    /Applications/ti/simplelink_cc13x2_26x2_sdk_2_40_00_81/kernel/tirtos/packages/ti/targets/arm/rtsarm/lib/auto_init.aem4f
       auto_init.oem4f                    160     0         0      
    +--+----------------------------------+-------+---------+---------+
       Total:                             160     0         0      
                                                                   
    /Applications/ti/simplelink_cc13x2_26x2_sdk_2_40_00_81/kernel/tirtos/packages/ti/targets/arm/rtsarm/lib/boot.aem4f
       boot.oem4f                         88      0         0      
    +--+----------------------------------+-------+---------+---------+
       Total:                             88      0         0      
                                                                   
    /Applications/ti/simplelink_cc13x2_26x2_sdk_2_40_00_81/source/ti/devices/cc13x2_cc26x2/driverlib/bin/ccs/driverlib.lib
       osc.obj                            332     0         28     
       setup.obj                          324     0         0      
       rfc.obj                            308     0         0      
       sys_ctrl.obj                       296     0         0      
       chipinfo.obj                       222     0         0      
       aux_sysif.obj                      52      8         0      
       cpu.obj                            30      0         0      
       driverlib_release.obj              0       0         1      
    +--+----------------------------------+-------+---------+---------+
       Total:                             1564    8         29     
                                                                   
    /Applications/ti/simplelink_cc13x2_26x2_sdk_2_40_00_81/source/ti/display/lib/display.aem4f
       DisplayUart.oem4f                  184     32        0      
       Display.oem4f                      174     1         0      
    +--+----------------------------------+-------+---------+---------+
       Total:                             358     33        0      
                                                                   
    /Applications/ti/simplelink_cc13x2_26x2_sdk_2_40_00_81/source/ti/drivers/lib/drivers_cc26x2.aem4f
       SPICC26X2DMA.oem4f                 3262    72        128    
       UARTCC26XX.oem4f                   2816    108       2      
       PowerCC26X2.oem4f                  2030    84        236    
       PINCC26XX.oem4f                    1546    0         276    
       PowerCC26X2_calibrateRCOSC.oem4f   1400    0         0      
       GPIOCC26XX.oem4f                   840     64        81     
       UART.oem4f                         182     36        1      
       SPI.oem4f                          158     32        1      
       UDMACC26XX.oem4f                   168     0         0      
       RingBuf.oem4f                      152     0         0      
       List.oem4f                         130     0         0      
    +--+----------------------------------+-------+---------+---------+
       Total:                             12684   396       725    
                                                                   
    /Applications/ti/simplelink_cc13x2_26x2_sdk_2_40_00_81/source/ti/drivers/rf/lib/rf_multiMode_cc26x2.aem4f
       RFCC26X2_multiMode.oem4f           7632    28        998    
    +--+----------------------------------+-------+---------+---------+
       Total:                             7632    28        998    
                                                                   
    /Users/zhiyangzhang/workspace_v8/tirtos_builds_CC26X2R1_LAUNCHXL_release_ccs_2_40_00_81/src/sysbios/rom_sysbios.aem4f
       rom_sysbios.obj                    1853    0         136    
    +--+----------------------------------+-------+---------+---------+
       Total:                             1853    0         136    
                                                                   
       Stack:                             0       0         1024   
       Linker Generated:                  488     727       0      
    +--+----------------------------------+-------+---------+---------+
       Grand Total:                       30561   2931      6552   


LINKER GENERATED COPY TABLES

__TI_cinit_table @ 00008220 records: 13, size/record: 8, table size: 104
	.data: load addr=00007fb0, load size=00000203 bytes, run addr=20001110, run size=000005cc bytes, compression=lzss
	.TI.bound:dmaSpi0RxAltControlTableEntry: load addr=000081c0, load size=00000008 bytes, run addr=20001a30, run size=00000010 bytes, compression=zero_init
	.TI.bound:dmaSpi0RxControlTableEntry: load addr=000081c8, load size=00000008 bytes, run addr=20001830, run size=00000010 bytes, compression=zero_init
	.TI.bound:dmaSpi0TxAltControlTableEntry: load addr=000081d0, load size=00000008 bytes, run addr=20001a40, run size=00000010 bytes, compression=zero_init
	.TI.bound:dmaSpi0TxControlTableEntry: load addr=000081d8, load size=00000008 bytes, run addr=20001840, run size=00000010 bytes, compression=zero_init
	.TI.bound:dmaSpi1RxAltControlTableEntry: load addr=000081e0, load size=00000008 bytes, run addr=20001b00, run size=00000010 bytes, compression=zero_init
	.TI.bound:dmaSpi1RxControlTableEntry: load addr=000081e8, load size=00000008 bytes, run addr=20001900, run size=00000010 bytes, compression=zero_init
	.TI.bound:dmaSpi1TxAltControlTableEntry: load addr=000081f0, load size=00000008 bytes, run addr=20001b10, run size=00000010 bytes, compression=zero_init
	.TI.bound:dmaSpi1TxControlTableEntry: load addr=000081f8, load size=00000008 bytes, run addr=20001910, run size=00000010 bytes, compression=zero_init
	.bss: load addr=00008200, load size=00000008 bytes, run addr=20001b20, run size=00000e69 bytes, compression=zero_init
	.data:xdcRomConstPtr: load addr=00008208, load size=00000008 bytes, run addr=20000100, run size=00000004 bytes, compression=lzss
	.data:xdcRomExternFuncPtr: load addr=00008210, load size=00000008 bytes, run addr=20000104, run size=00000004 bytes, compression=lzss
	.data:xdcRomStatePtr: load addr=00008218, load size=00000008 bytes, run addr=20000108, run size=00000004 bytes, compression=lzss


LINKER GENERATED HANDLER TABLE

__TI_handler_table @ 000081b4 records: 3, size/record: 4, table size: 12
	index: 0, handler: __TI_decompress_lzss
	index: 1, handler: __TI_decompress_none
	index: 2, handler: __TI_zero_init


FAR CALL TRAMPOLINES

callee name               trampoline name
   callee addr  tramp addr   call addr  call info
--------------  -----------  ---------  ----------------
xdc_runtime_System_vsnprintf__E  $Tramp$TT$L$PI$$xdc_runtime_System_vsnprintf__E
   1002f8b9     000075bc     0000759e   dpl_cc26x2.aem4f : SystemP_tirtos.oem4f (.text:SystemP_vsnprintf)
ti_sysbios_knl_Swi_destruct  $Tramp$TT$L$PI$$ti_sysbios_knl_Swi_destruct
   1002e8bd     000075c4     0000758a   dpl_cc26x2.aem4f : SwiP_tirtos.oem4f (.text:SwiP_destruct)
ti_sysbios_family_arm_m3_Hwi_enableInterrupt__E  $Tramp$TT$L$PI$$ti_sysbios_family_arm_m3_Hwi_enableInterrupt__E
   1002d91d     000075cc     0000756e   dpl_cc26x2.aem4f : HwiP_tirtos.oem4f (.text:HwiP_enableInterrupt)
ti_sysbios_family_arm_m3_Hwi_disableInterrupt__E  $Tramp$TT$L$PI$$ti_sysbios_family_arm_m3_Hwi_disableInterrupt__E
   1002d8d9     000075d4     0000756a   dpl_cc26x2.aem4f : HwiP_tirtos.oem4f (.text:HwiP_disableInterrupt)
ti_sysbios_family_arm_m3_Hwi_disableFxn__E  $Tramp$TT$L$PI$$ti_sysbios_family_arm_m3_Hwi_disableFxn__E
   1002eb55     000075dc     00007566   dpl_cc26x2.aem4f : HwiP_tirtos.oem4f (.text:HwiP_disable)
ti_sysbios_family_arm_m3_Hwi_destruct  $Tramp$TT$L$PI$$ti_sysbios_family_arm_m3_Hwi_destruct
   1002e475     000075e4     00007562   dpl_cc26x2.aem4f : HwiP_tirtos.oem4f (.text:HwiP_destruct)
ti_sysbios_BIOS_getCpuFreq__E  $Tramp$TT$L$PI$$ti_sysbios_BIOS_getCpuFreq__E
   1002e9fd     000075ec     0000754a   dpl_cc26x2.aem4f : ClockP_tirtos.oem4f (.text:ClockP_getCpuFreq)
ti_sysbios_knl_Clock_destruct  $Tramp$TT$L$PI$$ti_sysbios_knl_Clock_destruct
[...]
1002eb61  ti_sysbios_family_arm_m3_Hwi_enableFxn__E                          
1002eb6d  ti_sysbios_gates_GateHwi_enter__E                                  
1002eb79  ti_sysbios_BIOS_RtsGateProxy_Params__init__S                       
1002eb79  ti_sysbios_gates_GateMutex_Params__init__S                         
1002eb79  ti_sysbios_heaps_HeapMem_Module_GateProxy_Params__init__S          
1002eb85  ti_sysbios_heaps_HeapTrack_Params__init__S                         
1002eb91  ti_sysbios_heaps_HeapTrack_isBlocking__E                           
1002eb9d  ti_sysbios_knl_Clock_Params__init__S                               
1002eba9  ti_sysbios_knl_Clock_getTimerHandle__E                             
1002ebb5  ti_sysbios_knl_Event_Params__init__S                               
1002ebc1  ti_sysbios_knl_Mailbox_Params__init__S                             
1002ebcd  ti_sysbios_knl_Queue_dequeue__E                                    
1002ebd9  ti_sysbios_knl_Queue_enqueue__E                                    
1002ebe5  ti_sysbios_knl_Semaphore_Params__init__S                           
1002ebf1  ti_sysbios_knl_Swi_Params__init__S                                 
1002ebfd  ti_sysbios_knl_Swi_self__E                                         
1002ec09  ti_sysbios_knl_Task_Params__init__S                                
1002ec15  ti_sysbios_hal_Hwi_Instance_finalize__E                            
1002ec1f  ti_sysbios_knl_Event_Instance_init__E                              
1002ec29  ti_sysbios_family_arm_m3_Hwi_doSwiRestore__I                       
1002ec31  ti_sysbios_family_arm_m3_Hwi_startup__E                            
1002ec31  ti_sysbios_hal_Hwi_HwiProxy_startup__E                             
1002ec31  ti_sysbios_hal_Hwi_HwiProxy_startup__E                             
1002ec31  ti_sysbios_hal_Hwi_startup__E                                      
1002ec31  ti_sysbios_hal_Hwi_startup__E                                      
1002ec39  ti_sysbios_knl_Idle_loop__E                                        
1002ec41  ti_sysbios_family_arm_m3_Hwi_doTaskRestore__I                      
1002ec47  HwiP_restore                                                       
1002ec47  ti_sysbios_family_arm_m3_Hwi_restoreFxn__E                         
1002ec4d  ti_sysbios_gates_GateHwi_leave__E                                  
1002ec53  ti_sysbios_gates_GateMutex_Instance_finalize__E                    
1002ec59  ti_sysbios_heaps_HeapMem_isBlocking__E                             
1002ec5f  ti_sysbios_knl_Queue_Instance_init__E                              
1002ec65  ti_sysbios_knl_Queue_elemClear__E                                  
1002ec6b  ti_sysbios_knl_Swi_startup__E                                      
1002ec71  ti_sysbios_knl_Task_enable__E                                      
1002ec77  ti_sysbios_BIOS_RtsGateProxy_enter__E                              
1002ec7b  ti_sysbios_BIOS_RtsGateProxy_leave__E                              
1002ec7f  ti_sysbios_family_arm_cc26xx_Timer_getExpiredTicks__E              
1002ec83  ti_sysbios_family_arm_cc26xx_Timer_getPeriod__E                    
1002ec87  ti_sysbios_family_arm_cc26xx_Timer_setPeriod__E                    
1002ec8b  ti_sysbios_family_arm_m3_Hwi_delete                                
1002ec8f  ti_sysbios_family_arm_m3_TaskSupport_Module__startupDone__S        
1002ec8f  ti_sysbios_knl_Task_SupportProxy_Module__startupDone__S            
1002ec93  ti_sysbios_gates_GateHwi_query__E                                  
1002ec93  xdc_runtime_Main_Module_GateProxy_query__E                         
1002ec93  xdc_runtime_System_Module_GateProxy_query__E                       
1002ec93  xdc_runtime_System_Module_GateProxy_query__E                       
1002ec97  ti_sysbios_gates_GateMutex_delete                                  
1002ec9b  ti_sysbios_BIOS_RtsGateProxy_query__E                              
1002ec9b  ti_sysbios_BIOS_RtsGateProxy_query__E                              
1002ec9b  ti_sysbios_gates_GateMutex_query__E                                
1002ec9b  ti_sysbios_heaps_HeapMem_Module_GateProxy_query__E                 
1002ec9b  ti_sysbios_heaps_HeapMem_Module_GateProxy_query__E                 
1002ec9f  ti_sysbios_hal_Hwi_HwiProxy_create                                 
1002eca3  ti_sysbios_hal_Hwi_HwiProxy_delete                                 
1002eca7  ti_sysbios_hal_Hwi_delete                                          
1002ecab  ti_sysbios_heaps_HeapMem_Module_GateProxy_enter__E                 
1002ecaf  ti_sysbios_heaps_HeapMem_Module_GateProxy_leave__E                 
1002ecb3  ti_sysbios_knl_Clock_TimerProxy_getExpiredTicks__E                 
1002ecb7  ti_sysbios_knl_Clock_TimerProxy_getPeriod__E                       
1002ecbb  ti_sysbios_knl_Clock_delete                                        
1002ecbf  ti_sysbios_knl_Clock_removeI__E                                    
1002ecc3  ti_sysbios_knl_Clock_setTimeout__E                                 
1002ecc7  ti_sysbios_knl_Event_delete                                        
1002eccb  ti_sysbios_knl_Mailbox_delete                                      
1002eccf  ti_sysbios_knl_Queue_delete                                        
1002ecd3  ti_sysbios_knl_Queue_head__E                                       
1002ecd7  ti_sysbios_knl_Queue_next__E                                       
1002ecdb  ti_sysbios_knl_Semaphore_delete                                    
1002ecdf  ti_sysbios_knl_Swi_delete                                          
1002ece3  ti_sysbios_knl_Swi_postInit__I                                     
1002ece7  ti_sysbios_knl_Task_delete                                         
1002eceb  ti_sysbios_knl_Task_startup__E                                     
1002ecf1  xdc_runtime_System_doPrint__I                                      
1002f055  xdc_runtime_Startup_startMods__I                                   
1002f15d  xdc_runtime_Text_putSite__E                                        
1002f1f7  xdc_runtime_Error_policySpin__E                                    
1002f1f9  xdc_runtime_Text_putMod__E                                         
1002f289  xdc_runtime_Memory_alloc__E                                        
1002f2f9  xdc_runtime_Core_createObject__I                                   
1002f367  xdc_runtime_Core_deleteObject__I                                   
1002f3c5  xdc_runtime_Text_putLab__E                                         
1002f421  xdc_runtime_Assert_raise__I                                        
1002f475  xdc_runtime_Startup_exec__E                                        
1002f4c9  xdc_runtime_Core_assignParams__I                                   
1002f511  xdc_runtime_Core_constructObject__I                                
1002f559  xdc_runtime_System_atexit__E                                       
1002f5a1  xdc_runtime_Text_xprintf__I                                        
1002f5e5  xdc_runtime_System_processAtExit__E                                
1002f625  xdc_runtime_System_putchar__I                                      
1002f659  xdc_runtime_Core_assignLabel__I                                    
1002f689  xdc_runtime_Text_printVisFxn__I                                    
1002f6b9  xdc_runtime_System_vprintf__E                                      
1002f6e5  xdc_runtime_Text_cordText__E                                       
1002f711  xdc_runtime_System_abort__E                                        
1002f739  xdc_runtime_Error_raiseX__E                                        
1002f759  xdc_runtime_Registry_findById__E                                   
1002f779  xdc_runtime_Error_check__E                                         
1002f795  xdc_runtime_Memory_valloc__E                                       
1002f7b1  xdc_runtime_System_exit__E                                         
1002f7cd  xdc_runtime_Text_ropeText__E                                       
1002f7e9  xdc_runtime_System_printf__E                                       
1002f803  xdc_runtime_Core_destructObject__I                                 
1002f81b  xdc_runtime_System_abortSpin__E                                    
1002f81d  xdc_runtime_Memory_free__E                                         
1002f831  xdc_runtime_Memory_getStats__E                                     
1002f845  xdc_runtime_SysCallback_abort__E                                   
1002f845  xdc_runtime_System_SupportProxy_abort__E                           
1002f859  xdc_runtime_SysCallback_exit__E                                    
1002f859  xdc_runtime_System_SupportProxy_exit__E                            
1002f86d  xdc_runtime_SysCallback_flush__E                                   
1002f86d  xdc_runtime_System_SupportProxy_flush__E                           
1002f86d  xdc_runtime_System_flush__E                                        
1002f881  xdc_runtime_SysCallback_putch__E                                   
1002f881  xdc_runtime_System_SupportProxy_putch__E                           
1002f895  xdc_runtime_SysCallback_ready__E                                   
1002f895  xdc_runtime_System_SupportProxy_ready__E                           
1002f8a9  xdc_runtime_Memory_getMaxDefaultTypeAlign__E                       
1002f8b9  xdc_runtime_System_vsnprintf__E                                    
1002f8c9  xdc_runtime_Timestamp_SupportProxy_get32__E                        
1002f8c9  xdc_runtime_Timestamp_SupportProxy_get32__E                        
1002f8c9  xdc_runtime_Timestamp_get32__E                                     
1002f8c9  xdc_runtime_Timestamp_get32__E                                     
1002f8d9  xdc_runtime_Memory_calloc__E                                       
1002f8e5  xdc_runtime_Startup_rtsDone__E                                     
1002f8f1  xdc_runtime_Memory_HeapProxy_alloc__E                              
1002f8fb  xdc_runtime_Memory_HeapProxy_free__E                               
1002f905  xdc_runtime_Memory_HeapProxy_getStats__E                           
1002f90f  xdc_runtime_Gate_leaveSystem__E                                    
1002f915  xdc_runtime_System_Module_startup__E                               
1002f91b  xdc_runtime_Gate_enterSystem__E                                    
1002f91f  xdc_runtime_SysCallback_Module__startupDone__S                     
1002f91f  xdc_runtime_System_SupportProxy_Module__startupDone__S             
1002f923  xdc_runtime_System_Module_GateProxy_enter__E                       
1002f927  xdc_runtime_System_Module_GateProxy_leave__E                       
1002f92b  xdc_runtime_System_printf_va__F                                    
1002f92f  xdc_runtime_System_exitSpin__E                                     
1002f931  ti_sysbios_family_arm_m3_Hwi_dispatch__I                           
1002fa11  ti_sysbios_family_arm_m3_Hwi_interruptsAreDisabledButShouldNotBe   
1002fa2d  ti_sysbios_family_arm_m3_TaskSupport_buildTaskStack                
1002fab9  ti_sysbios_family_arm_m3_Hwi_initStacks__E                         
1002fb11  ti_sysbios_family_arm_m3_Hwi_pendSV__I                             
1002fb35  ti_sysbios_family_arm_m3_Hwi_return                                
1002fb39  ti_sysbios_family_arm_m3_Hwi_excHandlerAsm__I                      
1002fb59  ti_sysbios_family_xxx_Hwi_switchAndRunFunc                         
1002fb77  ti_sysbios_family_arm_m3_TaskSupport_swap__E                       
1002fb77  ti_sysbios_knl_Task_SupportProxy_swap__E                           
1002fb77  ti_sysbios_knl_Task_SupportProxy_swap__E                           
1002fb83  ti_sysbios_knl_Task_swapReturn                                     
1002fb8f  ti_sysbios_family_arm_m3_TaskSupport_glue                          
1002fba0  ti_sysbios_knl_Task_Object__PARAMS__C                              
1002fbdc  ti_sysbios_knl_Mailbox_Object__PARAMS__C                           
1002fc10  ti_sysbios_family_arm_m3_Hwi_Object__PARAMS__C                     
1002fc40  ti_sysbios_hal_Hwi_Object__PARAMS__C                               
1002fc6c  ti_sysbios_knl_Swi_Object__PARAMS__C                               
1002fc94  ti_sysbios_heaps_HeapMem_Object__PARAMS__C                         
1002fcb8  ti_sysbios_knl_Clock_Object__PARAMS__C                             
1002fcdc  ti_sysbios_knl_Semaphore_Object__PARAMS__C                         
1002fd00  ti_sysbios_gates_GateHwi_Object__PARAMS__C                         
1002fd18  ti_sysbios_gates_GateMutex_Object__PARAMS__C                       
1002fd30  ti_sysbios_knl_Event_Object__PARAMS__C                             
1002fd48  ti_sysbios_knl_Queue_Object__PARAMS__C                             
1002fd80  ti_sysbios_heaps_HeapTrack_Object__PARAMS__C                       
1002fd9c  ti_sysbios_heaps_HeapTrack_Instance_State_trackQueue__O            
1002fda0  ti_sysbios_heaps_HeapTrack_Module__diagsEnabled__C                 
1002fda4  ti_sysbios_heaps_HeapTrack_Module__diagsIncluded__C                
1002fda8  ti_sysbios_heaps_HeapTrack_Module__diagsMask__C                    
1002fddb  strlen                                                             
20000000  ti_sysbios_family_arm_m3_Hwi_ramVectors                            
20000100  xdcRomConstPtr                                                     
20000104  xdcRomExternFuncPtr                                                
20000108  xdcRomStatePtr                                                     
20000110  __primary_heap_start__                                             
20001110  ROM_stateStruct                                                    
20001110  __primary_heap_end__                                               
20001110  ti_sysbios_knl_Clock_Module__state__V                              
2000113c  ti_sysbios_family_arm_cc26xx_TimestampProvider_Module__state__V    
20001140  xdc_runtime_Startup_Module__state__V                               
20001148  xdc_runtime_Registry_Module__state__V                              
20001150  ti_sysbios_BIOS_Module__state__V                                   
20001174  ti_sysbios_knl_Swi_Module__state__V                                
20001190  ti_sysbios_knl_Task_Module__state__V                               
200011d4  xdc_runtime_Memory_Module__state__V                                
200011d8  xdc_runtime_System_Module__state__V                                
200011e0  ti_sysbios_family_arm_m3_Hwi_Module__state__V                      
20001214  ti_sysbios_family_arm_cc26xx_Timer_Module__state__V                
2000121c  PowerCC26X2_module                                                 
20001390  ti_sysbios_gates_GateMutex_Object__table__V                        
200013e4  ti_sysbios_knl_Task_Object__table__V                               
20001430  ti_sysbios_family_arm_cc26xx_Timer_Object__table__V                
20001478  gpioPinConfigs                                                     
200014a8  ti_sysbios_knl_Swi_Module_State_0_readyQ__A                        
200014d8  ti_sysbios_knl_Swi_Object__table__V                                
20001508  ti_sysbios_knl_Task_Module_State_0_readyQ__A                       
20001538  RF_cmdPropRadioDivSetup                                            
20001558  ti_sysbios_knl_Clock_Object__table__V                              
20001578  xdc_runtime_Error_IgnoreBlock                                      
20001598  RF_cmdFs                                                           
200015b0  RF_cmdPropTx                                                       
200015c8  ti_sysbios_family_arm_m3_Hwi_Object__table__V                      
200015e0  ti_sysbios_heaps_HeapMem_Object__table__V                          
200015f8  RF_prop                                                            
20001618  gpioCallbackFunctions                                              
20001628  pOverrides                                                         
20001638  _lock                                                              
2000163c  _unlock                                                            
20001640  pinUpperBound                                                      
20001644  pinLowerBound                                                      
20001648  pinTable                                                           
20001650  ti_sysbios_family_arm_m3_Hwi_Module__root__V                       
20001658  ti_sysbios_gates_GateHwi_Module__root__V                           
20001660  ti_sysbios_gates_GateMutex_Module__root__V                         
20001668  ti_sysbios_hal_Hwi_Module__root__V                                 
20001670  ti_sysbios_heaps_HeapMem_Module__root__V                           
20001678  ti_sysbios_knl_Clock_Module__root__V                               
20001680  ti_sysbios_knl_Event_Module__root__V                               
20001688  ti_sysbios_knl_Mailbox_Module__root__V                             
20001690  ti_sysbios_knl_Queue_Module__root__V                               
20001698  ti_sysbios_knl_Semaphore_Module__root__V                           
200016a0  ti_sysbios_knl_Swi_Module__root__V                                 
200016a8  ti_sysbios_knl_Task_Module__root__V                                
200016b0  xdc_runtime_System_Module_State_0_atexitHandlers__A                
200016b8  num_messages                                                       
200016bc  constant_offset                                                    
200016be  ti_sysbios_family_arm_m3_Hwi_Module_State_0_excActive__A           
200016cc  main_func_sp                                                       
200016d0  ti_sysbios_family_arm_m3_Hwi_Module_State_0_excContext__A          
200016d4  ti_sysbios_family_arm_m3_Hwi_Module_State_0_excStack__A            
200016d8  ti_sysbios_knl_Task_Module_State_0_idleTask__A                     
20001b20  uartCC26XXObjects                                                  
20001f70  ti_sysbios_knl_Task_Instance_State_0_stack__A                      
20002170  spiCC26X2DMAObjects                                                
20002318  ti_sysbios_family_arm_m3_Hwi_dispatchTable                         
20002510  pinHandleTable                                                     
2000258c  messages                                                           
20002670  uartCC26XXRingBuffer                                               
2000281c  udmaObjects                                                        
20002960  displayUartObject                                                  
20002974  ClockP_tickPeriod                                                  
20002978  PowerCC26XX_swiKey                                                 
2000297c  PowerCC26XX_taskKey                                                
20002980  masterRxBuffer                                                     
20002984  masterTxBuffer                                                     
20002988  driverlib_release_0_53646                                          
20013c00  __stack                                                            
20014000  __STACK_END                                                        
e000e000  ti_sysbios_family_arm_m3_Hwi_nvic                                  
ffffffff  __TI_pprof_out_hndl                                                
ffffffff  __TI_prof_data_size                                                
ffffffff  __TI_prof_data_start                                               
ffffffff  __binit__                                                          
ffffffff  __c_args__                                                         
ffffffff  binit                                                              
UNDEFED   SHT$$INIT_ARRAY$$Base                                              
UNDEFED   SHT$$INIT_ARRAY$$Limit                                             

[950 symbols]
