******************************************************************************
                  TI ARM Linker PC v18.1.3                     
******************************************************************************
>> Linked Sun Jan 13 18:38:24 2019

OUTPUT FILE NAME:   <ble5_project_zero_cc26x2r1lp_app_FlashROM_Debug.out>
ENTRY POINT SYMBOL: "ResetISR"  address: 00021435


MEMORY CONFIGURATION

         name            origin    length      used     unused   attr    fill
----------------------  --------  ---------  --------  --------  ----  --------
  FLASH_IMG_HDR         00000000   00000050  00000038  00000018  R  X
  ENTRY                 00000050   00000040  0000003c  00000004  R  X
  FLASH                 00000090   00056090  00034c48  00021448  R  X
  SRAM                  20000000   000134f8  0000bf3b  000075bd  RW X


SEGMENT ALLOCATION MAP

run origin  load origin   length   init length attrs members
----------  ----------- ---------- ----------- ----- -------
00000000    00000000    00000038   00000038    r--
  00000000    00000000    00000038   00000038    r-- .image_header
00000050    00000050    00030c88   00030c88    r-x
  00000050    00000050    0000003c   0000003c    r-- .resetVecs
  00000090    00000090    0002c974   0002c974    r-x .text
  0002ca04    0002ca04    00003294   00003294    r-- .const
  0002fc98    0002fc98    000009f0   000009f0    r-- .rodata
  00030688    00030688    00000650   00000650    r-- .cinit
00048000    00048000    00004000   00000000    rw-
  00048000    00048000    00004000   00000000    rw- .TI.bound:flashBuf
20001830    20001830    00000010   00000000    rw-
  20001830    20001830    00000010   00000000    rw- .TI.bound:dmaSpi0RxControlTableEntry
20001840    20001840    00000010   00000000    rw-
  20001840    20001840    00000010   00000000    rw- .TI.bound:dmaSpi0TxControlTableEntry
20001900    20001900    00000010   00000000    rw-
  20001900    20001900    00000010   00000000    rw- .TI.bound:dmaSpi1RxControlTableEntry
20001910    20001910    00000010   00000000    rw-
  20001910    20001910    00000010   00000000    rw- .TI.bound:dmaSpi1TxControlTableEntry
20001a30    20001a30    00000010   00000000    rw-
  20001a30    20001a30    00000010   00000000    rw- .TI.bound:dmaSpi0RxAltControlTableEntry
20001a40    20001a40    00000010   00000000    rw-
  20001a40    20001a40    00000010   00000000    rw- .TI.bound:dmaSpi0TxAltControlTableEntry
20001b00    20001b00    00000010   00000000    rw-
  20001b00    20001b00    00000010   00000000    rw- .TI.bound:dmaSpi1RxAltControlTableEntry
20001b10    20001b10    00000010   00000000    rw-
  20001b10    20001b10    00000010   00000000    rw- .TI.bound:dmaSpi1TxAltControlTableEntry
20001b80    20001b80    00000f18   00000000    rw-
  20001b80    20001b80    00000f18   00000000    rw- .data
20002b00    20002b00    0000aa63   00000000    rw-
  20002b00    20002b00    0000aa63   00000000    rw- .bss
200130f8    200130f8    00000400   00000000    rw-
  200130f8    200130f8    00000400   00000000    rw- .stack


SECTION ALLOCATION MAP

 output                                  attributes/
section   page    origin      length       input sections
--------  ----  ----------  ----------   ----------------
.bootVecs 
*          0    00000000    00000008     DSECT
                  00000000    00000008     boot.aem4f : boot.oem4f (.bootVecs)

.resetVecs 
*          0    00000050    0000003c     
                  00000050    0000003c     ble_debug_pem4f.oem4f (.resetVecs)

.vecs      0    20000000    000000d8     NOLOAD SECTION
                  20000000    000000d8     ble_debug_pem4f.oem4f (.vecs)

xdc.meta   0    00000000    00000106     COPY SECTION
                  00000000    00000106     ble_debug_pem4f.oem4f (xdc.meta)

.image_header 
*          0    00000000    00000038     
                  00000000    00000038     oad_image_header_app.obj (.image_header:retain)

.resetVecs 
*          0    00000050    00000000     UNINITIALIZED

.intvecs   0    00000050    00000000     UNINITIALIZED

EntrySection 
*          0    00000050    00000000     UNINITIALIZED

.cinit     0    00030688    00000650     
                  00030688    000005a7     (.cinit..data.load) [load image, compression = lzss]
                  00030c2f    00000001     --HOLE-- [fill = 0]
                  00030c30    0000000c     (__TI_handler_table)
                  00030c3c    00000004     --HOLE-- [fill = 0]
                  00030c40    00000008     (.cinit..TI.bound:dmaSpi0RxAltControlTableEntry.load) [load image, compression = zero_init]
                  00030c48    00000008     (.cinit..TI.bound:dmaSpi0RxControlTableEntry.load) [load image, compression = zero_init]
                  00030c50    00000008     (.cinit..TI.bound:dmaSpi0TxAltControlTableEntry.load) [load image, compression = zero_init]
                  00030c58    00000008     (.cinit..TI.bound:dmaSpi0TxControlTableEntry.load) [load image, compression = zero_init]
                  00030c60    00000008     (.cinit..TI.bound:dmaSpi1RxAltControlTableEntry.load) [load image, compression = zero_init]
                  00030c68    00000008     (.cinit..TI.bound:dmaSpi1RxControlTableEntry.load) [load image, compression = zero_init]
                  00030c70    00000008     (.cinit..TI.bound:dmaSpi1TxAltControlTableEntry.load) [load image, compression = zero_init]
                  00030c78    00000008     (.cinit..TI.bound:dmaSpi1TxControlTableEntry.load) [load image, compression = zero_init]
                  00030c80    00000008     (.cinit..bss.load) [load image, compression = zero_init]
                  00030c88    00000050     (__TI_cinit_table)

.TI.bound:flashBuf 
*          0    00048000    00004000     UNINITIALIZED
                  00048000    00004000     CC26X2R1_LAUNCHXL.obj (.TI.bound:flashBuf)

.TI.bound:dmaSpi0RxControlTableEntry 
*          0    20001830    00000010     UNINITIALIZED
                  20001830    00000010     drivers_cc26x2_v1.aem4f : SPICC26X2DMA.oem4f (.TI.bound:dmaSpi0RxControlTableEntry)

.TI.bound:dmaSpi0TxControlTableEntry 
*          0    20001840    00000010     UNINITIALIZED
                  20001840    00000010     drivers_cc26x2_v1.aem4f : SPICC26X2DMA.oem4f (.TI.bound:dmaSpi0TxControlTableEntry)

.TI.bound:dmaSpi1RxControlTableEntry 
*          0    20001900    00000010     UNINITIALIZED
                  20001900    00000010     drivers_cc26x2_v1.aem4f : SPICC26X2DMA.oem4f (.TI.bound:dmaSpi1RxControlTableEntry)

.TI.bound:dmaSpi1TxControlTableEntry 
*          0    20001910    00000010     UNINITIALIZED
                  20001910    00000010     drivers_cc26x2_v1.aem4f : SPICC26X2DMA.oem4f (.TI.bound:dmaSpi1TxControlTableEntry)

.TI.bound:dmaSpi0RxAltControlTableEntry 
*          0    20001a30    00000010     UNINITIALIZED
                  20001a30    00000010     drivers_cc26x2_v1.aem4f : SPICC26X2DMA.oem4f (.TI.bound:dmaSpi0RxAltControlTableEntry)

.TI.bound:dmaSpi0TxAltControlTableEntry 
*          0    20001a40    00000010     UNINITIALIZED
                  20001a40    00000010     drivers_cc26x2_v1.aem4f : SPICC26X2DMA.oem4f (.TI.bound:dmaSpi0TxAltControlTableEntry)

.TI.bound:dmaSpi1RxAltControlTableEntry 
*          0    20001b00    00000010     UNINITIALIZED
                  20001b00    00000010     drivers_cc26x2_v1.aem4f : SPICC26X2DMA.oem4f (.TI.bound:dmaSpi1RxAltControlTableEntry)

.TI.bound:dmaSpi1TxAltControlTableEntry 
*          0    20001b10    00000010     UNINITIALIZED
                  20001b10    00000010     drivers_cc26x2_v1.aem4f : SPICC26X2DMA.oem4f (.TI.bound:dmaSpi1TxAltControlTableEntry)

.data      0    20001b80    00000f18     UNINITIALIZED
                  20001b80    00000130     devinfoservice.obj (.data:devInfoAttrTbl)
                  20001cb0    00000100     ble5_project_zero_cc26x2r1lp_stack_library.lib : gapbondmgr.obj (.data:$O1$$)
                  20001db0    000000d0     oad.obj (.data:oadAttrTbl)
                  20001e80    000000c8     drivers_cc26x2_v1.aem4f : PowerCC26X2.oem4f (.data:PowerCC26X2_module)
                  20001f48    000000a0     profiles_pxxx_coc.a : gapgattserver.o (.data)
                  20001fe8    0000007c     ble5_project_zero_cc26x2r1lp_stack_library.lib : osal_cbtimer.obj (.data:$O1$$)
                  20002064    00000070     button_service.obj (.data:Button_ServiceAttrTbl)
                  200020d4    00000068     ble_debug_pem4f.oem4f (.data:ti_uia_loggers_LoggerStopMode_Object__table__V)
                  2000213c    00000060     data_service.obj (.data:Data_ServiceAttrTbl)
                  2000219c    00000050     led_service.obj (.data:LED_ServiceAttrTbl)
                  200021ec    0000004c     ll_pxxx.a : ll_config.o (.data)
                  20002238    0000004c     ble_debug_pem4f.oem4f (.data:ti_sysbios_knl_Task_Object__table__V)
                  20002284    00000048     ble_user_config.obj (.data:rfRegTbl)
                  200022cc    00000004     ble5_project_zero_cc26x2r1lp_stack_library.lib : gap.obj (.data:$O1$$)
                  200022d0    00000048     ble_debug_pem4f.oem4f (.data:ti_sysbios_family_arm_cc26xx_Timer_Object__table__V)
                  20002318    00000044     ble_debug_pem4f.oem4f (.data:ti_sysbios_knl_Task_Module__state__V)
                  2000235c    00000040     profiles_pxxx_coc.a : gattservapp.o (.data)
                  2000239c    00000040     sunlightService.obj (.data:sunlightServiceAttrTbl)
                  200023dc    00000035     oad.obj (.data)
                  20002411    00000003     oad.obj (.data:oadCharVals)
                  20002414    00000034     ble_debug_pem4f.oem4f (.data:ti_sysbios_family_arm_m3_Hwi_Module__state__V)
                  20002448    00000030     ble_debug_pem4f.oem4f (.data:ti_sysbios_knl_Swi_Module_State_0_readyQ__A)
                  20002478    00000030     ble_debug_pem4f.oem4f (.data:ti_sysbios_knl_Swi_Object__table__V)
                  200024a8    00000030     ble_debug_pem4f.oem4f (.data:ti_sysbios_knl_Task_Module_State_0_readyQ__A)
                  200024d8    0000002c     CC26X2R1_LAUNCHXL.obj (.data:gpioPinConfigs)
                  20002504    0000002c     ble_debug_pem4f.oem4f (.data:ti_sysbios_knl_Clock_Module__state__V)
                  20002530    00000028     ble5_project_zero_cc26x2r1lp_stack_library.lib : osal.obj (.data:$O1$$)
                  20002558    00000028     data_service.obj (.data:ds_StringVal)
                  20002580    00000028     icall_user_config.obj (.data:nvintfFncStruct)
                  200025a8    00000028     project_zero.obj (.data:received_string$9)
                  200025d0    00000024     ble_debug_pem4f.oem4f (.data:ti_sysbios_BIOS_Module__state__V)
                  200025f4    00000020     ble_user_config.obj (.data:eccParams_NISTP256)
                  20002614    00000020     project_zero.obj (.data:localNameStr$12)
                  20002634    00000020     ble_debug_pem4f.oem4f (.data:ti_sysbios_heaps_HeapTrack_Object__table__V)
                  20002654    00000020     ble_debug_pem4f.oem4f (.data:ti_sysbios_knl_Clock_Object__table__V)
                  20002674    00000020     ble_debug_pem4f.oem4f (.data:xdc_runtime_Error_IgnoreBlock)
                  20002694    0000001c     ble_debug_pem4f.oem4f (.data:ti_sysbios_gates_GateMutex_Object__table__V)
                  200026b0    0000001c     ble_debug_pem4f.oem4f (.data:ti_sysbios_knl_Swi_Module__state__V)
                  200026cc    00000018     ble_debug_pem4f.oem4f (.data:ti_sysbios_family_arm_m3_Hwi_Object__table__V)
                  200026e4    00000018     ble_debug_pem4f.oem4f (.data:ti_sysbios_heaps_HeapMem_Object__table__V)
                  200026fc    00000015     project_zero.obj (.data:attDeviceName)
                  20002711    00000015     devinfoservice.obj (.data:devInfoFirmwareRev)
                  20002726    00000015     devinfoservice.obj (.data:devInfoHardwareRev)
                  2000273b    00000015     devinfoservice.obj (.data:devInfoMfrName)
                  20002750    00000015     devinfoservice.obj (.data:devInfoModelNumber)
                  20002765    00000015     devinfoservice.obj (.data:devInfoSerialNumber)
                  2000277a    00000015     devinfoservice.obj (.data:devInfoSoftwareRev)
                  2000278f    00000014     data_service.obj (.data:ds_StreamVal)
                  200027a3    00000001     TRNGCC26XX.obj (.data)
                  200027a4    00000014     gap_pxxx_coc.a : gap_configmgr.o (.data)
                  200027b8    00000014     icall.obj (.data)
                  200027cc    00000012     project_zero.obj (.data:scanRspData)
                  200027de    00000010     project_zero.obj (.data:advertData)
                  200027ee    00000002     drivers_cc26x2_v1.aem4f : CryptoResourceCC26XX.oem4f (.data)
                  200027f0    00000010     icall_user_config.obj (.data:bleAppServiceInfoTable)
                  20002800    00000010     gap_pxxx_coc.a : gap_configmgr.o (.data)
                  20002810    00000010     CC26X2R1_LAUNCHXL.obj (.data:gpioCallbackFunctions)
                  20002820    00000010     icall_api_lite.obj (.data)
                  20002830    00000010     ll_pxxx.a : ll.o (.data)
                  20002840    00000010               : ll_data.o (.data)
                  20002850    00000010     ble_user_config.obj (.data:rfRegTbl1M)
                  20002860    00000010     ble_user_config.obj (.data:rfRegTbl2M)
                  20002870    00000010     ble_user_config.obj (.data:rfRegTblCoded)
                  20002880    00000010     main.obj (.data:user0Cfg)
                  20002890    0000000e     devinfoservice.obj (.data:defaultDevInfo11073Cert)
                  2000289e    00000002     drivers_cc26x2_v1.aem4f : PKAResourceCC26XX.oem4f (.data)
                  200028a0    0000000e     devinfoservice.obj (.data)
                  200028ae    00000002     gap_pxxx_coc.a : gap_linkmgr.o (.data)
                  200028b0    0000000d     project_zero.obj (.data)
                  200028bd    00000001     button_service.obj (.data:bs_BUTTON0Val)
                  200028be    00000002     gatt_pxxx_coc.a : gatt_server.o (.data)
                  200028c0    0000000c     project_zero.obj (.data:buttonPinTable)
                  200028cc    0000000c     button_service.obj (.data)
                  200028d8    0000000c     data_service.obj (.data)
                  200028e4    0000000c     project_zero.obj (.data:ledPinTable)
                  200028f0    0000000c     led_service.obj (.data)
                  200028fc    0000000c     ll_pxxx.a : ll_common.o (.data)
                  20002908    0000000c     ble_debug_pem4f.oem4f (.data:ti_sysbios_knl_Event_Module__root__V)
                  20002914    0000000c     ble_debug_pem4f.oem4f (.data:ti_sysbios_knl_Task_Module__root__V)
                  20002920    0000000c     ble_debug_pem4f.oem4f (.data:ti_uia_runtime_QueueDescriptor_Module__state__V)
                  2000292c    0000000c     ble_debug_pem4f.oem4f (.data:xdc_runtime_SysMin_Module__state__V)
                  20002938    0000000a     UartLog.obj (.data)
                  20002942    00000002     l2cap_pxxx_coc.a : l2cap_task.o (.data)
                  20002944    00000008     ble5_project_zero_cc26x2r1lp_stack_library.lib : hal_assert.obj (.data:$O1$$)
                  2000294c    00000008                                                    : osal_clock.obj (.data:$O1$$)
                  20002954    00000008     rtsv7M4_T_le_v4SPD16_eabi.lib : _lock.c.obj (.data:$O1$$)
                  2000295c    00000008     project_zero.obj (.data:ProjectZero_BondMgrCBs)
                  20002964    00000008     project_zero.obj (.data:ProjectZero_Button_ServiceCBs)
                  2000296c    00000008     project_zero.obj (.data:ProjectZero_Data_ServiceCBs)
                  20002974    00000008     project_zero.obj (.data:ProjectZero_LED_ServiceCBs)
                  2000297c    00000008     devinfoservice.obj (.data:devInfoSystemId)
                  20002984    00000008     drivers_cc26x2_v1.aem4f : PINCC26XX.oem4f (.data)
                  2000298c    00000008     icall_cc2650.obj (.data)
                  20002994    00000008     profiles_pxxx_coc.a : gapgattserver.o (.data)
                  2000299c    00000008     ti.uia.runtime.aem4f : QueueDescriptor.oem4f (.data)
                  200029a4    00000008     ble_debug_pem4f.oem4f (.data:ti_sysbios_family_arm_cc26xx_Timer_Module__state__V)
                  200029ac    00000008     ble_debug_pem4f.oem4f (.data:ti_sysbios_family_arm_m3_Hwi_Module__root__V)
                  200029b4    00000008     ble_debug_pem4f.oem4f (.data:ti_sysbios_gates_GateHwi_Module__root__V)
                  200029bc    00000008     ble_debug_pem4f.oem4f (.data:ti_sysbios_gates_GateHwi_Object__table__V)
                  200029c4    00000008     ble_debug_pem4f.oem4f (.data:ti_sysbios_gates_GateMutexPri_Module__root__V)
                  200029cc    00000008     ble_debug_pem4f.oem4f (.data:ti_sysbios_gates_GateMutex_Module__root__V)
                  200029d4    00000008     ble_debug_pem4f.oem4f (.data:ti_sysbios_heaps_HeapMem_Module__root__V)
                  200029dc    00000008     ble_debug_pem4f.oem4f (.data:ti_sysbios_heaps_HeapTrack_Module__root__V)
                  200029e4    00000008     ble_debug_pem4f.oem4f (.data:ti_sysbios_knl_Clock_Module__root__V)
                  200029ec    00000008     ble_debug_pem4f.oem4f (.data:ti_sysbios_knl_Queue_Module__root__V)
                  200029f4    00000008     ble_debug_pem4f.oem4f (.data:ti_sysbios_knl_Semaphore_Module__root__V)
                  200029fc    00000008     ble_debug_pem4f.oem4f (.data:ti_sysbios_knl_Swi_Module__root__V)
                  20002a04    00000008     ble_debug_pem4f.oem4f (.data:ti_uia_loggers_LoggerStopMode_Module__root__V)
                  20002a0c    00000008     ble_debug_pem4f.oem4f (.data:xdc_runtime_Registry_Module__state__V)
                  20002a14    00000008     ble_debug_pem4f.oem4f (.data:xdc_runtime_Startup_Module__state__V)
                  20002a1c    00000008     ble_debug_pem4f.oem4f (.data:xdc_runtime_System_Module__state__V)
                  20002a24    00000007     devinfoservice.obj (.data:devInfoPnpId)
                  20002a2b    00000001     button_service.obj (.data:bs_BUTTON1Val)
                  20002a2c    00000006     nvoctp.obj (.data)
                  20002a32    00000002     l2cap_pxxx_coc.a : l2cap_task.o (.data)
                  20002a34    00000005     drivers_cc26x2_v1.aem4f : GPIOCC26XX.oem4f (.data)
                  20002a39    00000001                             : AESCCMCC26XX.oem4f (.data)
                  20002a3a    00000002     ll_pxxx.a : ll_ae.o (.data)
                  20002a3c    00000005     sunlightService.obj (.data)
                  20002a41    00000001     drivers_cc26x2_v1.aem4f : AESECBCC26XX.oem4f (.data)
                  20002a42    00000002     sm_pxxx_coc.a : sm_mgr.o (.data)
                  20002a44    00000004     ble5_project_zero_cc26x2r1lp_stack_library.lib : osal_pwrmgr.obj (.data:$O1$$)
                  20002a48    00000004     icall.obj (.data:ICall_initParams)
                  20002a4c    00000004     project_zero.obj (.data:ProjectZero_oadCBs)
                  20002a50    00000004     ble5_project_zero_cc26x2r1lp_stack_library.lib : ble_user_config.obj (.data)
                  20002a54    00000004                                                    : osal_bufmgr.obj (.data)
                  20002a58    00000004     ble_user_config.obj (.data)
                  20002a5c    00000004     drivers_cc26x2_v1.aem4f : GPIOCC26XX.oem4f (.data:gpioPinTable)
                  20002a60    00000004     rtsv7M4_T_le_v4SPD16_eabi.lib : stkdepth_vars.c.obj (.data)
                  20002a64    00000004     sunlightService.obj (.data:sunlightService_SunlightValueVal)
                  20002a68    00000004     ble_debug_pem4f.oem4f (.data:ti_sysbios_family_arm_cc26xx_TimestampProvider_Module__state__V)
                  20002a6c    00000004     ble_debug_pem4f.oem4f (.data:ti_sysbios_family_arm_m3_Hwi_Module_State_0_excContext__A)
                  20002a70    00000004     ble_debug_pem4f.oem4f (.data:ti_sysbios_family_arm_m3_Hwi_Module_State_0_excStack__A)
                  20002a74    00000004     ble_debug_pem4f.oem4f (.data:ti_sysbios_knl_Task_Module_State_0_idleTask__A)
                  20002a78    00000004     ble_debug_pem4f.oem4f (.data:xdc_runtime_Memory_Module__state__V)
                  20002a7c    00000002     ble_debug_pem4f.oem4f (.data:ti_sysbios_family_arm_m3_Hwi_Module_State_0_excActive__A)
                  20002a7e    00000002     ble_debug_pem4f.oem4f (.data:xdc_runtime_Error_Module__state__V)
                  20002a80    00000001     drivers_cc26x2_v1.aem4f : ECDHCC26X2.oem4f (.data)
                  20002a81    00000001                             : NVS.oem4f (.data)
                  20002a82    00000001                             : SPI.oem4f (.data)
                  20002a83    00000001                             : UART.oem4f (.data)
                  20002a84    00000001     flash_interface_ext_rtos_NVS.obj (.data)
                  20002a85    00000001     gap_pxxx_coc.a : gap_advertiser.o (.data)
                  20002a86    00000001                    : gap_task.o (.data)
                  20002a87    00000001     gatt_pxxx_coc.a : gatt_client.o (.data)
                  20002a88    00000001                     : gatt_server.o (.data)
                  20002a89    00000001                     : gatt_task.o (.data)
                  20002a8a    00000001     l2cap_pxxx_coc.a : l2cap_task.o (.data)
                  20002a8b    00000001                      : l2cap_task.o (.data)
                  20002a8c    00000001     ll_pxxx.a : ll_ae.o (.data)
                  20002a8d    00000001               : ll_ae.o (.data)
                  20002a8e    00000001               : ll_scheduler.o (.data)
                  20002a8f    00000001     led_service.obj (.data:ls_LED0Val)
                  20002a90    00000001     led_service.obj (.data:ls_LED1Val)
                  20002a91    00000001     profiles_pxxx_coc.a : gapgattserver.o (.data)
                  20002a92    00000001                         : gapgattserver.o (.data)
                  20002a93    00000001                         : gapgattserver.o (.data)
                  20002a94    00000001                         : gapgattserver.o (.data)
                  20002a95    00000001                         : gapgattserver.o (.data)
                  20002a96    00000001                         : gattservapp.o (.data)
                  20002a97    00000001                         : gattservapp.o (.data)

.bss       0    20002b00    0000aa63     UNINITIALIZED
                  20002b00    00007530     (.common:ti_sysbios_heaps_HeapMem_Instance_State_0_buf__A)
                  2000a030    00000800     (.common:appTaskStack)
                  2000a830    00000050     (.common:pzTask)
                  2000a880    00000800     (.common:ti_uia_loggers_LoggerStopMode_Instance_State_1_packetArray__A)
                  2000b080    00000500     (.common:uartLog_evBuf)
                  2000b580    00000300     ble_debug_pem4f.oem4f (.bss:taskStackSection)
                  2000b880    00000300     (.common:xdc_runtime_SysMin_Module_State_0_outbuf__A)
                  2000bb80    00000250     (.common:uartCC26XXObjects)
                  2000bdd0    00000030     rf_multiMode_cc26x2_v1.aem4f : RFCC26X2_multiMode.oem4f (.bss:RF_Sch)
                  2000be00    00000200     (.common:ti_uia_loggers_LoggerStopMode_Instance_State_0_packetArray__A)
                  2000c000    000001c0                                  : RFCC26X2_multiMode.oem4f (.bss:RF_cmdPool)
                  2000c1c0    000001a0     (.common:spiCC26X2DMAObjects)
                  2000c360    00000120     rtsv7M4_T_le_v4SPD16_eabi.lib : trgmsg.c.obj (.bss:_CIOBUF_)
                  2000c480    00000100     (.common:crcBuf)
                  2000c580    000000d8     (.common:ti_sysbios_family_arm_m3_Hwi_dispatchTable)
                  2000c658    000000c8     ll_pxxx.a : ll.o (.bss)
                  2000c720    000000ac     (.common:uartLog_outBuf)
                  2000c7cc    0000007c     (.common:pinHandleTable)
                  2000c848    00000068     rf_multiMode_cc26x2_v1.aem4f : RFCC26X2_multiMode.oem4f (.bss:RF_ratModule)
                  2000c8b0    00000060     project_zero.obj (.bss:connList)
                  2000c910    00000054     (.common:ecdhCC26X2Objects)
                  2000c964    0000004c     (.common:aesccmCC26XXObjects)
                  2000c9b0    0000004c     (.common:aesecbCC26XXObjects)
                  2000c9fc    00000048     icall.obj (.bss:ICall_entities)
                  2000ca44    00000044     ll_pxxx.a : ll_ae.o (.bss)
                  2000ca88    00000044     sm_pxxx_coc.a : sm_pairing.o (.bss)
                  2000cacc    00000040     CC26X2R1_LAUNCHXL.obj (.bss:verifyBuf)
                  2000cb0c    00000040     (.common:uartCC26XXRingBuffer)
                  2000cb4c    00000038     oad.obj (.bss:candidateImageHeader)
                  2000cb84    00000038     ll_pxxx.a : ble.o (.bss)
                  2000cbbc    00000034     rf_multiMode_cc26x2_v1.aem4f : RFCC26X2_multiMode.oem4f (.bss:RF_swiFsmObj)
                  2000cbf0    00000034                                  : RFCC26X2_multiMode.oem4f (.bss:RF_swiHwObj)
                  2000cc24    00000034     drivers_cc26x2_v1.aem4f : PINCC26XX.oem4f (.bss:pinSwi)
                  2000cc58    00000030     gap_pxxx_coc.a : linkdb.o (.bss)
                  2000cc88    00000030     l2cap_pxxx_coc.a : l2cap_task.o (.bss)
                  2000ccb8    00000028     (.common:nvFptrs)
                  2000cce0    00000020     rf_multiMode_cc26x2_v1.aem4f : RFCC26X2_multiMode.oem4f (.bss:RF_cmdQ)
                  2000cd00    00000030     (.common:ti_uia_loggers_LoggerStopMode_Instance_State_0_hdr__A)
                  2000cd30    00000024     icall.obj (.bss:ICall_tasks)
                  2000cd54    00000024     rf_multiMode_cc26x2_v1.aem4f : RFCC26X2_multiMode.oem4f (.bss:RF_clkPowerUpObj)
                  2000cd78    00000008     button_service.obj (.bss)
                  2000cd80    00000030     (.common:ti_uia_loggers_LoggerStopMode_Instance_State_1_hdr__A)
                  2000cdb0    00000024     project_zero.obj (.bss:button0DebounceClock)
                  2000cdd4    00000024     project_zero.obj (.bss:button1DebounceClock)
                  2000cdf8    00000024     ll_pxxx.a : ll.o (.bss)
                  2000ce1c    00000024               : ll_enc.o (.bss)
                  2000ce40    00000024     project_zero.obj (.bss:myClock)
                  2000ce64    00000024     oad.obj (.bss:oadActivityClk)
                  2000ce88    00000020     drivers_cc26x2_v1.aem4f : GPIOCC26XX.oem4f (.bss:gpioCallbackInfo)
                  2000cea8    00000020     ll_pxxx.a : ll_ecc.o (.bss)
                  2000cec8    00000020               : ll_enc.o (.bss)
                  2000cee8    00000020     drivers_cc26x2_v1.aem4f : PINCC26XX.oem4f (.bss:pinGpioConfigTable)
                  2000cf08    00000020     project_zero.obj (.bss)
                  2000cf28    00000020     (.common:udmaObjects)
                  2000cf48    0000001c     rf_multiMode_cc26x2_v1.aem4f : RFCC26X2_multiMode.oem4f (.bss:RF_hwiCpe0Obj)
                  2000cf64    0000001c                                  : RFCC26X2_multiMode.oem4f (.bss:RF_hwiHwObj)
                  2000cf80    0000001c     gap_pxxx_coc.a : gap_configmgr.o (.bss)
                  2000cf9c    0000001c     ll_pxxx.a : ble.o (.bss)
                  2000cfb8    0000001c     drivers_cc26x2_v1.aem4f : PINCC26XX.oem4f (.bss:pinHwi)
                  2000cfd4    0000001c                             : PINCC26XX.oem4f (.bss:pinSemaphore)
                  2000cff0    0000001c     (.common:CryptoResourceCC26XX_accessSemaphore)
                  2000d00c    0000001c     (.common:CryptoResourceCC26XX_hwi)
                  2000d028    0000001c     (.common:CryptoResourceCC26XX_operationSemaphore)
                  2000d044    0000001c     (.common:PKAResourceCC26XX_accessSemaphore)
                  2000d060    0000001c     (.common:PKAResourceCC26XX_hwi)
                  2000d07c    0000001c     (.common:PKAResourceCC26XX_operationSemaphore)
                  2000d098    00000019     nvoctp.obj (.bss)
                  2000d0b1    00000002     project_zero.obj (.bss:buttonMsg$10)
                  2000d0b3    00000001     att_pxxx_coc.a : att_util.o (.bss)
                  2000d0b4    00000018     profiles_pxxx_coc.a : gapgattserver.o (.bss)
                  2000d0cc    00000018                         : gattservapp.o (.bss)
                  2000d0e4    00000016     rf_multiMode_cc26x2_v1.aem4f : RFCC26X2_multiMode.oem4f (.bss)
                  2000d0fa    00000002     drivers_cc26x2_v1.aem4f : UARTCC26XX.oem4f (.bss)
                  2000d0fc    00000014     rf_multiMode_cc26x2_v1.aem4f : RFCC26X2_multiMode.oem4f (.bss:RF_ratSyncCmd)
                  2000d110    00000014                                  : RFCC26X2_multiMode.oem4f (.bss:RF_wakeupNotifyObj)
                  2000d124    00000014     project_zero.obj (.bss:addrStr$4)
                  2000d138    00000014     project_zero.obj (.bss:addrStr$6)
                  2000d14c    00000014     project_zero.obj (.bss:addrStr$7)
                  2000d160    00000014     ll_pxxx.a : ble.o (.bss)
                  2000d174    00000014               : ll.o (.bss)
                  2000d188    00000014     oad.obj (.bss)
                  2000d19c    00000014     driverlib.lib : osc.obj (.bss:oscHfGlobals)
                  2000d1b0    00000014     drivers_cc26x2_v1.aem4f : GPIOCC26XX.oem4f (.bss:powerNotifyObj)
                  2000d1c4    00000010     rf_multiMode_cc26x2_v1.aem4f : RFCC26X2_multiMode.oem4f (.bss:RF_core)
                  2000d1d4    00000010     gap_pxxx_coc.a : gap_configmgr.o (.bss)
                  2000d1e4    00000010     ll_pxxx.a : ble.o (.bss)
                  2000d1f4    00000010               : ll_ecc.o (.bss)
                  2000d204    00000010               : ll_ecc.o (.bss)
                  2000d214    00000010               : ll_ecc.o (.bss)
                  2000d224    00000010               : ll_ecc.o (.bss)
                  2000d234    00000010               : ll_ecc.o (.bss)
                  2000d244    00000010               : ll_ecc.o (.bss)
                  2000d254    00000010               : ll_enc.o (.bss)
                  2000d264    00000010               : ll_enc.o (.bss)
                  2000d274    00000010               : ll_enc.o (.bss)
                  2000d284    00000010               : ll_enc.o (.bss)
                  2000d294    00000010     project_zero.obj (.bss:pretty_data_holder$8)
                  2000d2a4    00000010     drivers_cc26x2_v1.aem4f : NVSSPI25X.oem4f (.bss:spiHandles)
                  2000d2b4    0000000c     ble5_project_zero_cc26x2r1lp_stack_library.lib : osal_timers.obj (.bss:$O1$$)
                  2000d2c0    0000000c     nvoctp.obj (.bss:NVOCTP_itemBuffer)
                  2000d2cc    0000000c     nvoctp.obj (.bss:NVOCTP_nvsAttrs)
                  2000d2d8    0000000c     project_zero.obj (.bss:appMsgQueue)
                  2000d2e4    0000000c     project_zero.obj (.bss:buttonPinState)
                  2000d2f0    0000000c     drivers_cc26x2_v1.aem4f : NVSCC26XX.oem4f (.bss)
                  2000d2fc    0000000c                             : NVSSPI25X.oem4f (.bss)
                  2000d308    0000000c                             : GPIOCC26XX.oem4f (.bss:gpioPinState)
                  2000d314    0000000c     project_zero.obj (.bss:ledPinState)
                  2000d320    0000000c     ll_pxxx.a : ll_ecc.o (.bss)
                  2000d32c    0000000c               : ll_enc.o (.bss)
                  2000d338    0000000c               : ll_scheduler.o (.bss)
                  2000d344    0000000c     oad.obj (.bss:oadQ)
                  2000d350    0000000c     flash_interface_ext_rtos_NVS.obj (.bss:regionAttrs)
                  2000d35c    0000000c     (.common:nvsSPI25XObjects)
                  2000d368    00000008     drivers_cc26x2_v1.aem4f : GPIOCC26XX.oem4f (.bss)
                  2000d370    00000008     gap_pxxx_coc.a : gap_configmgr.o (.bss)
                  2000d378    00000008                    : gap_linkmgr.o (.bss)
                  2000d380    00000008     hci_pxxx.a : hci_event.o (.bss)
                  2000d388    00000008                : hci_event.o (.bss)
                  2000d390    00000008                : hci_event.o (.bss)
                  2000d398    00000008     ll_pxxx.a : ll.o (.bss)
                  2000d3a0    00000008               : ll.o (.bss)
                  2000d3a8    00000008               : ll.o (.bss)
                  2000d3b0    00000008               : ll.o (.bss)
                  2000d3b8    00000008               : ll.o (.bss)
                  2000d3c0    00000008               : ll.o (.bss)
                  2000d3c8    00000008               : ll_common.o (.bss)
                  2000d3d0    00000008               : ll_privacy.o (.bss)
                  2000d3d8    00000008     project_zero.obj (.bss:paramUpdateList)
                  2000d3e0    00000008     profiles_pxxx_coc.a : gattservapp.o (.bss)
                  2000d3e8    00000008     project_zero.obj (.bss:setPhyCommStatList)
                  2000d3f0    00000008     project_zero.obj (.bss:versionStr$1)
                  2000d3f8    00000008     (.common:parmbuf)
                  2000d400    00000004     att_pxxx_coc.a : att_client.o (.bss)
                  2000d404    00000004                    : att_server.o (.bss)
                  2000d408    00000004     data_service.obj (.bss)
                  2000d40c    00000004     drivers_cc26x2_v1.aem4f : ECDHCC26X2.oem4f (.bss)
                  2000d410    00000004                             : PINCC26XX.oem4f (.bss)
                  2000d414    00000004     flash_interface_ext_rtos_NVS.obj (.bss)
                  2000d418    00000004     gap_pxxx_coc.a : gap_advertiser.o (.bss)
                  2000d41c    00000004                    : gap_linkmgr.o (.bss)
                  2000d420    00000004                    : gap_linkmgr.o (.bss)
                  2000d424    00000004                    : gap_linkmgr.o (.bss)
                  2000d428    00000004                    : gap_linkmgr.o (.bss)
                  2000d42c    00000004                    : gap_perilinkmgr.o (.bss)
                  2000d430    00000004                    : gap_task.o (.bss)
                  2000d434    00000004                    : linkdb.o (.bss)
                  2000d438    00000004     gatt_pxxx_coc.a : gatt_client.o (.bss)
                  2000d43c    00000004                     : gatt_server.o (.bss)
                  2000d440    00000004                     : gatt_server.o (.bss)
                  2000d444    00000004                     : gatt_task.o (.bss)
                  2000d448    00000004                     : gatt_task.o (.bss)
                  2000d44c    00000004     icall.obj (.bss)
                  2000d450    00000004     l2cap_pxxx_coc.a : l2cap_task.o (.bss)
                  2000d454    00000004                      : l2cap_task.o (.bss)
                  2000d458    00000004     ll_pxxx.a : ble.o (.bss)
                  2000d45c    00000004               : ble.o (.bss)
                  2000d460    00000004               : ble.o (.bss)
                  2000d464    00000004               : ble.o (.bss)
                  2000d468    00000004               : ble.o (.bss)
                  2000d46c    00000004               : ll.o (.bss)
                  2000d470    00000004               : ll.o (.bss)
                  2000d474    00000004               : ll.o (.bss)
                  2000d478    00000004               : ll.o (.bss)
                  2000d47c    00000004               : ll.o (.bss)
                  2000d480    00000004               : ll.o (.bss)
                  2000d484    00000004               : ll.o (.bss)
                  2000d488    00000004               : ll.o (.bss)
                  2000d48c    00000004               : ll.o (.bss)
                  2000d490    00000004               : ll.o (.bss)
                  2000d494    00000004               : ll.o (.bss)
                  2000d498    00000004               : ll.o (.bss)
                  2000d49c    00000004               : ll_ae.o (.bss)
                  2000d4a0    00000004               : ll_ecc.o (.bss)
                  2000d4a4    00000004               : ll_ecc.o (.bss)
                  2000d4a8    00000004               : ll_enc.o (.bss)
                  2000d4ac    00000004               : ll_enc.o (.bss)
                  2000d4b0    00000004               : ll_privacy.o (.bss)
                  2000d4b4    00000004               : ll_wl.o (.bss)
                  2000d4b8    00000004               : ll_wl.o (.bss)
                  2000d4bc    00000004     flash_interface_ext_rtos_NVS.obj (.bss:nvsParams)
                  2000d4c0    00000004     profiles_pxxx_coc.a : gapgattserver.o (.bss)
                  2000d4c4    00000004                         : gattservapp.o (.bss)
                  2000d4c8    00000004                         : gattservapp.o (.bss)
                  2000d4cc    00000004                         : gattservapp.o (.bss)
                  2000d4d0    00000004                         : gattservapp.o (.bss)
                  2000d4d4    00000004     sm_pxxx_coc.a : sm_pairing.o (.bss)
                  2000d4d8    00000004                   : sm_pairing.o (.bss)
                  2000d4dc    00000004                   : sm_pairing.o (.bss)
                  2000d4e0    00000004                   : sm_rsppairing.o (.bss)
                  2000d4e4    00000004     drivers_cc26x2_v1.aem4f : NVSSPI25X.oem4f (.bss:spiHandleUsers)
                  2000d4e8    00000004     sunlightService.obj (.bss)
                  2000d4ec    00000004     (.common:ClockP_tickPeriod)
                  2000d4f0    00000004     (.common:PowerCC26XX_swiKey)
                  2000d4f4    00000004     (.common:PowerCC26XX_taskKey)
                  2000d4f8    00000004     (.common:nvsCC26xxObjects)
                  2000d4fc    00000004     (.common:tasksEvents)
                  2000d500    00000004     (.common:trngCC26XXObjects)
                  2000d504    00000002     hci_pxxx.a : hci.o (.bss)
                  2000d506    00000002     ll_pxxx.a : ll.o (.bss)
                  2000d508    00000002               : ll.o (.bss)
                  2000d50a    00000002               : ll.o (.bss)
                  2000d50c    00000002               : ll.o (.bss)
                  2000d50e    00000002               : ll.o (.bss)
                  2000d510    00000002               : ll.o (.bss)
                  2000d512    00000002               : ll.o (.bss)
                  2000d514    00000002               : ll.o (.bss)
                  2000d516    00000002               : ll.o (.bss)
                  2000d518    00000002               : ll.o (.bss)
                  2000d51a    00000002               : ll.o (.bss)
                  2000d51c    00000002               : ll.o (.bss)
                  2000d51e    00000002               : ll.o (.bss)
                  2000d520    00000002               : ll_slave_end_causes.o (.bss)
                  2000d522    00000002     profiles_pxxx_coc.a : gapgattserver.o (.bss)
                  2000d524    00000002                         : gattservapp.o (.bss)
                  2000d526    00000001     gap_pxxx_coc.a : gap_advertiser.o (.bss)
                  2000d527    00000001                    : gap_advertiser.o (.bss)
                  2000d528    00000001                    : gap_advertiser.o (.bss)
                  2000d529    00000001                    : gap_configmgr.o (.bss)
                  2000d52a    00000001                    : gap_configmgr.o (.bss)
                  2000d52b    00000001                    : gap_devmgr.o (.bss)
                  2000d52c    00000001                    : gap_linkmgr.o (.bss)
                  2000d52d    00000001                    : gap_task.o (.bss)
                  2000d52e    00000001                    : linkdb.o (.bss)
                  2000d52f    00000001                    : linkdb.o (.bss)
                  2000d530    00000001     gatt_pxxx_coc.a : gatt_task.o (.bss)
                  2000d531    00000001                     : gatt_task.o (.bss)
                  2000d532    00000001     hci_pxxx.a : hci.o (.bss)
                  2000d533    00000001                : hci.o (.bss)
                  2000d534    00000001     hci_tl_none.a : hci_tl.o (.bss)
                  2000d535    00000001                   : hci_tl.o (.bss)
                  2000d536    00000001                   : hci_tl.o (.bss)
                  2000d537    00000001                   : hci_tl.o (.bss)
                  2000d538    00000001                   : hci_tl.o (.bss)
                  2000d539    00000001     l2cap_pxxx_coc.a : l2cap_if.o (.bss)
                  2000d53a    00000001                      : l2cap_task.o (.bss)
                  2000d53b    00000001                      : l2cap_task.o (.bss)
                  2000d53c    00000001                      : l2cap_task.o (.bss)
                  2000d53d    00000001                      : l2cap_task.o (.bss)
                  2000d53e    00000001                      : l2cap_task.o (.bss)
                  2000d53f    00000001                      : l2cap_task.o (.bss)
                  2000d540    00000001                      : l2cap_util.o (.bss)
                  2000d541    00000001                      : l2cap_util.o (.bss)
                  2000d542    00000001     ll_pxxx.a : ll.o (.bss)
                  2000d543    00000001               : ll.o (.bss)
                  2000d544    00000001               : ll.o (.bss)
                  2000d545    00000001               : ll.o (.bss)
                  2000d546    00000001               : ll.o (.bss)
                  2000d547    00000001               : ll.o (.bss)
                  2000d548    00000001               : ll.o (.bss)
                  2000d549    00000001               : ll.o (.bss)
                  2000d54a    00000001               : ll.o (.bss)
                  2000d54b    00000001               : ll.o (.bss)
                  2000d54c    00000001               : ll.o (.bss)
                  2000d54d    00000001               : ll.o (.bss)
                  2000d54e    00000001               : ll.o (.bss)
                  2000d54f    00000001               : ll.o (.bss)
                  2000d550    00000001               : ll.o (.bss)
                  2000d551    00000001               : ll.o (.bss)
                  2000d552    00000001               : ll.o (.bss)
                  2000d553    00000001               : ll.o (.bss)
                  2000d554    00000001               : ll.o (.bss)
                  2000d555    00000001               : ll.o (.bss)
                  2000d556    00000001               : ll_ae.o (.bss)
                  2000d557    00000001               : ll_ae.o (.bss)
                  2000d558    00000001               : ll_ae.o (.bss)
                  2000d559    00000001               : ll_config.o (.bss)
                  2000d55a    00000001               : ll_config.o (.bss)
                  2000d55b    00000001     profiles_pxxx_coc.a : gapgattserver.o (.bss)
                  2000d55c    00000001                         : gattservapp.o (.bss)
                  2000d55d    00000001                         : gattservapp.o (.bss)
                  2000d55e    00000001     sm_pxxx_coc.a : sm_task.o (.bss)
                  2000d55f    00000001                   : sm_task.o (.bss)
                  2000d560    00000001     (.common:driverlib_release_0_52354)
                  2000d561    00000001     (.common:icall_liteTaskId)
                  2000d562    00000001     (.common:osal_entity)

.vtable    0    2000d563    00000000     UNINITIALIZED

.vtable_ram 
*          0    2000d563    00000000     UNINITIALIZED

vtable_ram 
*          0    2000d563    00000000     UNINITIALIZED

.sysmem    0    2000d563    00000000     UNINITIALIZED

.nonretenvar 
*          0    2000d563    00000000     UNINITIALIZED

.stack     0    200130f8    00000400     UNINITIALIZED
                  200130f8    00000400     --HOLE--

.text      0    00000090    0002c974     
                  00000090    000012a4     ll_pxxx.a : ll.o (.text)
                  00001334    00000808               : ble.o (.text)
                  00001b3c    0000070c               : ll_adv_end_causes.o (.text)
                  00002248    00000514               : ll_slave_end_causes.o (.text)
                  0000275c    000004a4               : ll_slave_end_causes.o (.text)
                  00002c00    00000460     project_zero.obj (.text:ProjectZero_init)
                  00003060    00000440     ll_pxxx.a : ll_ae.o (.text)
                  000034a0    00000420     sysbios.aem4f : BIOS.obj (.text:ti_sysbios_family_arm_m3_Hwi_excDumpRegs__I)
                  000038c0    0000041c     oad.obj (.text:oadProcessExtControlCmd)
                  00003cdc    0000040f     project_zero.obj (.text:ProjectZero_bootManagerCheck)
                  000040eb    00000001     --HOLE-- [fill = 0]
                  000040ec    000003e8     ble5_project_zero_cc26x2r1lp_stack_library.lib : gapbondmgr.obj (.text:GAPBondMgr_ProcessGAPMsg)
                  000044d4    000003a8     project_zero.obj (.text:ProjectZero_processGapMessage)
                  0000487c    00000398     ll_pxxx.a : ll.o (.text)
                  00004c14    0000032c               : ll_isr.o (.text)
                  00004f40    00000314               : ll_ae.o (.text)
                  00005254    00000314     sysbios.aem4f : BIOS.obj (.text:xdc_runtime_System_doPrint__I)
                  00005568    0000030c                   : BIOS.obj (.text:ti_sysbios_knl_Event_pend__E)
                  00005874    00000300     rf_multiMode_cc26x2_v1.aem4f : RFCC26X2_multiMode.oem4f (.text:RF_fsmActiveState)
                  00005b74    000002f8     ll_pxxx.a : ll_isr.o (.text)
                  00005e6c    000002bc     drivers_cc26x2_v1.aem4f : SPICC26X2DMA.oem4f (.text:SPICC26X2DMA_transfer)
                  00006128    000002b0     ll_pxxx.a : ll_slave_end_causes.o (.text)
                  000063d8    0000029c     data_service.obj (.text:Data_Service_WriteAttrCB)
                  00006674    00000284     sysbios.aem4f : BIOS.obj (.text:ti_sysbios_knl_Semaphore_pend__E)
                  000068f8    00000260     hci_pxxx.a : hci_event.o (.text)
                  00006b58    0000025c     oad.obj (.text:oadImgBlockWrite)
                  00006db4    00000258     ll_pxxx.a : ll_ae.o (.text)
                  0000700c    00000258               : ll_common.o (.text)
                  00007264    00000240     button_service.obj (.text:ButtonService_SetParameter)
                  000074a4    00000240     data_service.obj (.text:DataService_SetParameter)
                  000076e4    00000238     sysbios.aem4f : BIOS.obj (.text:ti_sysbios_heaps_HeapMem_freeUnprotected__E)
                  0000791c    00000230     ll_pxxx.a : ll_scheduler.o (.text)
                  00007b4c    00000228     drivers_cc26x2_v1.aem4f : SPICC26X2DMA.oem4f (.text:SPICC26X2DMA_hwiFxn)
                  00007d74    0000021c     ll_pxxx.a : ll_ae.o (.text)
                  00007f90    00000214               : ll_ae.o (.text)
                  000081a4    00000210               : ll_common.o (.text)
                  000083b4    0000020c     ble5_project_zero_cc26x2r1lp_stack_library.lib : gapbondmgr.obj (.text:GAPBondMgr_ProcessEvent)
                  000085c0    00000208                                                    : gapbondmgr.obj (.text:GAPBondMgr_SetParameter)
                  000087c8    00000208     ll_pxxx.a : ll_isr.o (.text)
                  000089d0    00000204     profiles_pxxx_coc.a : gattservapp.o (.text)
                  00008bd4    00000204     sm_pxxx_coc.a : sm_pairing.o (.text)
                  00008dd8    00000200     ll_pxxx.a : ll_scheduler.o (.text)
                  00008fd8    00000200     project_zero.obj (.text:projectZero_eraseExternalFlash)
                  000091d8    000001fe     main.obj (.text:AssertHandler)
                  000093d6    00000002     ble_user_config.obj (.text:DefaultAssertCback)
                  000093d8    000001f8     sysbios.aem4f : BIOS.obj (.text:ti_sysbios_heaps_HeapMem_allocUnprotected__E)
                  000095d0    000001f8                   : BIOS.obj (.text:ti_sysbios_knl_Task_Instance_finalize__E)
                  000097c8    000001e4     sm_pxxx_coc.a : sm_rsppairing.o (.text)
                  000099ac    000001d8     led_service.obj (.text:LED_Service_WriteAttrCB)
                  00009b84    000001d8     project_zero.obj (.text:ProjectZero_taskFxn)
                  00009d5c    000001d8     ble5_project_zero_cc26x2r1lp_stack_library.lib : gapbondmgr.obj (.text:gapBondMgrAddBond)
                  00009f34    000001d4     ll_pxxx.a : ll_common.o (.text)
                  0000a108    000001c8     ble5_project_zero_cc26x2r1lp_stack_library.lib : osal.obj (.text:osal_run_system)
                  0000a2d0    000001c4     nvoctp.obj (.text:NVOCTP_initNvApi)
                  0000a494    000001c0     drivers_cc26x2_v1.aem4f : PINCC26XX.oem4f (.text:PIN_init)
                  0000a654    000001b8     ble5_project_zero_cc26x2r1lp_stack_library.lib : gap.obj (.text:GAP_DeviceInit)
                  0000a80c    000001b0     sysbios.aem4f : BIOS.obj (.text:ti_sysbios_knl_Task_Instance_init__E)
                  0000a9bc    000001ac                   : BIOS.obj (.text:ti_sysbios_knl_Task_sleep__E)
                  0000ab68    000001a4     drivers_cc26x2_v1.aem4f : PowerCC26X2.oem4f (.text:Power_sleep)
                  0000ad0c    000001a4     gap_pxxx_coc.a : gap_advertiser.o (.text)
                  0000aeb0    0000019c     ll_pxxx.a : ll_isr.o (.text)
                  0000b04c    00000194     driverlib.lib : pka.obj (.text:NOROM_PKAEccVerifyPublicKeyWeierstrassStart)
                  0000b1e0    00000194     drivers_cc26x2_v1.aem4f : PowerCC26X2_calibrateRCOSC.oem4f (.text:runCalibrateFsm)
                  0000b374    00000190                             : ECDHCC26X2.oem4f (.text:ECDHCC26X2_runFSM)
                  0000b504    00000190     ll_pxxx.a : ll.o (.text)
                  0000b694    0000018c     rf_multiMode_cc26x2_v1.aem4f : RFCC26X2_multiMode.oem4f (.text:RF_scheduleCmd)
                  0000b820    00000180     drivers_cc26x2_v1.aem4f : SPICC26X2DMA.oem4f (.text:configNextTransfer)
                  0000b9a0    00000180     sysbios.aem4f : BIOS.obj (.text:ti_sysbios_gates_GateMutexPri_enter__E)
                  0000bb20    00000180                   : BIOS.obj (.text:ti_sysbios_knl_Task_setPri__E)
                  0000bca0    00000178     profiles_pxxx_coc.a : gattservapp.o (.text)
                  0000be18    00000170     drivers_cc26x2_v1.aem4f : SPICC26X2DMA.oem4f (.text:SPICC26X2DMA_transferCancel)
                  0000bf88    0000016c     sysbios.aem4f : BIOS.obj (.text:ti_sysbios_family_arm_m3_Hwi_excBusFault__I)
                  0000c0f4    0000016b     project_zero.obj (.text:ProjectZero_processHCIMsg)
                  0000c25f    00000001     --HOLE-- [fill = 0]
                  0000c260    00000168     crc32.obj (.text:CRC32_calc)
                  0000c3c8    00000168     drivers_cc26x2_v1.aem4f : NVSSPI25X.oem4f (.text:NVSSPI25X_write)
                  0000c530    00000168     UartLog.obj (.text:uartLog_doPrint)
                  0000c698    00000164     button_service.obj (.text:Button_Service_ReadAttrCB)
                  0000c7fc    00000160     data_service.obj (.text:Data_Service_ReadAttrCB)
                  0000c95c    00000160     led_service.obj (.text:LED_Service_ReadAttrCB)
                  0000cabc    00000160     rf_multiMode_cc26x2_v1.aem4f : RFCC26X2_multiMode.oem4f (.text:RF_getInfo)
                  0000cc1c    00000160     gatt_pxxx_coc.a : gatt_client.o (.text)
                  0000cd7c    00000160     ll_pxxx.a : ll_data.o (.text)
                  0000cedc    0000015c     drivers_cc26x2_v1.aem4f : UARTCC26XX.oem4f (.text:UARTCC26XX_open)
                  0000d038    0000015c                             : PowerCC26X2_calibrateRCOSC.oem4f (.text:calibrateRcoscHf1)
                  0000d194    0000015c     sm_pxxx_coc.a : sm_mgr.o (.text)
                  0000d2f0    00000158     sysbios.aem4f : BIOS.obj (.text:ti_sysbios_family_arm_m3_Hwi_excUsageFault__I)
                  0000d448    00000154     led_service.obj (.text:LedService_SetParameter)
                  0000d59c    00000154     nvoctp.obj (.text:NVOCTP_compactPage)
                  0000d6f0    00000154     drivers_cc26x2_v1.aem4f : UARTCC26XX.oem4f (.text:UARTCC26XX_hwiIntFxn)
                  0000d844    00000154     gap_pxxx_coc.a : gap_advertiser.o (.text)
                  0000d998    00000150     sysbios.aem4f : BIOS.obj (.text:ti_sysbios_heaps_HeapTrack_free__E)
                  0000dae8    0000014c     gatt_pxxx_coc.a : gatt_server.o (.text)
                  0000dc34    00000148     nvoctp.obj (.text:NVOCTP_writeItem)
                  0000dd7c    00000148     driverlib.lib : setup.obj (.text:TrimAfterColdResetWakeupFromShutDown)
                  0000dec4    00000148     l2cap_pxxx_coc.a : l2cap_task.o (.text)
                  0000e00c    00000148     sm_pxxx_coc.a : sm_mgr.o (.text)
                  0000e154    00000144     button_service.obj (.text:Button_Service_WriteAttrCB)
                  0000e298    00000144     oad.obj (.text:OAD_processQueue)
                  0000e3dc    00000140     project_zero.obj (.text:ProjectZero_LedService_ValueChangeHandler)
                  0000e51c    00000140     drivers_cc26x2_v1.aem4f : SPICC26X2DMA.oem4f (.text:initIO)
                  0000e65c    00000140     ll_pxxx.a : ll_common.o (.text)
                  0000e79c    00000140               : ll_isr.o (.text)
                  0000e8dc    00000140     sysbios.aem4f : BIOS.obj (.text:ti_sysbios_family_arm_m3_Hwi_excMemFault__I)
                  0000ea1c    00000140                   : BIOS.obj (.text:ti_sysbios_knl_Event_post__E)
                  0000eb5c    0000013c     ble5_project_zero_cc26x2r1lp_stack_library.lib : gapbondmgr.obj (.text:gapBondMgrAuthenticate)
                  0000ec98    00000138     drivers_cc26x2_v1.aem4f : NVSCC26XX.oem4f (.text:NVSCC26XX_write)
                  0000edd0    00000138                             : UARTCC26XX.oem4f (.text:UARTCC26XX_read)
                  0000ef08    00000138     profiles_pxxx_coc.a : gattservapp.o (.text)
                  0000f040    00000138     sysbios.aem4f : BIOS.obj (.text:ti_sysbios_heaps_HeapMem_Instance_init__E)
                  0000f178    00000138     ble_debug_pem4f.oem4f (.text:ti_uia_loggers_LoggerStopMode_writeMemoryRange__E)
                  0000f2b0    00000130     drivers_cc26x2_v1.aem4f : PowerCC26X2.oem4f (.text:Power_init)
                  0000f3e0    00000130     sysbios.aem4f : BIOS.obj (.text:xdc_runtime_Error_policyDefault__E)
                  0000f510    0000012c     project_zero.obj (.text:ProjectZero_handleUpdateLinkEvent)
                  0000f63c    0000012c     drivers_cc26x2_v1.aem4f : SPICC26X2DMA.oem4f (.text:SPICC26X2DMA_open)
                  0000f768    0000012c     sysbios.aem4f : BIOS.obj (.text:ti_sysbios_knl_Semaphore_post__E)
                  0000f894    00000124     rf_multiMode_cc26x2_v1.aem4f : RFCC26X2_multiMode.oem4f (.text:RF_abortCmd)
                  0000f9b8    00000124                                  : RFCC26X2_multiMode.oem4f (.text:RF_init)
                  0000fadc    00000124     ll_pxxx.a : ll_scheduler.o (.text)
                  0000fc00    00000120     rf_multiMode_cc26x2_v1.aem4f : RFCC26X2_multiMode.oem4f (.text:RF_fsmSetupState)
                  0000fd20    0000011c     l2cap_pxxx_coc.a : l2cap_util.o (.text)
                  0000fe3c    0000011c     profiles_pxxx_coc.a : gattservapp.o (.text)
                  0000ff58    0000011c     sysbios.aem4f : BIOS.obj (.text:ti_sysbios_family_arm_m3_Hwi_dispatchC__I)
                  00010074    0000011a     l2cap_pxxx_coc.a : l2cap_task.o (.text)
                  0001018e    00000002     driverlib.lib : rfc.obj (.text:NOROM_RFCCpePatchReset)
                  00010190    00000118                   : sys_ctrl.obj (.text:NOROM_SysCtrlStandby)
                  000102a8    00000118     rf_multiMode_cc26x2_v1.aem4f : RFCC26X2_multiMode.oem4f (.text:RF_decodeOverridePointers)
                  000103c0    00000118                                  : RFCC26X2_multiMode.oem4f (.text:RF_radioOpDoneCb)
                  000104d8    00000118     profiles_pxxx_coc.a : gattservapp.o (.text)
                  000105f0    00000118     project_zero.obj (.text:projectZero_revertToFactoryImage)
                  00010708    00000114     project_zero.obj (.text:ProjectZero_processPairState)
                  0001081c    00000114     ll_pxxx.a : ll_common.o (.text)
                  00010930    00000114     sm_pxxx_coc.a : sm_rsppairing.o (.text)
                  00010a44    00000114     sysbios.aem4f : BIOS.obj (.text:ti_sysbios_knl_Swi_run__I)
                  00010b58    00000114     ble_debug_pem4f.oem4f (.text:ti_uia_loggers_LoggerStopMode_write8__E)
                  00010c6c    00000110     gatt_pxxx_coc.a : gatt_server.o (.text)
                  00010d7c    00000110     sm_pxxx_coc.a : sm_rsppairing.o (.text)
                  00010e8c    0000010a     icall.obj (.text:ICall_waitMatch)
                  00010f96    00000002     drivers_cc26x2_v1.aem4f : NVSSPI25X.oem4f (.text:NVSSPI25X_deinitSpiCs)
                  00010f98    00000108     rf_multiMode_cc26x2_v1.aem4f : RFCC26X2_multiMode.oem4f (.text:RF_fsmChangePhyState)
                  000110a0    00000108     gap_pxxx_coc.a : gap_advertiser.o (.text)
                  000111a8    00000108     ble5_project_zero_cc26x2r1lp_stack_library.lib : ble_user_config.obj (.text:setBleUserConfig)
                  000112b0    00000108     sysbios.aem4f : BIOS.obj (.text:ti_sysbios_knl_Clock_Instance_init__E)
                  000113b8    00000104     drivers_cc26x2_v1.aem4f : AESCCMCC26XX.oem4f (.text:AESCCM_startOperation)
                  000114bc    00000104     rf_multiMode_cc26x2_v1.aem4f : RFCC26X2_multiMode.oem4f (.text:RF_open)
                  000115c0    00000104     drivers_cc26x2_v1.aem4f : UARTCC26XX.oem4f (.text:UARTCC26XX_write)
                  000116c4    00000100                             : GPIOCC26XX.oem4f (.text:GPIO_setConfig)
                  000117c4    00000100     oad.obj (.text:OAD_open)
                  000118c4    00000100     rf_multiMode_cc26x2_v1.aem4f : RFCC26X2_multiMode.oem4f (.text:RF_fsmPowerUpState)
                  000119c4    000000fc     project_zero.obj (.text:ProjectZero_processApplicationMessage)
                  00011ac0    000000fc     ll_pxxx.a : ll.o (.text)
                  00011bbc    000000fc     rtsv7M4_T_le_v4SPD16_eabi.lib : fd_mul_t2.asm.obj (.text)
                  00011cb8    000000fc     sysbios.aem4f : BIOS.obj (.text:ti_sysbios_family_arm_m3_Hwi_excFillContext__I)
                  00011db4    000000fc     ble_debug_pem4f.oem4f (.text:ti_uia_loggers_LoggerStopMode_write4__E)
                  00011eb0    000000fa     gatt_pxxx_coc.a : gatt_client.o (.text)
                  00011faa    00000002     ble5_project_zero_cc26x2r1lp_stack_library.lib : onboard.obj (.text:Onboard_soft_reset)
                  00011fac    000000f8     drivers_cc26x2_v1.aem4f : NVSSPI25X.oem4f (.text:NVSSPI25X_open)
                  000120a4    000000f8     project_zero.obj (.text:ProjectZero_ButtonService_CfgChangeHandler)
                  0001219c    000000f8     oad.obj (.text:oadImgIdentifyWrite)
                  00012294    000000f8     profiles_pxxx_coc.a : gattservapp.o (.text)
                  0001238c    000000f8     sysbios.aem4f : BIOS.obj (.text:xdc_runtime_Startup_startMods__I)
                  00012484    000000f8     ble_debug_pem4f.oem4f (.text:xdc_runtime_System_printfExtend__I)
                  0001257c    000000f6     sm_pxxx_coc.a : sm_mgr.o (.text)
                  00012672    000000f4     ble5_project_zero_cc26x2r1lp_stack_library.lib : gapbondmgr.obj (.text:gapBondMgrEraseBonding)
                  00012766    00000002     rf_multiMode_cc26x2_v1.aem4f : RFCC26X2_multiMode.oem4f (.text:RF_defaultCallback)
                  00012768    000000f4     gap_pxxx_coc.a : gap_linkmgr.o (.text)
                  0001285c    000000f4     sm_pxxx_coc.a : sm_task.o (.text)
                  00012950    000000f0     devinfoservice.obj (.text:DevInfo_SetParameter)
                  00012a40    000000f0     rf_multiMode_cc26x2_v1.aem4f : RFCC26X2_multiMode.oem4f (.text:RF_pendCmd)
                  00012b30    000000f0     ble5_project_zero_cc26x2r1lp_stack_library.lib : osal_timers.obj (.text:osalTimerUpdate)
                  00012c20    000000f0     sm_pxxx_coc.a : sm_pairing.o (.text)
                  00012d10    000000f0     sysbios.aem4f : m3_Hwi_asm.obj (.text:ti_sysbios_family_arm_m3_Hwi_dispatch__I)
                  00012e00    000000f0     ble_debug_pem4f.oem4f (.text:ti_uia_loggers_LoggerStopMode_write2__E)
                  00012ef0    000000ec     ll_pxxx.a : ll_common.o (.text)
                  00012fdc    000000ec     sysbios.aem4f : BIOS.obj (.text:ti_sysbios_family_arm_m3_Hwi_excHandlerMax__I)
                  000130c8    000000ec     ble_debug_pem4f.oem4f (.text:ti_uia_loggers_LoggerStopMode_write1__E)
                  000131b4    000000e8     project_zero.obj (.text:ProjectZero_DataService_ValueChangeHandler)
                  0001329c    000000e8     sysbios.aem4f : BIOS.obj (.text:xdc_runtime_Core_createObject__I)
                  00013384    000000e7     project_zero.obj (.text:ProjectZero_DataService_CfgChangeHandler)
                  0001346b    00000001     --HOLE-- [fill = 0]
                  0001346c    000000e4     gatt_pxxx_coc.a : gatt_client.o (.text)
                  00013550    000000e4     sm_pxxx_coc.a : sm_pairing.o (.text)
                  00013634    000000e2     profiles_pxxx_coc.a : gapgattserver.o (.text)
                  00013716    00000002     ble5_project_zero_cc26x2r1lp_stack_library.lib : sm_ecc.obj (.text:SM_dhKeyCB)
                  00013718    000000e0     drivers_cc26x2_v1.aem4f : PINCC26XX.oem4f (.text:PINCC26XX_setIoCfg)
                  000137f8    000000e0     rf_multiMode_cc26x2_v1.aem4f : RFCC26X2_multiMode.oem4f (.text:RF_hwiCpe0Active)
                  000138d8    000000e0     ble5_project_zero_cc26x2r1lp_stack_library.lib : gapbondmgr.obj (.text:gapBondMgr_LinkEst)
                  000139b8    000000e0     hci_pxxx.a : hci_event.o (.text)
                  00013a98    000000e0     ll_pxxx.a : ll_ae.o (.text)
                  00013b78    000000dc     nvoctp.obj (.text:NVOCTP_readHeader)
                  00013c54    000000dc     gap_pxxx_coc.a : gap_linkmgr.o (.text)
                  00013d30    000000dc                    : gap_task.o (.text)
                  00013e0c    000000dc     hci_pxxx.a : hci_event.o (.text)
                  00013ee8    000000dc     l2cap_pxxx_coc.a : l2cap_task.o (.text)
                  00013fc4    000000dc     ll_pxxx.a : ll_wl.o (.text)
                  000140a0    000000dc     ble5_project_zero_cc26x2r1lp_stack_library.lib : osal.obj (.text:osal_set_event)
                  0001417c    000000dc     sm_pxxx_coc.a : sm_pairing.o (.text)
                  00014258    000000dc     ble_debug_pem4f.oem4f (.text:ti_uia_loggers_LoggerStopMode_write0__E)
                  00014334    000000d8     drivers_cc26x2_v1.aem4f : GPIOCC26XX.oem4f (.text:GPIO_init)
                  0001440c    000000d8     rf_multiMode_cc26x2_v1.aem4f : RFCC26X2_multiMode.oem4f (.text:RF_dispatchNextCmd)
                  000144e4    000000d8     hci_pxxx.a : hci_event.o (.text)
                  000145bc    000000d8     ll_pxxx.a : ll.o (.text)
                  00014694    000000d8               : ll_ae.o (.text)
                  0001476c    000000d8     sysbios.aem4f : BIOS.obj (.text:ti_sysbios_knl_Clock_walkQueueDynamic__E)
                  00014844    000000d6     rf_multiMode_cc26x2_v1.aem4f : RFCC26X2_multiMode.oem4f (.text:RF_updatePaConfiguration)
                  0001491a    000000d6     sm_pxxx_coc.a : sm_mgr.o (.text)
                  000149f0    000000d4     project_zero.obj (.text:ProjectZero_processConnEvt)
                  00014ac4    000000d4     rf_multiMode_cc26x2_v1.aem4f : RFCC26X2_multiMode.oem4f (.text:RF_swiHw)
                  00014b98    000000d4     smp_pxxx_coc.a : smp.o (.text)
                  00014c6c    000000d0     driverlib.lib : pka.obj (.text:PKAGetECCResult)
                  00014d3c    000000d0     ll_pxxx.a : ble.o (.text)
                  00014e0c    000000d0     oad.obj (.text:oadResetState)
                  00014edc    000000d0     sm_pxxx_coc.a : sm_mgr.o (.text)
                  00014fac    000000d0                   : sm_rsppairing.o (.text)
                  0001507c    000000d0     sysbios.aem4f : BIOS.obj (.text:xdc_runtime_Core_constructObject__I)
                  0001514c    000000cc     button_service.obj (.text:ButtonService_AddService)
                  00015218    000000cc     devinfoservice.obj (.text:devInfo_ReadAttrCB)
                  000152e4    000000cc     ll_pxxx.a : ll_ae.o (.text)
                  000153b0    000000cc               : ll_ae.o (.text)
                  0001547c    000000cc     sysbios.aem4f : BIOS.obj (.text:ti_sysbios_knl_Swi_Instance_init__E)
                  00015548    000000cc                   : BIOS.obj (.text:ti_sysbios_knl_Task_schedule__I)
                  00015614    000000ca     sm_pxxx_coc.a : sm_mgr.o (.text)
                  000156de    00000002     ble5_project_zero_cc26x2r1lp_stack_library.lib : sm_ecc.obj (.text:SM_p256KeyCB)
                  000156e0    000000c8     drivers_cc26x2_v1.aem4f : AESECBCC26XX.oem4f (.text:AESECB_oneStepDecrypt)
                  000157a8    000000c8                             : AESECBCC26XX.oem4f (.text:AESECB_oneStepEncrypt)
                  00015870    000000c8                             : PowerCC26X2.oem4f (.text:Power_releaseDependency)
                  00015938    000000c8     project_zero.obj (.text:ProjectZero_handleButtonPress)
                  00015a00    000000c8     rf_multiMode_cc26x2_v1.aem4f : RFCC26X2_multiMode.oem4f (.text:RF_control)
                  00015ac8    000000c8     gap_pxxx_coc.a : gap_advertiser.o (.text)
                  00015b90    000000c8     ll_pxxx.a : ll_scheduler.o (.text)
                  00015c58    000000c8     profiles_pxxx_coc.a : gapgattserver.o (.text)
                  00015d20    000000c8     sm_pxxx_coc.a : sm_mgr.o (.text)
                  00015de8    000000c8                   : sm_pairing.o (.text)
                  00015eb0    000000c8                   : sm_rsppairing.o (.text)
                  00015f78    000000c4     drivers_cc26x2_v1.aem4f : PowerCC26X2.oem4f (.text:Power_setDependency)
                  0001603c    000000c4     sm_pxxx_coc.a : sm_pairing.o (.text)
                  00016100    000000c4     sysbios.aem4f : BIOS.obj (.text:ti_sysbios_knl_Task_startCore__E)
                  000161c4    000000c0     drivers_cc26x2_v1.aem4f : UARTCC26XX.oem4f (.text:UARTCC26XX_initIO)
                  00016284    000000c0     hci_pxxx.a : hci_event.o (.text)
                  00016344    000000c0     ll_pxxx.a : ll.o (.text)
                  00016404    000000c0               : ll_data.o (.text)
                  000164c4    000000c0     oad.obj (.text:oadWriteAttrCB)
                  00016584    000000c0     sm_pxxx_coc.a : sm_rsppairing.o (.text)
                  00016644    000000bf     project_zero.obj (.text:ProjectZero_processAdvEvent)
                  00016703    00000001     --HOLE-- [fill = 0]
                  00016704    000000be     gap_pxxx_coc.a : gap_linkmgr.o (.text)
                  000167c2    00000002     rtsv7M4_T_le_v4SPD16_eabi.lib : _lock.c.obj (.text:_nop)
                  000167c4    000000bc     button_service.obj (.text:ButtonService_RegisterAppCBs)
                  00016880    000000bc     ble5_project_zero_cc26x2r1lp_stack_library.lib : gapbondmgr.obj (.text:GAPBondMgr_FindAddr)
                  0001693c    000000bc     project_zero.obj (.text:ProjectZero_DataService_ValueChangeCB)
                  000169f8    000000bc     hci_pxxx.a : hci_event.o (.text)
                  00016ab4    000000bc                : hci_event.o (.text)
                  00016b70    000000bc                : hci_event.o (.text)
                  00016c2c    000000bc     l2cap_pxxx_coc.a : l2cap_util.o (.text)
                  00016ce8    000000bc     ll_pxxx.a : ll_common.o (.text)
                  00016da4    000000bb     project_zero.obj (.text:ProjectZero_LedService_ValueChangeCB)
                  00016e5f    00000001     --HOLE-- [fill = 0]
                  00016e60    000000b8     data_service.obj (.text:DataService_RegisterAppCBs)
                  00016f18    000000b8     nvoctp.obj (.text:NVOCTP_checkItem)
                  00016fd0    000000b8     drivers_cc26x2_v1.aem4f : UARTCC26XX.oem4f (.text:UARTCC26XX_initHw)
                  00017088    000000b8     hci_pxxx.a : hci_event.o (.text)
                  00017140    000000b8     oad.obj (.text:oadCreateFactoryImageBackup)
                  000171f8    000000b4     gattservapp_util.obj (.text:GATTServApp_ProcessCharCfg)
                  000172ac    000000b4     led_service.obj (.text:LedService_RegisterAppCBs)
                  00017360    000000b4     dpl_cc26x2_v1.aem4f : PowerCC26X2_tirtos.oem4f (.text:PowerCC26XX_standbyPolicy)
                  00017414    000000b4     l2cap_pxxx_coc.a : l2cap_task.o (.text)
                  000174c8    000000b4     ll_pxxx.a : ll_scheduler.o (.text)
                  0001757c    000000b4     profiles_pxxx_coc.a : gattservapp.o (.text)
                  00017630    000000b4     sysbios.aem4f : BIOS.obj (.text:ti_sysbios_family_arm_m3_Hwi_excDebugMon__I)
                  000176e4    000000b4                   : BIOS.obj (.text:ti_sysbios_family_arm_m3_Hwi_excHardFault__I)
                  00017798    000000b4                   : BIOS.obj (.text:ti_sysbios_knl_Task_checkStacks__E)
                  0001784c    000000b2     gatt_pxxx_coc.a : gatt_server.o (.text)
                  000178fe    00000002     drivers_cc26x2_v1.aem4f : PowerCC26X2.oem4f (.text:emptyClockFunc)
                  00017900    000000b0     project_zero.obj (.text:ProjectZero_ButtonService_CfgChangeCB)
                  000179b0    000000b0     rf_multiMode_cc26x2_v1.aem4f : RFCC26X2_multiMode.oem4f (.text:RF_corePowerDown)
                  00017a60    000000b0     gap_pxxx_coc.a : gap_advertiser.o (.text)
                  00017b10    000000b0                    : gap_linkmgr.o (.text)
                  00017bc0    000000b0     gatt_pxxx_coc.a : gatt_server.o (.text)
                  00017c70    000000b0     oad.obj (.text:oadCheckImageID)
                  00017d20    000000b0     profiles_pxxx_coc.a : gattservapp.o (.text)
                  00017dd0    000000b0     sysbios.aem4f : BIOS.obj (.text:ti_sysbios_gates_GateMutex_enter__E)
                  00017e80    000000b0                   : BIOS.obj (.text:ti_sysbios_knl_Swi_setPri__E)
                  00017f30    000000ae     project_zero.obj (.text:ProjectZero_DataService_CfgChangeCB)
                  00017fde    00000002     drivers_cc26x2_v1.aem4f : CryptoResourceCC26XX.oem4f (.text:errorSpin)
                  00017fe0    000000ac     data_service.obj (.text:DataService_AddService)
                  0001808c    000000ac     nvoctp.obj (.text:NVOCTP_findItem)
                  00018138    000000ac     rf_multiMode_cc26x2_v1.aem4f : RFCC26X2_multiMode.oem4f (.text:RF_initRadioSetup)
                  000181e4    000000ac     att_pxxx_coc.a : att_util.o (.text)
                  00018290    000000ac     l2cap_pxxx_coc.a : l2cap_util.o (.text)
                  0001833c    000000aa     ll_pxxx.a : ll_common.o (.text)
                  000183e6    000000aa     sm_pxxx_coc.a : sm_mgr.o (.text)
                  00018490    000000a8     gatt_pxxx_coc.a : gatt_client.o (.text)
                  00018538    000000a8     hci_pxxx.a : hci_data.o (.text)
                  000185e0    000000a8                : hci_event.o (.text)
                  00018688    000000a8     ll_pxxx.a : ll.o (.text)
                  00018730    000000a8     profiles_pxxx_coc.a : gattservapp.o (.text)
                  000187d8    000000a8     smp_pxxx_coc.a : smp.o (.text)
                  00018880    000000a8     sysbios.aem4f : BIOS.obj (.text:ti_sysbios_knl_Swi_post__E)
                  00018928    000000a6                   : BIOS.obj (.text:xdc_runtime_Text_putSite__E)
                  000189ce    00000002     drivers_cc26x2_v1.aem4f : PKAResourceCC26XX.oem4f (.text:errorSpin)
                  000189d0    000000a4     driverlib.lib : aes.obj (.text:NOROM_AESWriteToKeyStore)
                  00018a74    000000a4     project_zero.obj (.text:ProjectZero_processPasscode)
                  00018b18    000000a4     project_zero.obj (.text:buttonCallbackFxn)
                  00018bbc    000000a4     ble5_project_zero_cc26x2r1lp_stack_library.lib : osal_cbtimer.obj (.text:cbTimerSetup)
                  00018c60    000000a4     gatt_pxxx_coc.a : gatt_task.o (.text)
                  00018d04    000000a4     ll_pxxx.a : ll_common.o (.text)
                  00018da8    000000a4               : ll_common.o (.text)
                  00018e4c    000000a4               : ll_common.o (.text)
                  00018ef0    000000a4               : ll_ecc.o (.text)
                  00018f94    000000a0     drivers_cc26x2_v1.aem4f : UARTCC26XX.oem4f (.text:UARTCC26XX_writeCancel)
                  00019034    000000a0     auto_init.aem4f : auto_init.oem4f (.text)
                  000190d4    000000a0     ble5_project_zero_cc26x2r1lp_stack_library.lib : gapbondmgr.obj (.text:gapBondMgrUpdateCharCfg)
                  00019174    000000a0     sysbios.aem4f : BIOS.obj (.text:ti_sysbios_knl_Clock_Instance_finalize__E)
                  00019214    0000009c     driverlib.lib : pka.obj (.text:PKAWritePkaParam)
                  000192b0    0000009c     drivers_cc26x2_v1.aem4f : UARTCC26XX.oem4f (.text:UARTCC26XX_swiIntFxn)
                  0001934c    0000009c     UartLog.obj (.text:UartLog_log)
                  000193e8    0000009c     drivers_cc26x2_v1.aem4f : NVSSPI25X.oem4f (.text:doErase)
                  00019484    0000009c     rtsv7M4_T_le_v4SPD16_eabi.lib : memcpy_t2.asm.obj (.text)
                  00019520    0000009c     sm_pxxx_coc.a : sm_mgr.o (.text)
                  000195bc    0000009c     sysbios.aem4f : BIOS.obj (.text:ti_sysbios_knl_Semaphore_Instance_init__E)
                  00019658    0000009c                   : BIOS.obj (.text:ti_sysbios_knl_Task_blockI__E)
                  000196f4    00000098     icall.obj (.text:ICall_setTimer)
                  0001978c    00000098     driverlib.lib : setup.obj (.text:NOROM_SetupTrimDevice)
                  00019824    00000098     ble5_project_zero_cc26x2r1lp_stack_library.lib : gapbondmgr.obj (.text:gapBondMgr_syncResolvingList)
                  000198bc    00000098     ll_pxxx.a : ll_ae.o (.text)
                  00019954    00000098     oad.obj (.text:oadFindExtFlMetaPage)
                  000199ec    00000098     ble5_project_zero_cc26x2r1lp_stack_library.lib : osal_cbtimer.obj (.text:osal_CbTimerProcessEvent)
                  00019a84    00000098     sm_pxxx_coc.a : sm_task.o (.text)
                  00019b1c    00000098     sysbios.aem4f : BIOS.obj (.text:ti_sysbios_knl_Clock_workFuncDynamic__E)
                  00019bb4    00000098                   : BIOS.obj (.text:xdc_runtime_Text_putMod__E)
                  00019c4c    00000096     rtsv7M4_T_le_v4SPD16_eabi.lib : ull_div_t2.asm.obj (.text)
                  00019ce2    00000002     ble5_project_zero_cc26x2r1lp_stack_library.lib : hal_assert.obj (.text:halAssertSpinlock)
                  00019ce4    00000094     drivers_cc26x2_v1.aem4f : PINCC26XX.oem4f (.text:PIN_open)
                  00019d78    00000094     project_zero.obj (.text:ProjectZero_updatePHYStat)
                  00019e0c    00000094     drivers_cc26x2_v1.aem4f : SPICC26X2DMA.oem4f (.text:SPICC26X2DMA_control)
                  00019ea0    00000094     TRNGCC26XX.obj (.text:TRNGCC26XX_getNumber)
                  00019f34    00000094     project_zero.obj (.text:buttonDebounceSwiFxn)
                  00019fc8    00000094     gatt_pxxx_coc.a : gatt_client.o (.text)
                  0001a05c    00000094                     : gatt_server.o (.text)
                  0001a0f0    00000094     l2cap_pxxx_coc.a : l2cap_util.o (.text)
                  0001a184    00000094     ll_pxxx.a : ll.o (.text)
                  0001a218    00000094               : ll_privacy.o (.text)
                  0001a2ac    00000094     sysbios.aem4f : BIOS.obj (.text:ti_sysbios_knl_Task_exit__E)
                  0001a340    00000093     project_zero.obj (.text:ProjectZero_processCmdCompleteEvt)
                  0001a3d3    00000001     --HOLE-- [fill = 0]
                  0001a3d4    00000092     gap_pxxx_coc.a : linkdb.o (.text)
                  0001a466    00000092     ll_pxxx.a : ll_common.o (.text)
                  0001a4f8    00000090     project_zero.obj (.text:ProjectZero_sendParamUpdate)
                  0001a588    00000090     rf_multiMode_cc26x2_v1.aem4f : RFCC26X2_multiMode.oem4f (.text:RF_discardPendCmd)
                  0001a618    00000090     gattservapp_util.obj (.text:gattServApp_SendNotiInd)
                  0001a6a8    00000090     hci_pxxx.a : hci_event.o (.text)
                  0001a738    00000090     ll_pxxx.a : ll_ecc.o (.text)
                  0001a7c8    00000090     sm_pxxx_coc.a : sm_pairing.o (.text)
                  0001a858    00000090                   : sm_pairing.o (.text)
[...]
20002a87  indTaskId                                                              
20002a88  reqTaskId                                                              
20002a89  gattAppTaskID                                                          
20002a8a  flowCtrlTaskId                                                         
20002a8b  flowCtrlFwdTaskId                                                      
20002a8c  maxSupportedAdvSets                                                    
20002a8d  aeSlaveSCA                                                             
20002a8e  rfRatHandle                                                            
20002a91  periPrivacyFlag                                                        
20002a92  deviceNameCharProps                                                    
20002a93  appearanceCharProps                                                    
20002a94  periConnParamCharProps                                                 
20002a95  resolvablePrivateAddressOnlyCharProps                                  
20002a96  serviceChangedCharProps                                                
20002a97  appTaskID                                                              
20002b00  ti_sysbios_heaps_HeapMem_Instance_State_0_buf__A                       
2000a030  appTaskStack                                                           
2000a830  pzTask                                                                 
2000a880  ti_uia_loggers_LoggerStopMode_Instance_State_1_packetArray__A          
2000b080  uartLog_evBuf                                                          
2000b580  ti_sysbios_knl_Task_Instance_State_0_stack__A                          
2000b880  xdc_runtime_SysMin_Module_State_0_outbuf__A                            
2000bb80  uartCC26XXObjects                                                      
2000be00  ti_uia_loggers_LoggerStopMode_Instance_State_0_packetArray__A          
2000c1c0  spiCC26X2DMAObjects                                                    
2000c360  __CIOBUF_                                                              
2000c480  crcBuf                                                                 
2000c580  ti_sysbios_family_arm_m3_Hwi_dispatchTable                             
2000c658  rfObject                                                               
2000c720  uartLog_outBuf                                                         
2000c7cc  pinHandleTable                                                         
2000c910  ecdhCC26X2Objects                                                      
2000c964  aesccmCC26XXObjects                                                    
2000c9b0  aesecbCC26XXObjects                                                    
2000ca44  aeCBackTbl                                                             
2000ca88  localEccKeys                                                           
2000cb0c  uartCC26XXRingBuffer                                                   
2000cb84  advDataEntry                                                           
2000cc58  linkCBs                                                                
2000cc88  l2capFixedChannels                                                     
2000ccb8  nvFptrs                                                                
2000cd00  ti_uia_loggers_LoggerStopMode_Instance_State_0_hdr__A                  
2000cd80  ti_uia_loggers_LoggerStopMode_Instance_State_1_hdr__A                  
2000cdf8  rfSetup                                                                
2000ce1c  operationCCM                                                           
2000cea8  localPrivKeyMaterial                                                   
2000cec8  enckey                                                                 
2000cf28  udmaObjects                                                            
2000cf80  gapParams                                                              
2000cf9c  trxTestCmd                                                             
2000cff0  CryptoResourceCC26XX_accessSemaphore                                   
2000d00c  CryptoResourceCC26XX_hwi                                               
2000d028  CryptoResourceCC26XX_operationSemaphore                                
2000d044  PKAResourceCC26XX_accessSemaphore                                      
2000d060  PKAResourceCC26XX_hwi                                                  
2000d07c  PKAResourceCC26XX_operationSemaphore                                   
2000d0b3  att_sendRspOnly                                                        
2000d0b4  deviceName                                                             
2000d0cc  rsp                                                                    
2000d160  connOutput                                                             
2000d174  deviceFeatureSet                                                       
2000d1d4  gapConfig_SRK                                                          
2000d1e4  advDataQueue                                                           
2000d1f4  eccParams                                                              
2000d204  localPrivateKey                                                        
2000d214  localPublicKey                                                         
2000d224  remotePublicKey                                                        
2000d234  sharedSecret                                                           
2000d244  operationComputeSharedSecret                                           
2000d254  cryptoKey                                                              
2000d264  operationECB                                                           
2000d274  encParamsCCM                                                           
2000d284  encParamsECB                                                           
2000d2b4  timerHead                                                              
2000d2b8  osal_last_timestamp                                                    
2000d320  operationGeneratePublicKey                                             
2000d32c  cachedTRNGdata                                                         
2000d338  llTaskList                                                             
2000d35c  nvsSPI25XObjects                                                       
2000d370  gapCurrentRandomAddr                                                   
2000d378  slaveUpdateReq                                                         
2000d380  pHciEvtMask                                                            
2000d388  pBleEvtMask                                                            
2000d390  pHciEvtMask2                                                           
2000d398  ownRandomAddr                                                          
2000d3a0  llConns                                                                
2000d3a8  ownPublicAddr                                                          
2000d3b0  verInfo                                                                
2000d3b8  ownSavedPublicAddr                                                     
2000d3c0  rfEvent                                                                
2000d3c8  llConnEvtNotice                                                        
2000d3d0  privInfo                                                               
2000d3e0  gattReTxList                                                           
2000d3f8  parmbuf                                                                
2000d400  attClientNotifyTxCB                                                    
2000d404  attServerNotifyTxCB                                                    
2000d418  pGapAdvHostInfo                                                        
2000d41c  connEvtCB                                                              
2000d420  pfnPeripheralConnCBs                                                   
2000d424  pAuthLink                                                              
2000d428  pfnCentralConnCBs                                                      
2000d42c  pGapPeripheralConnCBs                                                  
2000d430  pfnBondMgrCBs                                                          
2000d434  linkDB                                                                 
2000d438  clientInfoTbl                                                          
2000d43c  pServiceList                                                           
2000d440  serverInfoTbl                                                          
2000d444  pfnClientProcessMsgCB                                                  
2000d448  pfnServerProcessMsgCB                                                  
2000d450  l2capPsm                                                               
2000d454  l2capChannels                                                          
2000d458  linkParam                                                              
2000d45c  linkCmd                                                                
2000d460  rxDataQ                                                                
2000d464  txDataQ                                                                
2000d468  rxRingBuf                                                              
2000d46c  taskEndAction                                                          
2000d470  trngDrvTblPtr                                                          
2000d474  rfDrvTblPtr                                                            
2000d478  rfHandle                                                               
2000d47c  SysBootMsg                                                             
2000d480  sclkSrc                                                                
2000d484  eccDrvTblPtr                                                           
2000d488  cryptoDrvTblPtr                                                        
2000d48c  rtosApiTblPtr                                                          
2000d490  pRfPathComp                                                            
2000d494  activeConns                                                            
2000d498  dtmInfo                                                                
2000d49c  advSetList                                                             
2000d4a0  ecdhHandle                                                             
2000d4a4  operationResult                                                        
2000d4a8  encHandleECB                                                           
2000d4ac  encHandleCCM                                                           
2000d4b0  resolvingList                                                          
2000d4b4  wlTable                                                                
2000d4b8  wlTableScan                                                            
2000d4c0  ggs_AppCBs                                                             
2000d4c4  indCharCfg                                                             
2000d4c8  serviceCBsList                                                         
2000d4cc  prepareWritesTbl                                                       
2000d4d0  pAttrValue                                                             
2000d4d4  pfnResponderCBs                                                        
2000d4d8  pPairingParams                                                         
2000d4dc  pfnInitiatorCBs                                                        
2000d4e0  pSmResponderCBs                                                        
2000d4ec  ClockP_tickPeriod                                                      
2000d4f0  PowerCC26XX_swiKey                                                     
2000d4f4  PowerCC26XX_taskKey                                                    
2000d4f8  nvsCC26xxObjects                                                       
2000d4fc  tasksEvents                                                            
2000d500  trngCC26XXObjects                                                      
2000d504  numHostBufs                                                            
2000d506  supportedMaxTxOctets                                                   
2000d508  supportedMaxTxTime                                                     
2000d50a  connInitialMaxTxOctets                                                 
2000d50c  connInitialMaxTxTime                                                   
2000d50e  rfCmdHandle                                                            
2000d510  buildInfo                                                              
2000d512  rfCfgAdiVal                                                            
2000d514  postRfOperations                                                       
2000d516  connInitialMaxTxTimeUncoded                                            
2000d518  connInitialMaxTxTimeCoded                                              
2000d51a  supportedMaxRxOctets                                                   
2000d51c  supportedMaxRxTime                                                     
2000d51e  taskEndStatus                                                          
2000d522  appearance                                                             
2000d524  attrLen                                                                
2000d526  advInit                                                                
2000d527  updateState                                                            
2000d528  advCount                                                               
2000d529  gapDeviceAddrMode                                                      
2000d52a  gapProfileRole                                                         
2000d52b  gapState                                                               
2000d52c  terminateReason                                                        
2000d52d  gapTaskID                                                              
2000d52e  linkDBNumConns                                                         
2000d52f  linkDB_secureConnectionOnlyMode                                        
2000d530  gattNumConns                                                           
2000d531  gattTaskID                                                             
2000d532  hciPTMenabled                                                          
2000d533  ctrlToHostEnable                                                       
2000d534  hciSmpTaskID                                                           
2000d535  hciGapTaskID                                                           
2000d536  hciTaskID                                                              
2000d537  hciTestTaskID                                                          
2000d538  hciL2capTaskID                                                         
2000d539  l2capFlowCtrlMode                                                      
2000d53a  l2cap_gattServAppTaskID                                                
2000d53b  l2capTaskID                                                            
2000d53c  l2capNumCoChannels                                                     
2000d53d  l2capNumPSM                                                            
2000d53e  l2capNumChannels                                                       
2000d53f  l2capNumDataPkts                                                       
2000d541  l2capId                                                                
2000d542  llState                                                                
2000d543  maxNumConns                                                            
2000d544  LL_TaskID                                                              
2000d545  curTxPowerVal                                                          
2000d546  maxPduSize                                                             
2000d547  maxNumTxDataBufs                                                       
2000d548  onePktPerEvt                                                           
2000d54a  rfFeModeBias                                                           
2000d54b  maxTxPwrForDTM                                                         
2000d54c  numTxDataBufs                                                          
2000d54d  defaultPhy                                                             
2000d54e  numComplPkts                                                           
2000d54f  numComplPktsLimit                                                      
2000d550  numComplPktsFlush                                                      
2000d551  fastTxRespTime                                                         
2000d552  slOverride                                                             
2000d553  rxFifoFlowCtrl                                                         
2000d554  scanReqRpt                                                             
2000d555  rssiCorrection                                                         
2000d556  aeCurAdvEnableHandle                                                   
2000d557  aeCurHandle                                                            
2000d558  aeCurConnHandle                                                        
2000d559  wlSize                                                                 
2000d55a  rlSize                                                                 
2000d55b  resolvablePrivateAddressOnly                                           
2000d55c  GATTServApp_TaskID                                                     
2000d55d  maxNumPrepareWrites                                                    
2000d55e  smTaskID                                                               
2000d55f  SM_appExpectingKey                                                     
2000d560  driverlib_release_0_52354                                              
2000d561  icall_liteTaskId                                                       
2000d562  osal_entity                                                            
2000d563  heapStart                                                              
200130f8  __stack                                                                
200130f8  heapEnd                                                                
200134f8  __STACK_END                                                            
200134f8  __STACK_TOP                                                            
e000e000  ti_sysbios_family_arm_m3_Hwi_nvic                                      
ffffffff  __TI_pprof_out_hndl                                                    
ffffffff  __TI_prof_data_size                                                    
ffffffff  __TI_prof_data_start                                                   
ffffffff  __binit__                                                              
ffffffff  __c_args__                                                             
ffffffff  binit                                                                  
UNDEFED   SHT$$INIT_ARRAY$$Base                                                  
UNDEFED   SHT$$INIT_ARRAY$$Limit                                                 

[2391 symbols]
